02-24 20:47:26.601 17297 17297 I GlobeKeyExtension: GlobeKeyExtension.onDeactivate():144 
02-24 20:47:26.601 17297 17297 W TooltipLifecycleManager: TooltipLifecycleManager.dismissTooltips():153 Tooltip with id SUGGESTION_VIEW_EDU_MINI_DIALOG not found in tooltipManager.
02-24 20:47:26.602 17297 17297 I VoiceInputManagerWrapper: VoiceInputManagerWrapper.shutdown():131 shutdown()
02-24 20:47:26.604 17297 17297 I PkModeUpdater: PkModeUpdater.onActivate():74 onActivate false true
02-24 20:47:26.604 17297 17297 I AccessoryInputModeManager: AccessoryInputModeManager.onModeStarted():324 Accessory input mode started: null
02-24 20:47:26.605 17297 17297 W SupplementaryKeyboardsWrapper: SupplementaryKeyboardsWrapper.deactivateKeyboard():162 keyboard accessory_candidates_consumer is not activated before!
02-24 20:47:26.606 17297 17297 I KeyboardModeUtils: KeyboardModeUtils.getKeyboardBottomOffset():435 inch: 0.000000 ydpi: 389.466003 adjustKeyboardBottomByDisplaySize: false currentDensityDpi: 440 defaultDensityDpi: 440 keyboardBottomToScreenPx: 0 keyboardBottomToNavBarPx: -132 navBarHeight: 132
02-24 20:47:26.606 17297 17297 I BaseKeyboardSizeHelper: BaseKeyboardSizeHelper.calculateMaxKeyboardBodyHeight():73 leave 267 height for app when ime window height:2155, header height:121 and isFullscreenMode:false, so the max keyboard body height is:1767
02-24 20:47:26.606 17297 17297 I BaseKeyboardSizeHelper: BaseKeyboardSizeHelper.calculateMaxKeyboardBodyHeight():73 leave 267 height for app when ime window height:2155, header height:121 and isFullscreenMode:false, so the max keyboard body height is:1767
02-24 20:47:26.607 17297 17297 I AndroidIME: KeyboardViewManager.updateKeyboardBottomFrame():489 Set bottomFrameHeight = 5 while holderPaddingBottom = 5; navigationHeight = 132
02-24 20:47:26.607 17297 17297 I BaseKeyboardSizeHelper: BaseKeyboardSizeHelper.calculateMaxKeyboardBodyHeight():73 leave 267 height for app when ime window height:2155, header height:121 and isFullscreenMode:false, so the max keyboard body height is:1767
02-24 20:47:26.607 17297 17297 I BaseKeyboardSizeHelper: BaseKeyboardSizeHelper.calculateMaxKeyboardBodyHeight():73 leave 267 height for app when ime window height:2155, header height:121 and isFullscreenMode:false, so the max keyboard body height is:1767
02-24 20:47:26.607 17297 17297 W ExtensionWrapper: ExtensionWrapper.setExtensionViewVisibility():876 interface nac is not activate
02-24 20:47:26.610 17297 17297 I LanguagePromoExtension: LanguagePromoExtension.checkDisplayPreconditions():171 Not show language promo: exceeds the max display times.
02-24 20:47:26.610 17297 17297 I NewLanguagePromptExtension: NewLanguagePromptExtension.onActivate():189 Not activated NewLanguagePromptExtension: not a normal text input box.
02-24 20:47:26.611 17297 17297 I GlobeKeyExtension: GlobeKeyExtension.onActivate():120 
02-24 20:47:26.611 17297 17297 I VoiceInputManagerWrapper: VoiceInputManagerWrapper.cancelShutdown():109 cancelShutdown()
02-24 20:47:26.612 17297 17297 I VoiceInputManagerWrapper: VoiceInputManagerWrapper.syncLanguagePacks():121 syncLanguagePacks()
02-24 20:47:26.612 17297 17297 I VoiceInputManager: VoiceInputManager.onKeyboardActivated():1215 onKeyboardActivated() [UD]
02-24 20:47:26.612 17297 23672 I SpeechFactory: SpeechRecognitionFactory.maybeScheduleAutoPackDownloadForFallback():217 maybeScheduleAutoPackDownloadForFallback()
02-24 20:47:26.612 17297 23672 I FallbackOnDeviceRecognitionProvider: FallbackOnDeviceRecognitionProvider.maybeScheduleAutoPackDownload():213 maybeScheduleAutoPackDownload() for language tag en-US
02-24 20:47:26.613 17297 17297 I Module  : DeviceLockedStatusModuleProvider$Module.updateDeviceLockedStatus():103 repeatCheckTimes = 1, locked = false
02-24 20:47:26.614 17297 17297 I StylusModule: StylusModule.onUpdateToolType():774 Update tool type = 1
02-24 20:47:26.617 17297 17297 I WindowMetricsNotification: WindowMetricsNotification.notifyWithWindow():166 
02-24 20:47:26.617 17297 17297 I WindowMetricsNotification: WindowMetricsNotification.notify():159 qjg[bounds=Rect(0, 105 - 1080, 2392), insets=Rect(0, 0 - 0, 132), densityDpi=440, smallestScreenWidthDp=393, displayWidth=1080, displayHeight=2392, xdpi=391.885, ydpi=389.466, isTrustable=true, displayId=0]; DisplayMetrics{density=2.75, width=1080, height=2392, scaledDensity=2.75, xdpi=391.885, ydpi=389.466}
02-24 20:47:26.620 22980 22980 I ImeTracker: com.chizze.app:4988550d: onCancelled at PHASE_CLIENT_APPLY_ANIMATION
02-24 20:47:26.621 17297 17297 I StylusModule: StylusModule.onUpdateToolType():774 Update tool type = 1
02-24 20:47:26.622 17297 17297 I GoogleInputMethodService: GoogleInputMethodService$1.onKeyboardViewShown():331 onKeyboardViewShown: keyboardType=prime, keyboardViewType=HEADER keyboardView=com.google.android.libraries.inputmethod.widgets.SoftKeyboardView{a5ccb72 V.E...... ........ 0,0-1080,121}
02-24 20:47:26.622 17297 17297 I BaseKeyboardSizeHelper: BaseKeyboardSizeHelper.calculateMaxKeyboardBodyHeight():73 leave 267 height for app when ime window height:2155, header height:121 and isFullscreenMode:false, so the max keyboard body height is:1767
02-24 20:47:26.623 17297 17297 I GoogleInputMethodService: GoogleInputMethodService$1.onKeyboardViewShown():331 onKeyboardViewShown: keyboardType=prime, keyboardViewType=BODY keyboardView=com.google.android.libraries.inputmethod.widgets.SoftKeyboardView{1be0794 V.E...... ........ 0,0-1080,580}
02-24 20:47:26.623 17297 17297 I BaseKeyboardSizeHelper: BaseKeyboardSizeHelper.calculateMaxKeyboardBodyHeight():73 leave 267 height for app when ime window height:2155, header height:121 and isFullscreenMode:false, so the max keyboard body height is:1767
02-24 20:47:26.623 17297 17297 I GlobeKeyExtension: GlobeKeyExtension$1.onKeyboardViewShown():72 maybeDisableLanguageSwitchKeyPref when the keyboard is shown
02-24 20:47:26.623 17297 17297 I GlobeKeyExtension: GlobeKeyExtension.maybeDisableLanguageSwitchKeyPref():200 maybeDisableLanguageSwitchKeyPref hasGlobeKeyBeenDisabled: false, shouldDisableLanguageSwitchKey: false
02-24 20:47:26.623 17297 17297 I NewLanguagePromptExtension: NewLanguagePromptExtension$1.onKeyboardViewShown():88 Not show new language banner: not prime keyboard, or the extension not activated.
02-24 20:47:26.623 17297 17297 I KeyboardModeUtils: KeyboardModeUtils.getKeyboardBottomOffset():435 inch: 0.000000 ydpi: 389.466003 adjustKeyboardBottomByDisplaySize: false currentDensityDpi: 440 defaultDensityDpi: 440 keyboardBottomToScreenPx: 0 keyboardBottomToNavBarPx: -132 navBarHeight: 132
02-24 20:47:26.623 17297 17297 I BaseKeyboardSizeHelper: BaseKeyboardSizeHelper.calculateMaxKeyboardBodyHeight():73 leave 267 height for app when ime window height:2155, header height:121 and isFullscreenMode:false, so the max keyboard body height is:1767
02-24 20:47:26.623 17297 17297 I BaseKeyboardSizeHelper: BaseKeyboardSizeHelper.calculateMaxKeyboardBodyHeight():73 leave 267 height for app when ime window height:2155, header height:121 and isFullscreenMode:false, so the max keyboard body height is:1767
02-24 20:47:26.624 17297 17297 I AndroidIME: KeyboardViewManager.updateKeyboardBottomFrame():489 Set bottomFrameHeight = 5 while holderPaddingBottom = 5; navigationHeight = 132
02-24 20:47:26.628 22980 22980 I ImeTracker: com.chizze.app:49eba776: onCancelled at PHASE_CLIENT_APPLY_ANIMATION
02-24 20:47:26.893 17297 17297 W TooltipLifecycleManager: TooltipLifecycleManager.dismissTooltips():153 Tooltip with id SUGGESTION_VIEW_EDU_MINI_DIALOG not found in tooltipManager.
02-24 20:47:26.916 22980 22980 I ImeTracker: com.chizze.app:7b1d5646: onRequestShow at ORIGIN_CLIENT reason SHOW_SOFT_INPUT fromUser false
02-24 20:47:26.922 17297 17297 I GoogleInputMethodService: GoogleInputMethodService.onStartInput():1384 onStartInput(EditorInfo{EditorInfo{packageName=com.chizze.app, inputType=2, inputTypeString=Number, enableLearning=false, autoCorrection=false, autoComplete=false, imeOptions=2000006, privateImeOptions=null, actionName=DONE, actionLabel=null, initialSelStart=-1, initialSelEnd=-1, initialCapsMode=0, label=null, fieldId=1, fieldName=null, extras=Bundle[mParcelledData.dataSize=168], hintText=null, hintLocales=[]}}, true)
02-24 20:47:26.922 17297 17297 W SessionManager: SessionManager.beginSession():53 Try to begin an already begun session [INPUT_SESSION], end it first
02-24 20:47:26.922 17297 17297 W SessionManager: SessionManager.endSession():96 Child session [INPUT_VIEW_SESSION] is not ended while ending session [{INPUT_VIEW_SESSION=1771946246576, IME_SESSION=1771946246593, INPUT_SESSION=1771946246573}], ending it now.
02-24 20:47:26.922 17297 17297 W SessionManager: SessionManager.endSession():96 Child session [IME_SESSION] is not ended while ending session [{INPUT_VIEW_SESSION=1771946246576, IME_SESSION=1771946246593, INPUT_SESSION=1771946246573}], ending it now.
02-24 20:47:26.924 17297 17297 I Module  : DeviceLockedStatusModuleProvider$Module.updateDeviceLockedStatus():103 repeatCheckTimes = 1, locked = false
02-24 20:47:26.925 17297 17297 I GoogleInputMethodService: GoogleInputMethodService.onStartInputView():1472 onStartInputView(EditorInfo{EditorInfo{packageName=com.chizze.app, inputType=2, inputTypeString=Number, enableLearning=false, autoCorrection=false, autoComplete=false, imeOptions=2000006, privateImeOptions=null, actionName=DONE, actionLabel=null, initialSelStart=-1, initialSelEnd=-1, initialCapsMode=0, label=null, fieldId=1, fieldName=null, extras=Bundle[{androidx.core.view.inputmethod.EditorInfoCompat.STYLUS_HANDWRITING_ENABLED=true}], hintText=null, hintLocales=[]}}, true)
02-24 20:47:26.925 17297 17297 W SessionManager: SessionManager.endSession():88 Try to end a not begun session [IME_SESSION].
02-24 20:47:26.926 17297 17297 I KeyboardHeightUtil: KeyboardHeightUtil.getOemKeyboardHeightRatio():81 systemKeyboardHeightRatio:1.000000.
02-24 20:47:26.928 17297 17976 W ModuleManager: ModuleManager.loadModule():578 Module pdt is not available
02-24 20:47:26.932 22980 22980 I ImeTracker: com.chizze.app:9084c581: onRequestShow at ORIGIN_CLIENT reason SHOW_SOFT_INPUT fromUser false
02-24 20:47:26.940 17297 17297 I InputContextChangeTracker: InputContextChangeTracker.fixLyingSelectionRangeFromSurroundingText():1678 fixLyingSelectionRangeFromSurroundingText(): [-1, -1]([-1, -1]) -> [0, 0]([0, 0])
02-24 20:47:26.941 17297 17297 I AndroidIME: InputBundleManager.loadActiveInputBundleId():531 loadActiveInputBundleId: und-Latn-x-number, number
02-24 20:47:26.941 17297 17297 I KeyboardWrapper: KeyboardWrapper.activateKeyboard():582 activateKeyboard(): type=prime, status=INACTIVE, imeDef=nkh{stringId=number, language=und-Latn-x-number, languageTag=und-Latn-x-number, processedConditions={}, className=com.google.android.libraries.inputmethod.ime.DummyIme, label=2132019268, keyEventInterpreter=null, inlineComposing=true, autoCapital=false, announceAutoSelectedCandidate=false, statusIcon=0, indicatorIcon=0, indicatorLabel=null, displayAppCompletions=false, extraValues=nka{}, processors=nlz@d5df8bc, unacceptableMetaKeys=4098, languageSpecificSettings=0, asciiCapable=false, alwaysShowSuggestions=false, useAsciiPasswordKeyboard=false, keyboardGroupDef=nli@600339a, phenotypeFlagId=0, localizationLanguageTag=null, supportsInlineSuggestion=false}
02-24 20:47:26.941 17297 17297 I KeyboardManager: KeyboardManager.requestKeyboard():249 Creating keyboard prime, imeId=number, cacheKey=theme,!gsf,!pgsans,!pgsf,!use_system_font,BORDER,FLAVOR_DPI=XXHDPI,KEYBOARD_WIDTH_CATEGORY=NORMAL,KEY_BORDER_SHAPE=1,LIGHT_THEME=false,PHYSICAL_DIAGONAL=5.748144,POPUP,SCREEN_SHORTEST_WIDTH=393,SCREEN_SHORTEST_WIDTH_NO_SCALE=393,XXHDPI,bottom4dp,enable_popup_on_keypress=true,keyboard_redesign_google_sans=true,non_linear_scale,noshadow,overlay_builtin_dynamic_color_dark_base.binarypb:gm3-dark-ff121318-ffb7caff-03739404f1189b28aed05fb048a8b8af,silkpopup
02-24 20:47:26.942 17297 17297 I KeyboardWrapper: KeyboardWrapper.onKeyboardReady():224 onKeyboardReady(): type=prime(prime), kb=com.google.android.apps.inputmethod.latin.keyboard.LatinNumberKeyboard@3c847de
02-24 20:47:26.942 17297 17297 I KeyboardWrapper: KeyboardWrapper.doActivateKeyboard():612 doActivateKeyboard(): prime
02-24 20:47:26.945 17297 17297 I BaseKeyboardSizeHelper: BaseKeyboardSizeHelper.calculateMaxKeyboardBodyHeight():73 leave 267 height for app when ime window height:2155, header height:121 and isFullscreenMode:false, so the max keyboard body height is:1767
02-24 20:47:26.945 17297 17297 W TooltipLifecycleManager: TooltipLifecycleManager.dismissTooltips():153 Tooltip with id undo_access_point_promotion_banner not found in tooltipManager.
02-24 20:47:26.945 17297 17297 I GlobeKeyExtension: GlobeKeyExtension.getKeyboardInitialStates():175 
02-24 20:47:26.946 17297 17297 W Keyboard: Keyboard.getKeyboardViewHelper():604 null helper is returned: keyboardDef=nlc{processedConditions={language=en-US, deprecate_long_press_space_for_ime_picker=false, show_suggestion_strip=true, device=phone, expressions=normal, layout_9key_split=false}, globalConditions={global_theme_key=theme,!gsf,!pgsans,!pgsf,!use_system_font,BORDER,FLAVOR_DPI=XXHDPI,KEYBOARD_WIDTH_CATEGORY=NORMAL,KEY_BORDER_SHAPE=1,LIGHT_THEME=false,PHYSICAL_DIAGONAL=5.748144,POPUP,SCREEN_SHORTEST_WIDTH=393,SCREEN_SHORTEST_WIDTH_NO_SCALE=393,XXHDPI,bottom4dp,enable_popup_on_keypress=true,keyboard_redesign_google_sans=true,non_linear_scale,noshadow,overlay_builtin_dynamic_color_dark_base.binarypb:gm3-dark-ff121318-ffb7caff-03739404f1189b28aed05fb048a8b8af,silkpopup, global_locale=en_US, global_density_dpi=440, global_orientation=1}, className=.latin.keyboard.LatinNumberKeyboard, resourceIds=[#0x7f170869], initialStates=0, keyboardViewDefs=[nlq{direction=LOCALE, id=#0x7f0b0225, isScalable=false, layoutId=#0x7f0e0516, type=HEADER, touchable=true, defaultShow=true}, nlq{direction=null, id=#0x7f0b0225, isScalable=true, layoutId=#0x7f0e056e, type=BODY, touchable=true, defaultShow=true}], persistentStates=0, persistentStatesPrefKey=null, popupBubbleLayoutId=#0x7f0e0604, recentKeyLayoutId=#0x0, recentKeyPopupLayoutId=#0x0, recentKeyType=null, rememberRecentKey=NONE, sessionStates=0}, type=FLOATING_CANDIDATES, helpersCreated={HEADER=mwp@5eba0c6, BODY=mwp@f73f887}, context.getResources().getConfiguration(): {1.0 405mcc857mnc [en_US] ldltr sw393dp w393dp h808dp 440dpi nrml long hdr widecg port night finger -keyb/v/h -nav/h winConfig={ mBounds=Rect(0, 0 - 1080, 2392) mAppBounds=Rect(0, 103 - 1080, 2326) mMaxBounds=Rect(0, 0 - 1080, 2392) mDisplayRotation=ROTATION_0 mWindowingMode=fullscreen mActivityType=undefined mAlwaysOnTop=undefined mRotation=ROTATION_0 isEmbedding:false} s.30624 fontWeightAdjustment=0 themeId=2 themeParameter=0 nightModeLevel = -1 typefaceChanged=0.0 ?spacesystem eaMode=1}
02-24 20:47:26.946 17297 17297 W Keyboard: Keyboard.getKeyboardViewHelper():604 null helper is returned: keyboardDef=nlc{processedConditions={language=en-US, deprecate_long_press_space_for_ime_picker=false, show_suggestion_strip=true, device=phone, expressions=normal, layout_9key_split=false}, globalConditions={global_theme_key=theme,!gsf,!pgsans,!pgsf,!use_system_font,BORDER,FLAVOR_DPI=XXHDPI,KEYBOARD_WIDTH_CATEGORY=NORMAL,KEY_BORDER_SHAPE=1,LIGHT_THEME=false,PHYSICAL_DIAGONAL=5.748144,POPUP,SCREEN_SHORTEST_WIDTH=393,SCREEN_SHORTEST_WIDTH_NO_SCALE=393,XXHDPI,bottom4dp,enable_popup_on_keypress=true,keyboard_redesign_google_sans=true,non_linear_scale,noshadow,overlay_builtin_dynamic_color_dark_base.binarypb:gm3-dark-ff121318-ffb7caff-03739404f1189b28aed05fb048a8b8af,silkpopup, global_locale=en_US, global_density_dpi=440, global_orientation=1}, className=.latin.keyboard.LatinNumberKeyboard, resourceIds=[#0x7f170869], initialStates=0, keyboardViewDefs=[nlq{direction=LOCALE, id=#0x7f0b0225, isScalable=false, layoutId=#0x7f0e0516, type=HEADER, touchable=true, defaultShow=true}, nlq{direction=null, id=#0x7f0b0225, isScalable=true, layoutId=#0x7f0e056e, type=BODY, touchable=true, defaultShow=true}], persistentStates=0, persistentStatesPrefKey=null, popupBubbleLayoutId=#0x7f0e0604, recentKeyLayoutId=#0x0, recentKeyPopupLayoutId=#0x0, recentKeyType=null, rememberRecentKey=NONE, sessionStates=0}, type=WIDGET, helpersCreated={HEADER=mwp@5eba0c6, BODY=mwp@f73f887}, context.getResources().getConfiguration(): {1.0 405mcc857mnc [en_US] ldltr sw393dp w393dp h808dp 440dpi nrml long hdr widecg port night finger -keyb/v/h -nav/h winConfig={ mBounds=Rect(0, 0 - 1080, 2392) mAppBounds=Rect(0, 103 - 1080, 2326) mMaxBounds=Rect(0, 0 - 1080, 2392) mDisplayRotation=ROTATION_0 mWindowingMode=fullscreen mActivityType=undefined mAlwaysOnTop=undefined mRotation=ROTATION_0 isEmbedding:false} s.30624 fontWeightAdjustment=0 themeId=2 themeParameter=0 nightModeLevel = -1 typefaceChanged=0.0 ?spacesystem eaMode=1}
02-24 20:47:26.947 17297 17297 I AndroidIME: InputBundleManager.startInput():361 startInput() with nlm[keyboardType=prime, payload=null]
02-24 20:47:26.948 17297 17297 I GlobeKeyExtension: GlobeKeyExtension.onDeactivate():144 
02-24 20:47:26.948 17297 17297 W TooltipLifecycleManager: TooltipLifecycleManager.dismissTooltips():153 Tooltip with id SUGGESTION_VIEW_EDU_MINI_DIALOG not found in tooltipManager.
02-24 20:47:26.948 17297 17297 I VoiceInputManagerWrapper: VoiceInputManagerWrapper.shutdown():131 shutdown()
02-24 20:47:26.950 17297 17297 I PkModeUpdater: PkModeUpdater.onActivate():74 onActivate false true
02-24 20:47:26.951 17297 17297 I AccessoryInputModeManager: AccessoryInputModeManager.onModeStarted():324 Accessory input mode started: null
02-24 20:47:26.951 17297 17297 W SupplementaryKeyboardsWrapper: SupplementaryKeyboardsWrapper.deactivateKeyboard():162 keyboard accessory_candidates_consumer is not activated before!
02-24 20:47:26.952 17297 17297 I KeyboardModeUtils: KeyboardModeUtils.getKeyboardBottomOffset():435 inch: 0.000000 ydpi: 389.466003 adjustKeyboardBottomByDisplaySize: false currentDensityDpi: 440 defaultDensityDpi: 440 keyboardBottomToScreenPx: 0 keyboardBottomToNavBarPx: -132 navBarHeight: 132
02-24 20:47:26.952 17297 17297 I BaseKeyboardSizeHelper: BaseKeyboardSizeHelper.calculateMaxKeyboardBodyHeight():73 leave 267 height for app when ime window height:2155, header height:121 and isFullscreenMode:false, so the max keyboard body height is:1767
02-24 20:47:26.952 17297 17297 I BaseKeyboardSizeHelper: BaseKeyboardSizeHelper.calculateMaxKeyboardBodyHeight():73 leave 267 height for app when ime window height:2155, header height:121 and isFullscreenMode:false, so the max keyboard body height is:1767
02-24 20:47:26.953 17297 17297 I AndroidIME: KeyboardViewManager.updateKeyboardBottomFrame():489 Set bottomFrameHeight = 5 while holderPaddingBottom = 5; navigationHeight = 132
02-24 20:47:26.953 17297 17297 I BaseKeyboardSizeHelper: BaseKeyboardSizeHelper.calculateMaxKeyboardBodyHeight():73 leave 267 height for app when ime window height:2155, header height:121 and isFullscreenMode:false, so the max keyboard body height is:1767
02-24 20:47:26.953 17297 17297 I BaseKeyboardSizeHelper: BaseKeyboardSizeHelper.calculateMaxKeyboardBodyHeight():73 leave 267 height for app when ime window height:2155, header height:121 and isFullscreenMode:false, so the max keyboard body height is:1767
02-24 20:47:26.953 17297 17297 W ExtensionWrapper: ExtensionWrapper.setExtensionViewVisibility():876 interface nac is not activate
02-24 20:47:26.957 17297 17297 I LanguagePromoExtension: LanguagePromoExtension.checkDisplayPreconditions():171 Not show language promo: exceeds the max display times.
02-24 20:47:26.958 17297 17297 I NewLanguagePromptExtension: NewLanguagePromptExtension.onActivate():189 Not activated NewLanguagePromptExtension: not a normal text input box.
02-24 20:47:26.958 17297 17297 I GlobeKeyExtension: GlobeKeyExtension.onActivate():120 
02-24 20:47:26.959 17297 17297 I VoiceInputManagerWrapper: VoiceInputManagerWrapper.cancelShutdown():109 cancelShutdown()
02-24 20:47:26.959 17297 17297 I VoiceInputManagerWrapper: VoiceInputManagerWrapper.syncLanguagePacks():121 syncLanguagePacks()
02-24 20:47:26.959 17297 17297 I VoiceInputManager: VoiceInputManager.onKeyboardActivated():1215 onKeyboardActivated() [UD]
02-24 20:47:26.959 17297 23672 I SpeechFactory: SpeechRecognitionFactory.maybeScheduleAutoPackDownloadForFallback():217 maybeScheduleAutoPackDownloadForFallback()
02-24 20:47:26.959 17297 23672 I FallbackOnDeviceRecognitionProvider: FallbackOnDeviceRecognitionProvider.maybeScheduleAutoPackDownload():213 maybeScheduleAutoPackDownload() for language tag en-US
02-24 20:47:26.960 17297 17297 I Module  : DeviceLockedStatusModuleProvider$Module.updateDeviceLockedStatus():103 repeatCheckTimes = 1, locked = false
02-24 20:47:26.961 17297 17297 I StylusModule: StylusModule.onUpdateToolType():774 Update tool type = 1
02-24 20:47:26.971 17297 17297 I WindowMetricsNotification: WindowMetricsNotification.notifyWithWindow():166 
02-24 20:47:26.971 17297 17297 I WindowMetricsNotification: WindowMetricsNotification.notify():159 qjg[bounds=Rect(0, 105 - 1080, 2392), insets=Rect(0, 0 - 0, 132), densityDpi=440, smallestScreenWidthDp=393, displayWidth=1080, displayHeight=2392, xdpi=391.885, ydpi=389.466, isTrustable=true, displayId=0]; DisplayMetrics{density=2.75, width=1080, height=2392, scaledDensity=2.75, xdpi=391.885, ydpi=389.466}
02-24 20:47:26.973 22980 22980 I ImeTracker: com.chizze.app:7b1d5646: onCancelled at PHASE_CLIENT_APPLY_ANIMATION
02-24 20:47:26.978 17297 17297 I StylusModule: StylusModule.onUpdateToolType():774 Update tool type = 1
02-24 20:47:26.979 17297 17297 I GoogleInputMethodService: GoogleInputMethodService$1.onKeyboardViewShown():331 onKeyboardViewShown: keyboardType=prime, keyboardViewType=HEADER keyboardView=com.google.android.libraries.inputmethod.widgets.SoftKeyboardView{a5ccb72 V.E...... ........ 0,0-1080,121}
02-24 20:47:26.979 17297 17297 I BaseKeyboardSizeHelper: BaseKeyboardSizeHelper.calculateMaxKeyboardBodyHeight():73 leave 267 height for app when ime window height:2155, header height:121 and isFullscreenMode:false, so the max keyboard body height is:1767
02-24 20:47:26.980 17297 17297 I GoogleInputMethodService: GoogleInputMethodService$1.onKeyboardViewShown():331 onKeyboardViewShown: keyboardType=prime, keyboardViewType=BODY keyboardView=com.google.android.libraries.inputmethod.widgets.SoftKeyboardView{1be0794 V.E...... ........ 0,0-1080,580}
02-24 20:47:26.980 17297 17297 I BaseKeyboardSizeHelper: BaseKeyboardSizeHelper.calculateMaxKeyboardBodyHeight():73 leave 267 height for app when ime window height:2155, header height:121 and isFullscreenMode:false, so the max keyboard body height is:1767
02-24 20:47:26.980 17297 17297 I GlobeKeyExtension: GlobeKeyExtension$1.onKeyboardViewShown():72 maybeDisableLanguageSwitchKeyPref when the keyboard is shown
02-24 20:47:26.980 17297 17297 I GlobeKeyExtension: GlobeKeyExtension.maybeDisableLanguageSwitchKeyPref():200 maybeDisableLanguageSwitchKeyPref hasGlobeKeyBeenDisabled: false, shouldDisableLanguageSwitchKey: false
02-24 20:47:26.980 17297 17297 I NewLanguagePromptExtension: NewLanguagePromptExtension$1.onKeyboardViewShown():88 Not show new language banner: not prime keyboard, or the extension not activated.
02-24 20:47:26.981 17297 17297 I KeyboardModeUtils: KeyboardModeUtils.getKeyboardBottomOffset():435 inch: 0.000000 ydpi: 389.466003 adjustKeyboardBottomByDisplaySize: false currentDensityDpi: 440 defaultDensityDpi: 440 keyboardBottomToScreenPx: 0 keyboardBottomToNavBarPx: -132 navBarHeight: 132
02-24 20:47:26.981 17297 17297 I BaseKeyboardSizeHelper: BaseKeyboardSizeHelper.calculateMaxKeyboardBodyHeight():73 leave 267 height for app when ime window height:2155, header height:121 and isFullscreenMode:false, so the max keyboard body height is:1767
02-24 20:47:26.981 17297 17297 I BaseKeyboardSizeHelper: BaseKeyboardSizeHelper.calculateMaxKeyboardBodyHeight():73 leave 267 height for app when ime window height:2155, header height:121 and isFullscreenMode:false, so the max keyboard body height is:1767
02-24 20:47:26.981 17297 17297 I AndroidIME: KeyboardViewManager.updateKeyboardBottomFrame():489 Set bottomFrameHeight = 5 while holderPaddingBottom = 5; navigationHeight = 132
02-24 20:47:26.983 22980 22980 I ImeTracker: com.chizze.app:9084c581: onCancelled at PHASE_CLIENT_APPLY_ANIMATION
02-24 20:47:27.248 17297 17297 W TooltipLifecycleManager: TooltipLifecycleManager.dismissTooltips():153 Tooltip with id SUGGESTION_VIEW_EDU_MINI_DIALOG not found in tooltipManager.
02-24 20:47:27.265 22980 22980 I ImeTracker: com.chizze.app:4cf72a09: onRequestShow at ORIGIN_CLIENT reason SHOW_SOFT_INPUT fromUser false
02-24 20:47:27.267 17297 17297 I GoogleInputMethodService: GoogleInputMethodService.onStartInput():1384 onStartInput(EditorInfo{EditorInfo{packageName=com.chizze.app, inputType=2, inputTypeString=Number, enableLearning=false, autoCorrection=false, autoComplete=false, imeOptions=2000006, privateImeOptions=null, actionName=DONE, actionLabel=null, initialSelStart=-1, initialSelEnd=-1, initialCapsMode=0, label=null, fieldId=1, fieldName=null, extras=Bundle[mParcelledData.dataSize=168], hintText=null, hintLocales=[]}}, true)
02-24 20:47:27.267 17297 17297 W SessionManager: SessionManager.beginSession():53 Try to begin an already begun session [INPUT_SESSION], end it first
02-24 20:47:27.267 17297 17297 W SessionManager: SessionManager.endSession():96 Child session [INPUT_VIEW_SESSION] is not ended while ending session [{INPUT_VIEW_SESSION=1771946246925, IME_SESSION=1771946246941, INPUT_SESSION=1771946246922}], ending it now.
02-24 20:47:27.267 17297 17297 W SessionManager: SessionManager.endSession():96 Child session [IME_SESSION] is not ended while ending session [{INPUT_VIEW_SESSION=1771946246925, IME_SESSION=1771946246941, INPUT_SESSION=1771946246922}], ending it now.
02-24 20:47:27.270 17297 17297 I Module  : DeviceLockedStatusModuleProvider$Module.updateDeviceLockedStatus():103 repeatCheckTimes = 1, locked = false
02-24 20:47:27.271 17297 17297 I GoogleInputMethodService: GoogleInputMethodService.onStartInputView():1472 onStartInputView(EditorInfo{EditorInfo{packageName=com.chizze.app, inputType=2, inputTypeString=Number, enableLearning=false, autoCorrection=false, autoComplete=false, imeOptions=2000006, privateImeOptions=null, actionName=DONE, actionLabel=null, initialSelStart=-1, initialSelEnd=-1, initialCapsMode=0, label=null, fieldId=1, fieldName=null, extras=Bundle[{androidx.core.view.inputmethod.EditorInfoCompat.STYLUS_HANDWRITING_ENABLED=true}], hintText=null, hintLocales=[]}}, true)
02-24 20:47:27.271 17297 17297 W SessionManager: SessionManager.endSession():88 Try to end a not begun session [IME_SESSION].
02-24 20:47:27.272 17297 17297 I KeyboardHeightUtil: KeyboardHeightUtil.getOemKeyboardHeightRatio():81 systemKeyboardHeightRatio:1.000000.
02-24 20:47:27.275 17297 17976 W ModuleManager: ModuleManager.loadModule():578 Module pdt is not available
02-24 20:47:27.276 22980 22980 I ImeTracker: com.chizze.app:40a16eae: onRequestShow at ORIGIN_CLIENT reason SHOW_SOFT_INPUT fromUser false
02-24 20:47:27.282 17297 17297 I InputContextChangeTracker: InputContextChangeTracker.fixLyingSelectionRangeFromSurroundingText():1678 fixLyingSelectionRangeFromSurroundingText(): [-1, -1]([-1, -1]) -> [0, 0]([0, 0])
02-24 20:47:27.284 17297 17297 I AndroidIME: InputBundleManager.loadActiveInputBundleId():531 loadActiveInputBundleId: und-Latn-x-number, number
02-24 20:47:27.285 17297 17297 I KeyboardWrapper: KeyboardWrapper.activateKeyboard():582 activateKeyboard(): type=prime, status=INACTIVE, imeDef=nkh{stringId=number, language=und-Latn-x-number, languageTag=und-Latn-x-number, processedConditions={}, className=com.google.android.libraries.inputmethod.ime.DummyIme, label=2132019268, keyEventInterpreter=null, inlineComposing=true, autoCapital=false, announceAutoSelectedCandidate=false, statusIcon=0, indicatorIcon=0, indicatorLabel=null, displayAppCompletions=false, extraValues=nka{}, processors=nlz@d5df8bc, unacceptableMetaKeys=4098, languageSpecificSettings=0, asciiCapable=false, alwaysShowSuggestions=false, useAsciiPasswordKeyboard=false, keyboardGroupDef=nli@600339a, phenotypeFlagId=0, localizationLanguageTag=null, supportsInlineSuggestion=false}
02-24 20:47:27.285 17297 17297 I KeyboardManager: KeyboardManager.requestKeyboard():249 Creating keyboard prime, imeId=number, cacheKey=theme,!gsf,!pgsans,!pgsf,!use_system_font,BORDER,FLAVOR_DPI=XXHDPI,KEYBOARD_WIDTH_CATEGORY=NORMAL,KEY_BORDER_SHAPE=1,LIGHT_THEME=false,PHYSICAL_DIAGONAL=5.748144,POPUP,SCREEN_SHORTEST_WIDTH=393,SCREEN_SHORTEST_WIDTH_NO_SCALE=393,XXHDPI,bottom4dp,enable_popup_on_keypress=true,keyboard_redesign_google_sans=true,non_linear_scale,noshadow,overlay_builtin_dynamic_color_dark_base.binarypb:gm3-dark-ff121318-ffb7caff-03739404f1189b28aed05fb048a8b8af,silkpopup
02-24 20:47:27.286 17297 17297 I KeyboardWrapper: KeyboardWrapper.onKeyboardReady():224 onKeyboardReady(): type=prime(prime), kb=com.google.android.apps.inputmethod.latin.keyboard.LatinNumberKeyboard@3c847de
02-24 20:47:27.287 17297 17297 I KeyboardWrapper: KeyboardWrapper.doActivateKeyboard():612 doActivateKeyboard(): prime
02-24 20:47:27.290 17297 17297 I BaseKeyboardSizeHelper: BaseKeyboardSizeHelper.calculateMaxKeyboardBodyHeight():73 leave 267 height for app when ime window height:2155, header height:121 and isFullscreenMode:false, so the max keyboard body height is:1767
02-24 20:47:27.290 17297 17297 W TooltipLifecycleManager: TooltipLifecycleManager.dismissTooltips():153 Tooltip with id undo_access_point_promotion_banner not found in tooltipManager.
02-24 20:47:27.291 17297 17297 I GlobeKeyExtension: GlobeKeyExtension.getKeyboardInitialStates():175 
02-24 20:47:27.292 17297 17297 W Keyboard: Keyboard.getKeyboardViewHelper():604 null helper is returned: keyboardDef=nlc{processedConditions={language=en-US, deprecate_long_press_space_for_ime_picker=false, show_suggestion_strip=true, device=phone, expressions=normal, layout_9key_split=false}, globalConditions={global_theme_key=theme,!gsf,!pgsans,!pgsf,!use_system_font,BORDER,FLAVOR_DPI=XXHDPI,KEYBOARD_WIDTH_CATEGORY=NORMAL,KEY_BORDER_SHAPE=1,LIGHT_THEME=false,PHYSICAL_DIAGONAL=5.748144,POPUP,SCREEN_SHORTEST_WIDTH=393,SCREEN_SHORTEST_WIDTH_NO_SCALE=393,XXHDPI,bottom4dp,enable_popup_on_keypress=true,keyboard_redesign_google_sans=true,non_linear_scale,noshadow,overlay_builtin_dynamic_color_dark_base.binarypb:gm3-dark-ff121318-ffb7caff-03739404f1189b28aed05fb048a8b8af,silkpopup, global_locale=en_US, global_density_dpi=440, global_orientation=1}, className=.latin.keyboard.LatinNumberKeyboard, resourceIds=[#0x7f170869], initialStates=0, keyboardViewDefs=[nlq{direction=LOCALE, id=#0x7f0b0225, isScalable=false, layoutId=#0x7f0e0516, type=HEADER, touchable=true, defaultShow=true}, nlq{direction=null, id=#0x7f0b0225, isScalable=true, layoutId=#0x7f0e056e, type=BODY, touchable=true, defaultShow=true}], persistentStates=0, persistentStatesPrefKey=null, popupBubbleLayoutId=#0x7f0e0604, recentKeyLayoutId=#0x0, recentKeyPopupLayoutId=#0x0, recentKeyType=null, rememberRecentKey=NONE, sessionStates=0}, type=FLOATING_CANDIDATES, helpersCreated={HEADER=mwp@5eba0c6, BODY=mwp@f73f887}, context.getResources().getConfiguration(): {1.0 405mcc857mnc [en_US] ldltr sw393dp w393dp h808dp 440dpi nrml long hdr widecg port night finger -keyb/v/h -nav/h winConfig={ mBounds=Rect(0, 0 - 1080, 2392) mAppBounds=Rect(0, 103 - 1080, 2326) mMaxBounds=Rect(0, 0 - 1080, 2392) mDisplayRotation=ROTATION_0 mWindowingMode=fullscreen mActivityType=undefined mAlwaysOnTop=undefined mRotation=ROTATION_0 isEmbedding:false} s.30624 fontWeightAdjustment=0 themeId=2 themeParameter=0 nightModeLevel = -1 typefaceChanged=0.0 ?spacesystem eaMode=1}
02-24 20:47:27.292 17297 17297 W Keyboard: Keyboard.getKeyboardViewHelper():604 null helper is returned: keyboardDef=nlc{processedConditions={language=en-US, deprecate_long_press_space_for_ime_picker=false, show_suggestion_strip=true, device=phone, expressions=normal, layout_9key_split=false}, globalConditions={global_theme_key=theme,!gsf,!pgsans,!pgsf,!use_system_font,BORDER,FLAVOR_DPI=XXHDPI,KEYBOARD_WIDTH_CATEGORY=NORMAL,KEY_BORDER_SHAPE=1,LIGHT_THEME=false,PHYSICAL_DIAGONAL=5.748144,POPUP,SCREEN_SHORTEST_WIDTH=393,SCREEN_SHORTEST_WIDTH_NO_SCALE=393,XXHDPI,bottom4dp,enable_popup_on_keypress=true,keyboard_redesign_google_sans=true,non_linear_scale,noshadow,overlay_builtin_dynamic_color_dark_base.binarypb:gm3-dark-ff121318-ffb7caff-03739404f1189b28aed05fb048a8b8af,silkpopup, global_locale=en_US, global_density_dpi=440, global_orientation=1}, className=.latin.keyboard.LatinNumberKeyboard, resourceIds=[#0x7f170869], initialStates=0, keyboardViewDefs=[nlq{direction=LOCALE, id=#0x7f0b0225, isScalable=false, layoutId=#0x7f0e0516, type=HEADER, touchable=true, defaultShow=true}, nlq{direction=null, id=#0x7f0b0225, isScalable=true, layoutId=#0x7f0e056e, type=BODY, touchable=true, defaultShow=true}], persistentStates=0, persistentStatesPrefKey=null, popupBubbleLayoutId=#0x7f0e0604, recentKeyLayoutId=#0x0, recentKeyPopupLayoutId=#0x0, recentKeyType=null, rememberRecentKey=NONE, sessionStates=0}, type=WIDGET, helpersCreated={HEADER=mwp@5eba0c6, BODY=mwp@f73f887}, context.getResources().getConfiguration(): {1.0 405mcc857mnc [en_US] ldltr sw393dp w393dp h808dp 440dpi nrml long hdr widecg port night finger -keyb/v/h -nav/h winConfig={ mBounds=Rect(0, 0 - 1080, 2392) mAppBounds=Rect(0, 103 - 1080, 2326) mMaxBounds=Rect(0, 0 - 1080, 2392) mDisplayRotation=ROTATION_0 mWindowingMode=fullscreen mActivityType=undefined mAlwaysOnTop=undefined mRotation=ROTATION_0 isEmbedding:false} s.30624 fontWeightAdjustment=0 themeId=2 themeParameter=0 nightModeLevel = -1 typefaceChanged=0.0 ?spacesystem eaMode=1}
02-24 20:47:27.292 17297 17297 I AndroidIME: InputBundleManager.startInput():361 startInput() with nlm[keyboardType=prime, payload=null]
02-24 20:47:27.293 17297 17297 I GlobeKeyExtension: GlobeKeyExtension.onDeactivate():144 
02-24 20:47:27.294 17297 17297 W TooltipLifecycleManager: TooltipLifecycleManager.dismissTooltips():153 Tooltip with id SUGGESTION_VIEW_EDU_MINI_DIALOG not found in tooltipManager.
02-24 20:47:27.294 17297 17297 I VoiceInputManagerWrapper: VoiceInputManagerWrapper.shutdown():131 shutdown()
02-24 20:47:27.296 17297 17297 I PkModeUpdater: PkModeUpdater.onActivate():74 onActivate false true
02-24 20:47:27.296 17297 17297 I AccessoryInputModeManager: AccessoryInputModeManager.onModeStarted():324 Accessory input mode started: null
02-24 20:47:27.297 17297 17297 W SupplementaryKeyboardsWrapper: SupplementaryKeyboardsWrapper.deactivateKeyboard():162 keyboard accessory_candidates_consumer is not activated before!
02-24 20:47:27.298 17297 17297 I KeyboardModeUtils: KeyboardModeUtils.getKeyboardBottomOffset():435 inch: 0.000000 ydpi: 389.466003 adjustKeyboardBottomByDisplaySize: false currentDensityDpi: 440 defaultDensityDpi: 440 keyboardBottomToScreenPx: 0 keyboardBottomToNavBarPx: -132 navBarHeight: 132
02-24 20:47:27.298 17297 17297 I BaseKeyboardSizeHelper: BaseKeyboardSizeHelper.calculateMaxKeyboardBodyHeight():73 leave 267 height for app when ime window height:2155, header height:121 and isFullscreenMode:false, so the max keyboard body height is:1767
02-24 20:47:27.298 17297 17297 I BaseKeyboardSizeHelper: BaseKeyboardSizeHelper.calculateMaxKeyboardBodyHeight():73 leave 267 height for app when ime window height:2155, header height:121 and isFullscreenMode:false, so the max keyboard body height is:1767
02-24 20:47:27.298 17297 17297 I AndroidIME: KeyboardViewManager.updateKeyboardBottomFrame():489 Set bottomFrameHeight = 5 while holderPaddingBottom = 5; navigationHeight = 132
02-24 20:47:27.299 17297 17297 I BaseKeyboardSizeHelper: BaseKeyboardSizeHelper.calculateMaxKeyboardBodyHeight():73 leave 267 height for app when ime window height:2155, header height:121 and isFullscreenMode:false, so the max keyboard body height is:1767
02-24 20:47:27.299 17297 17297 I BaseKeyboardSizeHelper: BaseKeyboardSizeHelper.calculateMaxKeyboardBodyHeight():73 leave 267 height for app when ime window height:2155, header height:121 and isFullscreenMode:false, so the max keyboard body height is:1767
02-24 20:47:27.299 17297 17297 W ExtensionWrapper: ExtensionWrapper.setExtensionViewVisibility():876 interface nac is not activate
02-24 20:47:27.306 17297 17297 I LanguagePromoExtension: LanguagePromoExtension.checkDisplayPreconditions():171 Not show language promo: exceeds the max display times.
02-24 20:47:27.306 17297 17297 I NewLanguagePromptExtension: NewLanguagePromptExtension.onActivate():189 Not activated NewLanguagePromptExtension: not a normal text input box.
02-24 20:47:27.307 17297 17297 I GlobeKeyExtension: GlobeKeyExtension.onActivate():120 
02-24 20:47:27.308 17297 17297 I VoiceInputManagerWrapper: VoiceInputManagerWrapper.cancelShutdown():109 cancelShutdown()
02-24 20:47:27.308 17297 17297 I VoiceInputManagerWrapper: VoiceInputManagerWrapper.syncLanguagePacks():121 syncLanguagePacks()
02-24 20:47:27.308 17297 17297 I VoiceInputManager: VoiceInputManager.onKeyboardActivated():1215 onKeyboardActivated() [UD]
02-24 20:47:27.308 17297 23672 I SpeechFactory: SpeechRecognitionFactory.maybeScheduleAutoPackDownloadForFallback():217 maybeScheduleAutoPackDownloadForFallback()
02-24 20:47:27.308 17297 23672 I FallbackOnDeviceRecognitionProvider: FallbackOnDeviceRecognitionProvider.maybeScheduleAutoPackDownload():213 maybeScheduleAutoPackDownload() for language tag en-US
02-24 20:47:27.309 17297 17297 I Module  : DeviceLockedStatusModuleProvider$Module.updateDeviceLockedStatus():103 repeatCheckTimes = 1, locked = false
02-24 20:47:27.313 17297 17297 I WindowMetricsNotification: WindowMetricsNotification.notifyWithWindow():166 
02-24 20:47:27.313 17297 17297 I WindowMetricsNotification: WindowMetricsNotification.notify():159 qjg[bounds=Rect(0, 105 - 1080, 2392), insets=Rect(0, 0 - 0, 132), densityDpi=440, smallestScreenWidthDp=393, displayWidth=1080, displayHeight=2392, xdpi=391.885, ydpi=389.466, isTrustable=true, displayId=0]; DisplayMetrics{density=2.75, width=1080, height=2392, scaledDensity=2.75, xdpi=391.885, ydpi=389.466}
02-24 20:47:27.318 17297 17297 I StylusModule: StylusModule.onUpdateToolType():774 Update tool type = 1
02-24 20:47:27.320 17297 17297 I StylusModule: StylusModule.onUpdateToolType():774 Update tool type = 1
02-24 20:47:27.321 17297 17297 I GoogleInputMethodService: GoogleInputMethodService$1.onKeyboardViewShown():331 onKeyboardViewShown: keyboardType=prime, keyboardViewType=HEADER keyboardView=com.google.android.libraries.inputmethod.widgets.SoftKeyboardView{a5ccb72 V.E...... ........ 0,0-1080,121}
02-24 20:47:27.321 17297 17297 I BaseKeyboardSizeHelper: BaseKeyboardSizeHelper.calculateMaxKeyboardBodyHeight():73 leave 267 height for app when ime window height:2155, header height:121 and isFullscreenMode:false, so the max keyboard body height is:1767
02-24 20:47:27.321 17297 17297 I GoogleInputMethodService: GoogleInputMethodService$1.onKeyboardViewShown():331 onKeyboardViewShown: keyboardType=prime, keyboardViewType=BODY keyboardView=com.google.android.libraries.inputmethod.widgets.SoftKeyboardView{1be0794 V.E...... ........ 0,0-1080,580}
02-24 20:47:27.321 17297 17297 I BaseKeyboardSizeHelper: BaseKeyboardSizeHelper.calculateMaxKeyboardBodyHeight():73 leave 267 height for app when ime window height:2155, header height:121 and isFullscreenMode:false, so the max keyboard body height is:1767
02-24 20:47:27.321 17297 17297 I GlobeKeyExtension: GlobeKeyExtension$1.onKeyboardViewShown():72 maybeDisableLanguageSwitchKeyPref when the keyboard is shown
02-24 20:47:27.321 17297 17297 I GlobeKeyExtension: GlobeKeyExtension.maybeDisableLanguageSwitchKeyPref():200 maybeDisableLanguageSwitchKeyPref hasGlobeKeyBeenDisabled: false, shouldDisableLanguageSwitchKey: false
02-24 20:47:27.322 17297 17297 I NewLanguagePromptExtension: NewLanguagePromptExtension$1.onKeyboardViewShown():88 Not show new language banner: not prime keyboard, or the extension not activated.
02-24 20:47:27.322 17297 17297 I KeyboardModeUtils: KeyboardModeUtils.getKeyboardBottomOffset():435 inch: 0.000000 ydpi: 389.466003 adjustKeyboardBottomByDisplaySize: false currentDensityDpi: 440 defaultDensityDpi: 440 keyboardBottomToScreenPx: 0 keyboardBottomToNavBarPx: -132 navBarHeight: 132
02-24 20:47:27.322 17297 17297 I BaseKeyboardSizeHelper: BaseKeyboardSizeHelper.calculateMaxKeyboardBodyHeight():73 leave 267 height for app when ime window height:2155, header height:121 and isFullscreenMode:false, so the max keyboard body height is:1767
02-24 20:47:27.322 17297 17297 I BaseKeyboardSizeHelper: BaseKeyboardSizeHelper.calculateMaxKeyboardBodyHeight():73 leave 267 height for app when ime window height:2155, header height:121 and isFullscreenMode:false, so the max keyboard body height is:1767
02-24 20:47:27.322 17297 17297 I AndroidIME: KeyboardViewManager.updateKeyboardBottomFrame():489 Set bottomFrameHeight = 5 while holderPaddingBottom = 5; navigationHeight = 132
02-24 20:47:27.324 22980 22980 I ImeTracker: com.chizze.app:4cf72a09: onCancelled at PHASE_CLIENT_APPLY_ANIMATION
02-24 20:47:27.335 22980 22980 I ImeTracker: com.chizze.app:40a16eae: onCancelled at PHASE_CLIENT_APPLY_ANIMATION
02-24 20:47:27.492 17297 17297 W TooltipLifecycleManager: TooltipLifecycleManager.dismissTooltips():153 Tooltip with id SUGGESTION_VIEW_EDU_MINI_DIALOG not found in tooltipManager.
02-24 20:47:27.799 22980 22980 I flutter : [OTP] Verifying OTP for userId=699dc0ff1a825ec35f7e
02-24 20:47:27.799 22980 22980 I flutter : [Auth] verifyPhoneOTP: verifying userId=699dc0ff1a825ec35f7e
02-24 20:47:27.818 22980 22980 I flutter : [WS] Disconnected
02-24 20:47:28.686 22980 22980 I flutter : [WS] Disconnected
02-24 20:47:29.001 22980 22980 I flutter : [Auth] Got Appwrite JWT, exchanging with backend...
02-24 20:47:29.980 22980 22980 I flutter : [Router] Auth state changed ΓåÆ status=AuthStatus.unauthenticated, role=customer, isNew=true
02-24 20:47:29.981 22980 22980 I flutter : [Router] redirect: path=/login, status=AuthStatus.unauthenticated, isAuth=false, isNew=true
02-24 20:47:29.981 22980 22980 I flutter : [Auth] Backend JWT set & persisted, role=customer, isNew=true
02-24 20:47:29.981 22980 22980 I flutter : [Router] Auth state changed ΓåÆ status=AuthStatus.authenticated, role=customer, isNew=true
02-24 20:47:29.981 22980 22980 I flutter : [Router] redirect: path=/login, status=AuthStatus.authenticated, isAuth=true, isNew=true
02-24 20:47:29.982 22980 22980 I flutter : [Router] redirect: path=/onboarding, status=AuthStatus.authenticated, isAuth=true, isNew=true
02-24 20:47:29.982 22980 22980 I flutter : [Login] Auth success! Router redirect will navigate.
02-24 20:47:29.982 22980 22980 I flutter : [OTP] Auth success! role=customer, isNew=true
02-24 20:47:29.984 22980 22980 I flutter : [WS] Connecting to wss://api.devdeepak.me:443/api/v1/ws
02-24 20:47:29.985 22980 22980 I flutter : [WS] Connected
02-24 20:47:30.111 22980 22980 W WindowOnBackDispatcher: OnBackInvokedCallback is not enabled for the application.
02-24 20:47:30.111 22980 22980 W WindowOnBackDispatcher: Set 'android:enableOnBackInvokedCallback="true"' in the application manifest.
02-24 20:47:30.113 22980 22980 I ImeTracker: com.chizze.app:3577903d: onRequestHide at ORIGIN_CLIENT reason HIDE_SOFT_INPUT fromUser false
02-24 20:47:30.122 17297 17297 I GoogleInputMethodService: GoogleInputMethodService.onFinishInputView():1601 onFinishInputView(false)
02-24 20:47:30.125 17297 17297 W TooltipLifecycleManager: TooltipLifecycleManager.dismissTooltips():153 Tooltip with id spell_check_add_to_dictionary not found in tooltipManager.
02-24 20:47:30.126 17297 17297 I GlobeKeyExtension: GlobeKeyExtension.onDeactivate():144 
02-24 20:47:30.127 17297 17297 W TooltipLifecycleManager: TooltipLifecycleManager.dismissTooltips():153 Tooltip with id SUGGESTION_VIEW_EDU_MINI_DIALOG not found in tooltipManager.
02-24 20:47:30.128 17297 17297 I VoiceInputManagerWrapper: VoiceInputManagerWrapper.shutdown():131 shutdown()
02-24 20:47:30.131 17297 17297 I PrimesLoggerHolder: FrameMetricServiceImpl.stopAsFuture():239 Measurement not found: OnConfigurationChanged
02-24 20:47:30.132 17297 17297 W TooltipLifecycleManager: TooltipLifecycleManager.dismissTooltips():153 Tooltip with id undo_access_point_promotion_banner not found in tooltipManager.
02-24 20:47:30.166 17297 17297 I KeyboardModeUtils: KeyboardModeUtils.getKeyboardBottomOffset():435 inch: 0.000000 ydpi: 389.466003 adjustKeyboardBottomByDisplaySize: false currentDensityDpi: 440 defaultDensityDpi: 440 keyboardBottomToScreenPx: 0 keyboardBottomToNavBarPx: -132 navBarHeight: 132
02-24 20:47:30.166 17297 17297 I BaseKeyboardSizeHelper: BaseKeyboardSizeHelper.calculateMaxKeyboardBodyHeight():73 leave 267 height for app when ime window height:2155, header height:121 and isFullscreenMode:false, so the max keyboard body height is:1767
02-24 20:47:30.166 17297 17297 I BaseKeyboardSizeHelper: BaseKeyboardSizeHelper.calculateMaxKeyboardBodyHeight():73 leave 267 height for app when ime window height:2155, header height:121 and isFullscreenMode:false, so the max keyboard body height is:1767
02-24 20:47:30.166 17297 17297 I AndroidIME: KeyboardViewManager.updateKeyboardBottomFrame():489 Set bottomFrameHeight = 5 while holderPaddingBottom = 5; navigationHeight = 132
02-24 20:47:30.211 10742 23471 I FusedLocation: stationary throttling disengaged [CONTEXT service_id=6 ]
02-24 20:47:30.239 10742 25194 I FusedOrientationManager: Registering orientation client. [CONTEXT service_id=6 ]
02-24 20:47:30.241 10742 10892 W Looper  : Looper already prepared for this thread with a different value for the LOOPER_PREPARE_ALLOW_NON_CALLBACKS option.
02-24 20:47:30.283 11160  8494 W ConsentManagerApiServic: Consent Manager API is not enabled. [CONTEXT service_id=460 ]
02-24 20:47:30.285 10742 10906 W Settings: Setting airplane_mode_on has moved from android.provider.Settings.System to android.provider.Settings.Global, returning read-only value.
02-24 20:47:30.285 10742 10906 W Settings: Setting airplane_mode_on has moved from android.provider.Settings.System to android.provider.Settings.Global, returning read-only value.
02-24 20:47:30.287 10742 25197 W SystemServiceRegistry: No service published for: wifirtt
02-24 20:47:30.293 22980 22980 I flutter : [WS] Error: WebSocketChannelException: WebSocketException: Connection to 'https://api.devdeepak.me/api/v1/ws#' was not upgraded to websocket
02-24 20:47:30.293 22980 22980 I flutter : [WS] Reconnecting in 1s (attempt 1)
02-24 20:47:30.293 22980 22980 I flutter : [WS] Connection closed
02-24 20:47:30.293 22980 22980 E flutter : [ERROR:flutter/runtime/dart_vm_initializer.cc(40)] Unhandled Exception: WebSocketChannelException: WebSocketException: Connection to 'https://api.devdeepak.me/api/v1/ws#' was not upgraded to websocket
02-24 20:47:30.453 22980 22980 I ImeTracker: com.chizze.app:aa6b1ab3: onRequestHide at ORIGIN_CLIENT reason HIDE_SOFT_INPUT_ON_ANIMATION_STATE_CHANGED fromUser false
02-24 20:47:30.455 22980 22980 I ImeTracker: com.chizze.app:3577903d: onHidden
02-24 20:47:30.465 17297 17297 I GoogleInputMethodService: GoogleInputMethodService.onStartInput():1384 onStartInput(EditorInfo{EditorInfo{packageName=com.chizze.app, inputType=0, inputTypeString=NULL, enableLearning=false, autoCorrection=false, autoComplete=false, imeOptions=0, privateImeOptions=null, actionName=UNSPECIFIED, actionLabel=null, initialSelStart=-1, initialSelEnd=-1, initialCapsMode=0, label=null, fieldId=0, fieldName=null, extras=null, hintText=null, hintLocales=[]}}, true)
02-24 20:47:30.465 17297 17297 W SessionManager: SessionManager.beginSession():53 Try to begin an already begun session [INPUT_SESSION], end it first
02-24 20:47:30.468 17297 17297 I HardKeyTracker: HardKeyTracker.registerKeySequence():178 Register key sequence ohy{labelResId=0, callback=gun@c6e997d, lastModifier=0, keyCodes=[57, 57], actions=[1, 0]}
02-24 20:47:30.469 17297 17297 I HardKeyTracker: HardKeyTracker.registerKeySequence():178 Register key sequence ohy{labelResId=0, callback=gun@189a072, lastModifier=0, keyCodes=[58, 58], actions=[1, 0]}
02-24 20:47:30.470 17297 17297 I Module  : DeviceLockedStatusModuleProvider$Module.updateDeviceLockedStatus():103 repeatCheckTimes = 1, locked = false
02-24 20:47:30.968 17297 17297 W TooltipLifecycleManager: TooltipLifecycleManager.dismissTooltips():153 Tooltip with id undo_access_point_promotion_banner not found in tooltipManager.
02-24 20:47:31.239 22980 22980 I ImeTracker: com.chizze.app:1df4dfac: onRequestShow at ORIGIN_CLIENT reason SHOW_SOFT_INPUT fromUser false
02-24 20:47:31.242 17297 17297 I GoogleInputMethodService: GoogleInputMethodService.onStartInput():1384 onStartInput(EditorInfo{EditorInfo{packageName=com.chizze.app, inputType=a001, inputTypeString=Normal[CapWords|AutoCorrect], enableLearning=false, autoCorrection=true, autoComplete=true, imeOptions=2000006, privateImeOptions=null, actionName=DONE, actionLabel=null, initialSelStart=0, initialSelEnd=0, initialCapsMode=0, label=null, fieldId=1, fieldName=null, extras=Bundle[mParcelledData.dataSize=168], hintText=null, hintLocales=[]}}, true)
02-24 20:47:31.242 17297 17297 W SessionManager: SessionManager.beginSession():53 Try to begin an already begun session [INPUT_SESSION], end it first
02-24 20:47:31.245 17297 17297 I Module  : DeviceLockedStatusModuleProvider$Module.updateDeviceLockedStatus():103 repeatCheckTimes = 1, locked = false
02-24 20:47:31.247 17297 17297 I StylusModule: StylusModule.onUpdateToolType():774 Update tool type = 1
