02-24 20:47:31.249 17297 17297 I GoogleInputMethodService: GoogleInputMethodService.onStartInputView():1472 onStartInputView(EditorInfo{EditorInfo{packageName=com.chizze.app, inputType=a001, inputTypeString=Normal[CapWords|AutoCorrect], enableLearning=false, autoCorrection=true, autoComplete=true, imeOptions=2000006, privateImeOptions=null, actionName=DONE, actionLabel=null, initialSelStart=0, initialSelEnd=0, initialCapsMode=0, label=null, fieldId=1, fieldName=null, extras=Bundle[{androidx.core.view.inputmethod.EditorInfoCompat.STYLUS_HANDWRITING_ENABLED=true}], hintText=null, hintLocales=[]}}, false)
02-24 20:47:31.250 17297 17297 I KeyboardHeightUtil: KeyboardHeightUtil.getOemKeyboardHeightRatio():81 systemKeyboardHeightRatio:1.000000.
02-24 20:47:31.252 17297 17976 W ModuleManager: ModuleManager.loadModule():578 Module pdt is not available
02-24 20:47:31.254 17297 17297 I AndroidIME: InputBundleManager.loadActiveInputBundleId():531 loadActiveInputBundleId: en-US, ime_english_united_states
02-24 20:47:31.254 17297 17297 I AndroidIME: AbstractIme.onActivate():95 LatinIme.onActivate() : EditorInfo = EditorInfo{packageName=com.chizze.app, inputType=a001, inputTypeString=Normal[CapWords|AutoCorrect], enableLearning=false, autoCorrection=true, autoComplete=true, imeOptions=2000006, privateImeOptions=null, actionName=DONE, actionLabel=null, initialSelStart=0, initialSelEnd=0, initialCapsMode=0, label=null, fieldId=1, fieldName=null, extras=Bundle[{androidx.core.view.inputmethod.EditorInfoCompat.STYLUS_HANDWRITING_ENABLED=true}], hintText=null, hintLocales=[]}, IncognitoMode = false, DeviceLocked = false
02-24 20:47:31.254 17297 17297 I InputBundle: InputBundle.consumeEvent():1041 Skip consuming an event as keyboard status is INACTIVE
02-24 20:47:31.254 17297 17297 I Delight5Facilitator: Delight5Facilitator.initializeForIme():745 initializeForIme() : Locale = [en_US], layout = qwerty
02-24 20:47:31.255 17297 17297 I LatinIme: LatinIme.updateEnableInlineSuggestionsOnDecoderSideFlags():1255 inline flag updated to:false
02-24 20:47:31.256 17297 17297 I LatinIme: LatinIme.updateEnableInlineSuggestionsOnDecoderSideFlags():1255 inline flag updated to:false
02-24 20:47:31.256 17297 17976 I NebulaeTrainingCacheMetricsProcessor: NebulaeTrainingCacheMetricsProcessor.processBeginSession():247 Begin training cache session: com.instagram.android_2131441785/
02-24 20:47:31.258 17297 17297 I InputBundle: InputBundle.consumeEvent():1041 Skip consuming an event as keyboard status is INACTIVE
02-24 20:47:31.259 17297 17297 I LatinIme: LatinIme.resetInputContext():2262 resetInputContext(): reason=1, externalEditsInfo=ExternalEditsInfo{action=0, offset=-1, text=null, originalText=null, edits=null}
02-24 20:47:31.259 17297 17297 I InputBundle: InputBundle.consumeEvent():1041 Skip consuming an event as keyboard status is INACTIVE
02-24 20:47:31.260 17297 17297 I KeyboardWrapper: KeyboardWrapper.activateKeyboard():582 activateKeyboard(): type=prime, status=INACTIVE, imeDef=nkh{stringId=ime_english_united_states, language=en-US, languageTag=en-US, processedConditions={writing_helper_enable_by_word_revert=false, true=true, enable_number_row=true, device=phone, enable_pk_simulator=false}, className=com.google.android.apps.inputmethod.libs.latin5.LatinIme, label=0, keyEventInterpreter=null, inlineComposing=true, autoCapital=true, announceAutoSelectedCandidate=true, statusIcon=0, indicatorIcon=0, indicatorLabel=US, displayAppCompletions=true, extraValues=nka{#0x7f0b02e2=TypedValue{t=0x3/d=0x0 "com.google.android.apps.inputmethod.libs.latin5.LatinIme"}}, processors=nlz@d5df8bc, unacceptableMetaKeys=4098, languageSpecificSettings=0, asciiCapable=true, alwaysShowSuggestions=false, useAsciiPasswordKeyboard=false, keyboardGroupDef=nli@4df3938, phenotypeFlagId=0, localizationLanguageTag=null, supportsInlineSuggestion=true}
02-24 20:47:31.261 17297 17297 I KeyboardManager: KeyboardManager.requestKeyboard():249 Creating keyboard prime, imeId=ime_english_united_states, cacheKey=theme,!gsf,!pgsans,!pgsf,!use_system_font,BORDER,FLAVOR_DPI=XXHDPI,KEYBOARD_WIDTH_CATEGORY=NORMAL,KEY_BORDER_SHAPE=1,LIGHT_THEME=false,PHYSICAL_DIAGONAL=5.748144,POPUP,SCREEN_SHORTEST_WIDTH=393,SCREEN_SHORTEST_WIDTH_NO_SCALE=393,XXHDPI,bottom4dp,enable_popup_on_keypress=true,keyboard_redesign_google_sans=true,non_linear_scale,noshadow,overlay_builtin_dynamic_color_dark_base.binarypb:gm3-dark-ff121318-ffb7caff-03739404f1189b28aed05fb048a8b8af,silkpopup
02-24 20:47:31.261 17297 17297 I KeyboardWrapper: KeyboardWrapper.onKeyboardReady():224 onKeyboardReady(): type=prime(prime), kb=com.google.android.apps.inputmethod.latin.keyboard.LatinPrimeKeyboard@f8b80cb
02-24 20:47:31.261 17297 17297 I KeyboardWrapper: KeyboardWrapper.doActivateKeyboard():612 doActivateKeyboard(): prime
02-24 20:47:31.272 17297 17297 I BaseKeyboardSizeHelper: BaseKeyboardSizeHelper.calculateMaxKeyboardBodyHeight():73 leave 267 height for app when ime window height:2155, header height:121 and isFullscreenMode:false, so the max keyboard body height is:1767
02-24 20:47:31.272 17297 17297 W TooltipLifecycleManager: TooltipLifecycleManager.dismissTooltips():153 Tooltip with id undo_access_point_promotion_banner not found in tooltipManager.
02-24 20:47:31.273 17297 17297 I KeyboardModeUtils: KeyboardModeUtils.getKeyboardBottomOffset():435 inch: 0.000000 ydpi: 389.466003 adjustKeyboardBottomByDisplaySize: false currentDensityDpi: 440 defaultDensityDpi: 440 keyboardBottomToScreenPx: 0 keyboardBottomToNavBarPx: -132 navBarHeight: 132
02-24 20:47:31.273 17297 17297 I BaseKeyboardSizeHelper: BaseKeyboardSizeHelper.calculateMaxKeyboardBodyHeight():73 leave 267 height for app when ime window height:2155, header height:121 and isFullscreenMode:false, so the max keyboard body height is:1767
02-24 20:47:31.274 17297 17297 I BaseKeyboardSizeHelper: BaseKeyboardSizeHelper.calculateMaxKeyboardBodyHeight():73 leave 267 height for app when ime window height:2155, header height:121 and isFullscreenMode:false, so the max keyboard body height is:1767
02-24 20:47:31.274 17297 17297 I AndroidIME: KeyboardViewManager.updateKeyboardBottomFrame():489 Set bottomFrameHeight = 5 while holderPaddingBottom = 5; navigationHeight = 132
02-24 20:47:31.274 17297 17297 I BaseKeyboardSizeHelper: BaseKeyboardSizeHelper.calculateMaxKeyboardBodyHeight():73 leave 267 height for app when ime window height:2155, header height:121 and isFullscreenMode:false, so the max keyboard body height is:1767
02-24 20:47:31.274 17297 17297 I BaseKeyboardSizeHelper: BaseKeyboardSizeHelper.calculateMaxKeyboardBodyHeight():73 leave 267 height for app when ime window height:2155, header height:121 and isFullscreenMode:false, so the max keyboard body height is:1767
02-24 20:47:31.274 17297 17297 I KeyboardModeUtils: KeyboardModeUtils.getKeyboardBottomOffset():435 inch: 0.000000 ydpi: 389.466003 adjustKeyboardBottomByDisplaySize: false currentDensityDpi: 440 defaultDensityDpi: 440 keyboardBottomToScreenPx: 0 keyboardBottomToNavBarPx: -132 navBarHeight: 132
02-24 20:47:31.275 17297 17297 I BaseKeyboardSizeHelper: BaseKeyboardSizeHelper.calculateMaxKeyboardBodyHeight():73 leave 267 height for app when ime window height:2155, header height:121 and isFullscreenMode:false, so the max keyboard body height is:1767
02-24 20:47:31.275 17297 17297 I BaseKeyboardSizeHelper: BaseKeyboardSizeHelper.calculateMaxKeyboardBodyHeight():73 leave 267 height for app when ime window height:2155, header height:121 and isFullscreenMode:false, so the max keyboard body height is:1767
02-24 20:47:31.275 17297 17297 I AndroidIME: KeyboardViewManager.updateKeyboardBottomFrame():489 Set bottomFrameHeight = 5 while holderPaddingBottom = 5; navigationHeight = 132
02-24 20:47:31.275 17297 17297 I BaseKeyboardSizeHelper: BaseKeyboardSizeHelper.calculateMaxKeyboardBodyHeight():73 leave 267 height for app when ime window height:2155, header height:121 and isFullscreenMode:false, so the max keyboard body height is:1767
02-24 20:47:31.275 17297 17297 I BaseKeyboardSizeHelper: BaseKeyboardSizeHelper.calculateMaxKeyboardBodyHeight():73 leave 267 height for app when ime window height:2155, header height:121 and isFullscreenMode:false, so the max keyboard body height is:1767
02-24 20:47:31.276 17297 17297 I GlobeKeyExtension: GlobeKeyExtension.getKeyboardInitialStates():175 
02-24 20:47:31.277 17297 17297 W Keyboard: Keyboard.getKeyboardViewHelper():604 null helper is returned: keyboardDef=nlc{processedConditions={show_comma_key=true, enable_more_candidates_view_for_multilingual=false, layout_9key_split=false, enable_secondary_symbols=false, pref_enable_flick_symbols=false, language=en-US, deprecate_long_press_space_for_ime_picker=false, expressions=normal, android_software_xr_api_spatial=false, variant=qwerty, show_period_key=true, enable_number_row=true, device=phone, keyboard_mode=normal, show_secondary_digits=false, enable_pk_simulator=false, enable_preemptive_decode=true}, globalConditions={global_theme_key=theme,!gsf,!pgsans,!pgsf,!use_system_font,BORDER,FLAVOR_DPI=XXHDPI,KEYBOARD_WIDTH_CATEGORY=NORMAL,KEY_BORDER_SHAPE=1,LIGHT_THEME=false,PHYSICAL_DIAGONAL=5.748144,POPUP,SCREEN_SHORTEST_WIDTH=393,SCREEN_SHORTEST_WIDTH_NO_SCALE=393,XXHDPI,bottom4dp,enable_popup_on_keypress=true,keyboard_redesign_google_sans=true,non_linear_scale,noshadow,overlay_builtin_dynamic_color_dark_base.binarypb:gm3-dark-ff121318-ffb7caff-03739404f1189b28aed05fb048a8b8af,silkpopup, global_locale=en_US, global_density_dpi=440, global_orientation=1}, className=.latin.keyboard.LatinPrimeKeyboard, resourceIds=[#0x7f1705f9, #0x7f17088b], initialStates=0, keyboardViewDefs=[nlq{direction=null, id=#0x7f0b0225, isScalable=true, layoutId=#0x7f0e02b3, type=BODY, touchable=true, defaultShow=true}, nlq{direction=null, id=#0x7f0b0225, isScalable=false, layoutId=#0x7f0e020f, type=FLOATING_CANDIDATES, touchable=false, defaultShow=false}, nlq{direction=LOCALE, id=#0x7f0b0225, isScalable=false, layoutId=#0x7f0e0516, type=HEADER, touchable=true, defaultShow=true}], persistentStates=0, persistentStatesPrefKey=null, popupBubbleLayoutId=#0x7f0e0604, recentKeyLayoutId=#0x0, recentKeyPopupLayoutId=#0x0, recentKeyType=null, rememberRecentKey=NONE, sessionStates=17592186044419}, type=WIDGET, helpersCreated={HEADER=mwp@25dd934, BODY=mwp@c5b835d, FLOATING_CANDIDATES=mwp@beb74d2}, context.getResources().getConfiguration(): {1.0 405mcc857mnc [en_US] ldltr sw393dp w393dp h808dp 440dpi nrml long hdr widecg port night finger -keyb/v/h -nav/h winConfig={ mBounds=Rect(0, 0 - 1080, 2392) mAppBounds=Rect(0, 103 - 1080, 2326) mMaxBounds=Rect(0, 0 - 1080, 2392) mDisplayRotation=ROTATION_0 mWindowingMode=fullscreen mActivityType=undefined mAlwaysOnTop=undefined mRotation=ROTATION_0 isEmbedding:false} s.30624 fontWeightAdjustment=0 themeId=2 themeParameter=0 nightModeLevel = -1 typefaceChanged=0.0 ?spacesystem eaMode=1}
02-24 20:47:31.277 17297 17297 I BaseKeyboardSizeHelper: BaseKeyboardSizeHelper.calculateMaxKeyboardBodyHeight():73 leave 267 height for app when ime window height:2155, header height:121 and isFullscreenMode:false, so the max keyboard body height is:1767
02-24 20:47:31.279 17297 17297 I AndroidIME: InputBundleManager.startInput():361 startInput() with nlm[keyboardType=prime, payload=null]
02-24 20:47:31.279 17297 17297 I PkModeUpdater: PkModeUpdater.onActivate():74 onActivate false true
02-24 20:47:31.279 17297 17297 I AccessoryInputModeManager: AccessoryInputModeManager.onModeStarted():324 Accessory input mode started: null
02-24 20:47:31.279 17297 17297 W SupplementaryKeyboardsWrapper: SupplementaryKeyboardsWrapper.deactivateKeyboard():162 keyboard accessory_candidates_consumer is not activated before!
02-24 20:47:31.280 17297 17297 I KeyboardModeUtils: KeyboardModeUtils.getKeyboardBottomOffset():435 inch: 0.000000 ydpi: 389.466003 adjustKeyboardBottomByDisplaySize: false currentDensityDpi: 440 defaultDensityDpi: 440 keyboardBottomToScreenPx: 0 keyboardBottomToNavBarPx: -132 navBarHeight: 132
02-24 20:47:31.280 17297 17297 I BaseKeyboardSizeHelper: BaseKeyboardSizeHelper.calculateMaxKeyboardBodyHeight():73 leave 267 height for app when ime window height:2155, header height:121 and isFullscreenMode:false, so the max keyboard body height is:1767
02-24 20:47:31.280 17297 17297 I BaseKeyboardSizeHelper: BaseKeyboardSizeHelper.calculateMaxKeyboardBodyHeight():73 leave 267 height for app when ime window height:2155, header height:121 and isFullscreenMode:false, so the max keyboard body height is:1767
02-24 20:47:31.281 17297 17297 I AndroidIME: KeyboardViewManager.updateKeyboardBottomFrame():489 Set bottomFrameHeight = 5 while holderPaddingBottom = 5; navigationHeight = 132
02-24 20:47:31.281 17297 17297 I BaseKeyboardSizeHelper: BaseKeyboardSizeHelper.calculateMaxKeyboardBodyHeight():73 leave 267 height for app when ime window height:2155, header height:121 and isFullscreenMode:false, so the max keyboard body height is:1767
02-24 20:47:31.281 17297 17297 I BaseKeyboardSizeHelper: BaseKeyboardSizeHelper.calculateMaxKeyboardBodyHeight():73 leave 267 height for app when ime window height:2155, header height:121 and isFullscreenMode:false, so the max keyboard body height is:1767
02-24 20:47:31.281 17297 17297 W ExtensionWrapper: ExtensionWrapper.setExtensionViewVisibility():876 interface nac is not activate
02-24 20:47:31.283 17297 17297 I LanguagePromoExtension: LanguagePromoExtension.checkDisplayPreconditions():171 Not show language promo: exceeds the max display times.
02-24 20:47:31.284 17297 17297 I GlobeKeyExtension: GlobeKeyExtension.onActivate():120 
02-24 20:47:31.284 17297 17297 I HardKeyTracker: HardKeyTracker.unregisterKeySequence():229 Unregister key sequence ohy{labelResId=2132020485, callback=cti@fce3603, lastModifier=2, keyCodes=[56], actions=[0]}
02-24 20:47:31.284 17297 17297 I HardKeyTracker: HardKeyTracker.unregisterKeySequence():229 Unregister key sequence ohy{labelResId=2132020485, callback=cti@8941980, lastModifier=0, keyCodes=[317], actions=[0]}
02-24 20:47:31.285 17297 17297 I HardKeyTracker: HardKeyTracker.registerKeySequence():178 Register key sequence ohy{labelResId=2132020485, callback=cti@f5a9a5d, lastModifier=2, keyCodes=[56], actions=[0]}
02-24 20:47:31.285 17297 17297 I HardKeyTracker: HardKeyTracker.registerKeySequence():178 Register key sequence ohy{labelResId=2132020485, callback=cti@58a3fd2, lastModifier=0, keyCodes=[317], actions=[0]}
02-24 20:47:31.285 17297 17297 W AccessPointsManager: AccessPointsManager.addAccessPoint():1084 The holder controller #0x7f0b246c is not registered
02-24 20:47:31.285 17297 17297 I VoiceInputManagerWrapper: VoiceInputManagerWrapper.cancelShutdown():109 cancelShutdown()
02-24 20:47:31.285 17297 17297 I VoiceInputManagerWrapper: VoiceInputManagerWrapper.syncLanguagePacks():121 syncLanguagePacks()
02-24 20:47:31.286 17297 17297 I VoiceInputManager: VoiceInputManager.onKeyboardActivated():1215 onKeyboardActivated() [UD]
02-24 20:47:31.286 17297 23672 I SpeechFactory: SpeechRecognitionFactory.maybeScheduleAutoPackDownloadForFallback():217 maybeScheduleAutoPackDownloadForFallback()
02-24 20:47:31.286 17297 23672 I FallbackOnDeviceRecognitionProvider: FallbackOnDeviceRecognitionProvider.maybeScheduleAutoPackDownload():213 maybeScheduleAutoPackDownload() for language tag en-US
02-24 20:47:31.287 17297 17297 I Module  : DeviceLockedStatusModuleProvider$Module.updateDeviceLockedStatus():103 repeatCheckTimes = 1, locked = false
02-24 20:47:31.288 17297 17297 I HardKeyTracker: HardKeyTracker.unregisterKeySequence():229 Unregister key sequence ohy{labelResId=2132020485, callback=cti@1ad120c, lastModifier=2, keyCodes=[56], actions=[0]}
02-24 20:47:31.288 17297 17297 I HardKeyTracker: HardKeyTracker.unregisterKeySequence():229 Unregister key sequence ohy{labelResId=2132020485, callback=cti@3788755, lastModifier=0, keyCodes=[317], actions=[0]}
02-24 20:47:31.288 17297 17297 I HardKeyTracker: HardKeyTracker.registerKeySequence():178 Register key sequence ohy{labelResId=2132020485, callback=cti@22b7f59, lastModifier=2, keyCodes=[56], actions=[0]}
02-24 20:47:31.288 17297 17297 I HardKeyTracker: HardKeyTracker.registerKeySequence():178 Register key sequence ohy{labelResId=2132020485, callback=cti@528871e, lastModifier=0, keyCodes=[317], actions=[0]}
02-24 20:47:31.289 17297 17297 I HardKeyTracker: HardKeyTracker.unregisterKeySequence():229 Unregister key sequence ohy{labelResId=2132020489, callback=cti@44bb56a, lastModifier=2, keyCodes=[48], actions=[0]}
02-24 20:47:31.289 17297 17297 I HardKeyTracker: HardKeyTracker.registerKeySequence():178 Register key sequence ohy{labelResId=2132020489, callback=cti@aa0dbff, lastModifier=2, keyCodes=[48], actions=[0]}
02-24 20:47:31.289 17297 17297 W AccessPointsManager: AccessPointsManager.addAccessPoint():1084 The holder controller #0x7f0b246c is not registered
02-24 20:47:31.289 17297 17297 I HardKeyTracker: HardKeyTracker.unregisterKeySequence():229 Unregister key sequence ohy{labelResId=2132020489, callback=cti@f7eba5b, lastModifier=2, keyCodes=[48], actions=[0]}
02-24 20:47:31.289 17297 17297 I HardKeyTracker: HardKeyTracker.registerKeySequence():178 Register key sequence ohy{labelResId=2132020489, callback=cti@fbf8dcc, lastModifier=2, keyCodes=[48], actions=[0]}
02-24 20:47:31.291 17297 17297 I HardKeyTracker: HardKeyTracker.unregisterKeySequence():229 Unregister key sequence ohy{labelResId=2132020490, callback=cti@ae7be36, lastModifier=2, keyCodes=[32], actions=[0]}
02-24 20:47:31.291 17297 17297 I HardKeyTracker: HardKeyTracker.registerKeySequence():178 Register key sequence ohy{labelResId=2132020490, callback=cti@231391b, lastModifier=2, keyCodes=[32], actions=[0]}
02-24 20:47:31.294 17297 17297 I HardKeyTracker: HardKeyTracker.unregisterKeySequence():229 Unregister key sequence ohy{labelResId=2132020490, callback=cti@655a28, lastModifier=2, keyCodes=[32], actions=[0]}
02-24 20:47:31.294 17297 17297 I HardKeyTracker: HardKeyTracker.registerKeySequence():178 Register key sequence ohy{labelResId=2132020490, callback=cti@e6fca64, lastModifier=2, keyCodes=[32], actions=[0]}
02-24 20:47:31.294 17297 17297 I VoiceImeExtension: VoiceImeExtension.shouldStartVoiceInputAutomaticallyInCurrentInputBox():384 No private IME option set to start voice input.
02-24 20:47:31.294 22980 22980 I flutter : [WS] Connecting to wss://api.devdeepak.me:443/api/v1/ws
02-24 20:47:31.294 22980 22980 I flutter : [WS] Connected
02-24 20:47:31.311 17297 17297 W libc    : Access denied finding property "vendor.display.enable_optimal_refresh_rate"
02-24 20:47:31.313 17297 17297 I WindowMetricsNotification: WindowMetricsNotification.notifyWithWindow():166 
02-24 20:47:31.314 17297 17297 I WindowMetricsNotification: WindowMetricsNotification.notify():159 qjg[bounds=Rect(0, 105 - 1080, 2392), insets=Rect(0, 0 - 0, 132), densityDpi=440, smallestScreenWidthDp=393, displayWidth=1080, displayHeight=2392, xdpi=391.885, ydpi=389.466, isTrustable=true, displayId=0]; DisplayMetrics{density=2.75, width=1080, height=2392, scaledDensity=2.75, xdpi=391.885, ydpi=389.466}
02-24 20:47:31.330 17297 17297 I GoogleInputMethodService: GoogleInputMethodService$1.onKeyboardViewShown():331 onKeyboardViewShown: keyboardType=prime, keyboardViewType=HEADER keyboardView=com.google.android.libraries.inputmethod.widgets.SoftKeyboardView{c18c11c V.E...... ........ 0,0-1080,121}
02-24 20:47:31.330 17297 17297 I BaseKeyboardSizeHelper: BaseKeyboardSizeHelper.calculateMaxKeyboardBodyHeight():73 leave 267 height for app when ime window height:2155, header height:121 and isFullscreenMode:false, so the max keyboard body height is:1767
02-24 20:47:31.331 17297 17297 I GoogleInputMethodService: GoogleInputMethodService$1.onKeyboardViewShown():331 onKeyboardViewShown: keyboardType=prime, keyboardViewType=BODY keyboardView=com.google.android.libraries.inputmethod.widgets.SoftKeyboardView{ffe5786 V.E...... ........ 0,0-1080,693}
02-24 20:47:31.331 17297 17297 I BaseKeyboardSizeHelper: BaseKeyboardSizeHelper.calculateMaxKeyboardBodyHeight():73 leave 267 height for app when ime window height:2155, header height:121 and isFullscreenMode:false, so the max keyboard body height is:1767
02-24 20:47:31.331 17297 17297 I GlobeKeyExtension: GlobeKeyExtension$1.onKeyboardViewShown():72 maybeDisableLanguageSwitchKeyPref when the keyboard is shown
02-24 20:47:31.331 17297 17297 I GlobeKeyExtension: GlobeKeyExtension.maybeDisableLanguageSwitchKeyPref():200 maybeDisableLanguageSwitchKeyPref hasGlobeKeyBeenDisabled: false, shouldDisableLanguageSwitchKey: false
02-24 20:47:31.331 17297 17297 I NewLanguagePromptExtension: NewLanguagePromptExtension$1.onKeyboardViewShown():98 Not show new language banner: no change in enabled input method entries
02-24 20:47:31.332 17297 17297 I DynamicLayoutHandler: DynamicLayoutHandler.loadDynamicKeys():92 This isn't a dynamic layout.
02-24 20:47:31.332 17297 17297 I KeyboardModeUtils: KeyboardModeUtils.getKeyboardBottomOffset():435 inch: 0.000000 ydpi: 389.466003 adjustKeyboardBottomByDisplaySize: false currentDensityDpi: 440 defaultDensityDpi: 440 keyboardBottomToScreenPx: 0 keyboardBottomToNavBarPx: -132 navBarHeight: 132
02-24 20:47:31.332 17297 17297 I BaseKeyboardSizeHelper: BaseKeyboardSizeHelper.calculateMaxKeyboardBodyHeight():73 leave 267 height for app when ime window height:2155, header height:121 and isFullscreenMode:false, so the max keyboard body height is:1767
02-24 20:47:31.332 17297 17297 I BaseKeyboardSizeHelper: BaseKeyboardSizeHelper.calculateMaxKeyboardBodyHeight():73 leave 267 height for app when ime window height:2155, header height:121 and isFullscreenMode:false, so the max keyboard body height is:1767
02-24 20:47:31.332 17297 17988 I Delight5Decoder: Delight5DecoderWrapper.setKeyboardLayout():548 setKeyboardLayout()
02-24 20:47:31.332 17297 17297 I AndroidIME: KeyboardViewManager.updateKeyboardBottomFrame():489 Set bottomFrameHeight = 5 while holderPaddingBottom = 5; navigationHeight = 132
02-24 20:47:31.335 17297 17297 I KeyboardModeUtils: KeyboardModeUtils.getKeyboardBottomOffset():435 inch: 0.000000 ydpi: 389.466003 adjustKeyboardBottomByDisplaySize: false currentDensityDpi: 440 defaultDensityDpi: 440 keyboardBottomToScreenPx: 0 keyboardBottomToNavBarPx: -132 navBarHeight: 132
02-24 20:47:31.335 17297 17297 I BaseKeyboardSizeHelper: BaseKeyboardSizeHelper.calculateMaxKeyboardBodyHeight():73 leave 267 height for app when ime window height:2155, header height:121 and isFullscreenMode:false, so the max keyboard body height is:1767
02-24 20:47:31.335 17297 17297 I BaseKeyboardSizeHelper: BaseKeyboardSizeHelper.calculateMaxKeyboardBodyHeight():73 leave 267 height for app when ime window height:2155, header height:121 and isFullscreenMode:false, so the max keyboard body height is:1767
02-24 20:47:31.335 17297 17297 I AndroidIME: KeyboardViewManager.updateKeyboardBottomFrame():489 Set bottomFrameHeight = 5 while holderPaddingBottom = 5; navigationHeight = 132
02-24 20:47:31.460 17297 17297 W TooltipLifecycleManager: TooltipLifecycleManager.dismissTooltips():153 Tooltip with id spell_check_add_to_dictionary not found in tooltipManager.
02-24 20:47:31.560 22980 22980 I flutter : [WS] Error: WebSocketChannelException: WebSocketException: Connection to 'https://api.devdeepak.me/api/v1/ws#' was not upgraded to websocket
02-24 20:47:31.560 22980 22980 I flutter : [WS] Reconnecting in 2s (attempt 2)
02-24 20:47:31.560 22980 22980 I flutter : [WS] Connection closed
02-24 20:47:31.560 22980 22980 E flutter : [ERROR:flutter/runtime/dart_vm_initializer.cc(40)] Unhandled Exception: WebSocketChannelException: WebSocketException: Connection to 'https://api.devdeepak.me/api/v1/ws#' was not upgraded to websocket
02-24 20:47:31.652 22980 22980 I ImeTracker: com.chizze.app:1df4dfac: onShown
02-24 20:47:32.197 17297 17297 W TooltipLifecycleManager: TooltipLifecycleManager.dismissTooltips():153 Tooltip with id SUGGESTION_VIEW_EDU_MINI_DIALOG not found in tooltipManager.
02-24 20:47:32.198 17297 17297 W LatinPrimeKeyboard: LatinPrimeKeyboard.consumeEvent():390 consumeEvent() : UPDATE_DYNAMIC_KEYS, no dynamic layout
02-24 20:47:32.212 17297 17297 I KeyboardModeUtils: KeyboardModeUtils.getKeyboardBottomOffset():435 inch: 0.000000 ydpi: 389.466003 adjustKeyboardBottomByDisplaySize: false currentDensityDpi: 440 defaultDensityDpi: 440 keyboardBottomToScreenPx: 0 keyboardBottomToNavBarPx: -132 navBarHeight: 132
02-24 20:47:32.212 17297 17297 I BaseKeyboardSizeHelper: BaseKeyboardSizeHelper.calculateMaxKeyboardBodyHeight():73 leave 267 height for app when ime window height:2155, header height:121 and isFullscreenMode:false, so the max keyboard body height is:1767
02-24 20:47:32.212 17297 17297 I BaseKeyboardSizeHelper: BaseKeyboardSizeHelper.calculateMaxKeyboardBodyHeight():73 leave 267 height for app when ime window height:2155, header height:121 and isFullscreenMode:false, so the max keyboard body height is:1767
02-24 20:47:32.212 17297 17297 I AndroidIME: KeyboardViewManager.updateKeyboardBottomFrame():489 Set bottomFrameHeight = 5 while holderPaddingBottom = 5; navigationHeight = 132
02-24 20:47:32.239 17297 17297 I KeyboardModeUtils: KeyboardModeUtils.getKeyboardBottomOffset():435 inch: 0.000000 ydpi: 389.466003 adjustKeyboardBottomByDisplaySize: false currentDensityDpi: 440 defaultDensityDpi: 440 keyboardBottomToScreenPx: 0 keyboardBottomToNavBarPx: -132 navBarHeight: 132
02-24 20:47:32.239 17297 17297 I BaseKeyboardSizeHelper: BaseKeyboardSizeHelper.calculateMaxKeyboardBodyHeight():73 leave 267 height for app when ime window height:2155, header height:121 and isFullscreenMode:false, so the max keyboard body height is:1767
02-24 20:47:32.239 17297 17297 I BaseKeyboardSizeHelper: BaseKeyboardSizeHelper.calculateMaxKeyboardBodyHeight():73 leave 267 height for app when ime window height:2155, header height:121 and isFullscreenMode:false, so the max keyboard body height is:1767
02-24 20:47:32.239 17297 17297 I AndroidIME: KeyboardViewManager.updateKeyboardBottomFrame():489 Set bottomFrameHeight = 5 while holderPaddingBottom = 5; navigationHeight = 132
02-24 20:47:32.375 17297 17297 W TooltipLifecycleManager: TooltipLifecycleManager.dismissTooltips():153 Tooltip with id SUGGESTION_VIEW_EDU_MINI_DIALOG not found in tooltipManager.
02-24 20:47:32.424 17297 17297 I KeyboardModeUtils: KeyboardModeUtils.getKeyboardBottomOffset():435 inch: 0.000000 ydpi: 389.466003 adjustKeyboardBottomByDisplaySize: false currentDensityDpi: 440 defaultDensityDpi: 440 keyboardBottomToScreenPx: 0 keyboardBottomToNavBarPx: -132 navBarHeight: 132
02-24 20:47:32.425 17297 17297 I BaseKeyboardSizeHelper: BaseKeyboardSizeHelper.calculateMaxKeyboardBodyHeight():73 leave 267 height for app when ime window height:2155, header height:121 and isFullscreenMode:false, so the max keyboard body height is:1767
02-24 20:47:32.425 17297 17297 I BaseKeyboardSizeHelper: BaseKeyboardSizeHelper.calculateMaxKeyboardBodyHeight():73 leave 267 height for app when ime window height:2155, header height:121 and isFullscreenMode:false, so the max keyboard body height is:1767
02-24 20:47:32.425 17297 17297 I AndroidIME: KeyboardViewManager.updateKeyboardBottomFrame():489 Set bottomFrameHeight = 5 while holderPaddingBottom = 5; navigationHeight = 132
02-24 20:47:32.840 17297 17297 W TooltipLifecycleManager: TooltipLifecycleManager.dismissTooltips():153 Tooltip with id SUGGESTION_VIEW_EDU_MINI_DIALOG not found in tooltipManager.
02-24 20:47:32.841 17297 17297 W LatinPrimeKeyboard: LatinPrimeKeyboard.consumeEvent():390 consumeEvent() : UPDATE_DYNAMIC_KEYS, no dynamic layout
02-24 20:47:32.859 17297 17297 I KeyboardModeUtils: KeyboardModeUtils.getKeyboardBottomOffset():435 inch: 0.000000 ydpi: 389.466003 adjustKeyboardBottomByDisplaySize: false currentDensityDpi: 440 defaultDensityDpi: 440 keyboardBottomToScreenPx: 0 keyboardBottomToNavBarPx: -132 navBarHeight: 132
02-24 20:47:32.860 17297 17297 I BaseKeyboardSizeHelper: BaseKeyboardSizeHelper.calculateMaxKeyboardBodyHeight():73 leave 267 height for app when ime window height:2155, header height:121 and isFullscreenMode:false, so the max keyboard body height is:1767
02-24 20:47:32.860 17297 17297 I BaseKeyboardSizeHelper: BaseKeyboardSizeHelper.calculateMaxKeyboardBodyHeight():73 leave 267 height for app when ime window height:2155, header height:121 and isFullscreenMode:false, so the max keyboard body height is:1767
02-24 20:47:32.860 17297 17297 I AndroidIME: KeyboardViewManager.updateKeyboardBottomFrame():489 Set bottomFrameHeight = 5 while holderPaddingBottom = 5; navigationHeight = 132
02-24 20:47:32.874 17297 17297 I KeyboardModeUtils: KeyboardModeUtils.getKeyboardBottomOffset():435 inch: 0.000000 ydpi: 389.466003 adjustKeyboardBottomByDisplaySize: false currentDensityDpi: 440 defaultDensityDpi: 440 keyboardBottomToScreenPx: 0 keyboardBottomToNavBarPx: -132 navBarHeight: 132
02-24 20:47:32.875 17297 17297 I BaseKeyboardSizeHelper: BaseKeyboardSizeHelper.calculateMaxKeyboardBodyHeight():73 leave 267 height for app when ime window height:2155, header height:121 and isFullscreenMode:false, so the max keyboard body height is:1767
02-24 20:47:32.875 17297 17297 I BaseKeyboardSizeHelper: BaseKeyboardSizeHelper.calculateMaxKeyboardBodyHeight():73 leave 267 height for app when ime window height:2155, header height:121 and isFullscreenMode:false, so the max keyboard body height is:1767
02-24 20:47:32.875 17297 17297 I AndroidIME: KeyboardViewManager.updateKeyboardBottomFrame():489 Set bottomFrameHeight = 5 while holderPaddingBottom = 5; navigationHeight = 132
02-24 20:47:33.220 17297 17297 W TooltipLifecycleManager: TooltipLifecycleManager.dismissTooltips():153 Tooltip with id SUGGESTION_VIEW_EDU_MINI_DIALOG not found in tooltipManager.
02-24 20:47:33.277 17297 17297 I KeyboardModeUtils: KeyboardModeUtils.getKeyboardBottomOffset():435 inch: 0.000000 ydpi: 389.466003 adjustKeyboardBottomByDisplaySize: false currentDensityDpi: 440 defaultDensityDpi: 440 keyboardBottomToScreenPx: 0 keyboardBottomToNavBarPx: -132 navBarHeight: 132
02-24 20:47:33.277 17297 17297 I BaseKeyboardSizeHelper: BaseKeyboardSizeHelper.calculateMaxKeyboardBodyHeight():73 leave 267 height for app when ime window height:2155, header height:121 and isFullscreenMode:false, so the max keyboard body height is:1767
02-24 20:47:33.277 17297 17297 I BaseKeyboardSizeHelper: BaseKeyboardSizeHelper.calculateMaxKeyboardBodyHeight():73 leave 267 height for app when ime window height:2155, header height:121 and isFullscreenMode:false, so the max keyboard body height is:1767
02-24 20:47:33.277 17297 17297 I AndroidIME: KeyboardViewManager.updateKeyboardBottomFrame():489 Set bottomFrameHeight = 5 while holderPaddingBottom = 5; navigationHeight = 132
02-24 20:47:33.561 22980 22980 I flutter : [WS] Connecting to wss://api.devdeepak.me:443/api/v1/ws
02-24 20:47:33.561 22980 22980 I flutter : [WS] Connected
02-24 20:47:33.574 10742 10892 I FusedLocation: (REDACTED) location delivery to %s blocked - too close
02-24 20:47:33.576 10742 10892 I FusedLocation: (REDACTED) location delivery to %s blocked - too close
02-24 20:47:33.577 10742 24813 W PersonalSafety: Reject: No sufficient displacement. [CONTEXT service_id=310 ]
02-24 20:47:33.578 10742 24813 W PersonalSafety: Ble scanner not running, ignore location update [CONTEXT service_id=310 ]
02-24 20:47:33.582 10742 10892 I FusedLocation: (REDACTED) location delivery to %s blocked - too fast
02-24 20:47:33.593 10742 10892 I FusedLocation: (REDACTED) location delivery to %s blocked - too inaccurate
02-24 20:47:33.595 10742 10892 I gkin    : Received empty WiFi-RTT scan. [CONTEXT service_id=6 ]
02-24 20:47:33.595 11160 25377 W ConsentManagerApiServic: Consent Manager API is not enabled. [CONTEXT service_id=460 ]
02-24 20:47:33.624 10742 24886 I SemanticLocation: [InfMgr] No location reports after filtering [CONTEXT service_id=173 ]
02-24 20:47:33.658 22980 22980 I ImeTracker: com.chizze.app:6961bdf7: onRequestShow at ORIGIN_CLIENT reason SHOW_SOFT_INPUT fromUser false
02-24 20:47:33.659 17297 17297 I GoogleInputMethodService: GoogleInputMethodService.onStartInput():1384 onStartInput(EditorInfo{EditorInfo{packageName=com.chizze.app, inputType=8021, inputTypeString=EmailAddress[AutoCorrect], enableLearning=true, autoCorrection=true, autoComplete=true, imeOptions=2000006, privateImeOptions=null, actionName=DONE, actionLabel=null, initialSelStart=0, initialSelEnd=0, initialCapsMode=0, label=null, fieldId=1, fieldName=null, extras=Bundle[mParcelledData.dataSize=168], hintText=null, hintLocales=[]}}, true)
02-24 20:47:33.659 17297 17297 W SessionManager: SessionManager.beginSession():53 Try to begin an already begun session [INPUT_SESSION], end it first
02-24 20:47:33.659 17297 17297 W SessionManager: SessionManager.endSession():96 Child session [INPUT_VIEW_SESSION] is not ended while ending session [{INPUT_VIEW_SESSION=1771946251249, IME_SESSION=1771946251254, INPUT_SESSION=1771946251243, TRAINING_CACHE_SESSION=1771946251254}], ending it now.
02-24 20:47:33.659 17297 17297 W SessionManager: SessionManager.endSession():96 Child session [IME_SESSION] is not ended while ending session [{INPUT_VIEW_SESSION=1771946251249, IME_SESSION=1771946251254, INPUT_SESSION=1771946251243, TRAINING_CACHE_SESSION=1771946251254}], ending it now.
02-24 20:47:33.660 17297 17297 I Module  : DeviceLockedStatusModuleProvider$Module.updateDeviceLockedStatus():103 repeatCheckTimes = 1, locked = false
02-24 20:47:33.662 17297 17297 I GoogleInputMethodService: GoogleInputMethodService.onStartInputView():1472 onStartInputView(EditorInfo{EditorInfo{packageName=com.chizze.app, inputType=8021, inputTypeString=EmailAddress[AutoCorrect], enableLearning=true, autoCorrection=true, autoComplete=true, imeOptions=2000006, privateImeOptions=null, actionName=DONE, actionLabel=null, initialSelStart=0, initialSelEnd=0, initialCapsMode=0, label=null, fieldId=1, fieldName=null, extras=Bundle[{androidx.core.view.inputmethod.EditorInfoCompat.STYLUS_HANDWRITING_ENABLED=true}], hintText=null, hintLocales=[]}}, true)
02-24 20:47:33.664 17297 17297 I InputBundle: InputBundle.consumeEvent():1041 Skip consuming an event as keyboard status is INACTIVE
02-24 20:47:33.665 17297 17297 I AndroidIME: AbstractIme.onDeactivate():213 LatinIme.onDeactivate()
02-24 20:47:33.665 17297 17976 I NebulaeTrainingCacheMetricsProcessor: NebulaeTrainingCacheMetricsProcessor.processEndSession():568 End training cache session: com.instagram.android_2131441785/
02-24 20:47:33.665 17297 17297 W SessionManager: SessionManager.endSession():88 Try to end a not begun session [IME_SESSION].
02-24 20:47:33.666 17297 17297 I KeyboardHeightUtil: KeyboardHeightUtil.getOemKeyboardHeightRatio():81 systemKeyboardHeightRatio:1.000000.
02-24 20:47:33.672 17297 17976 W ModuleManager: ModuleManager.loadModule():578 Module pdt is not available
02-24 20:47:33.676 17297 17297 I AndroidIME: InputBundleManager.loadActiveInputBundleId():531 loadActiveInputBundleId: en-US, ime_english_united_states
02-24 20:47:33.676 17297 17297 I AndroidIME: AbstractIme.onActivate():95 LatinIme.onActivate() : EditorInfo = EditorInfo{packageName=com.chizze.app, inputType=8021, inputTypeString=EmailAddress[AutoCorrect], enableLearning=true, autoCorrection=true, autoComplete=true, imeOptions=2000006, privateImeOptions=null, actionName=DONE, actionLabel=null, initialSelStart=0, initialSelEnd=0, initialCapsMode=0, label=null, fieldId=1, fieldName=null, extras=Bundle[{androidx.core.view.inputmethod.EditorInfoCompat.STYLUS_HANDWRITING_ENABLED=true}], hintText=null, hintLocales=[]}, IncognitoMode = false, DeviceLocked = false
02-24 20:47:33.677 17297 17297 I Delight5Facilitator: Delight5Facilitator.initializeForIme():745 initializeForIme() : Locale = [en_US], layout = qwerty
02-24 20:47:33.678 17297 17297 I LatinIme: LatinIme.updateEnableInlineSuggestionsOnDecoderSideFlags():1255 inline flag updated to:false
02-24 20:47:33.678 17297 17976 I OnDeviceWmrCalculator: OnDeviceWmrCalculator.calculateWmr():94 WMR: 0.0000 (0 / 2)
02-24 20:47:33.678 17297 17976 I NebulaeTrainingCacheMetricsProcessor: NebulaeTrainingCacheMetricsProcessor.processBeginSession():247 Begin training cache session: com.instagram.android_2131441785/
02-24 20:47:33.680 17297 17297 I LatinIme: LatinIme.updateEnableInlineSuggestionsOnDecoderSideFlags():1255 inline flag updated to:false
02-24 20:47:33.684 17297 17297 I LatinIme: LatinIme.resetInputContext():2262 resetInputContext(): reason=1, externalEditsInfo=ExternalEditsInfo{action=0, offset=-1, text=null, originalText=null, edits=null}
02-24 20:47:33.684 17297 17297 I InputBundle: InputBundle.consumeEvent():1041 Skip consuming an event as keyboard status is INACTIVE
02-24 20:47:33.686 17297 17297 I KeyboardWrapper: KeyboardWrapper.activateKeyboard():582 activateKeyboard(): type=prime, status=INACTIVE, imeDef=nkh{stringId=ime_english_united_states, language=en-US, languageTag=en-US, processedConditions={writing_helper_enable_by_word_revert=false, true=true, enable_number_row=true, device=phone, enable_pk_simulator=false}, className=com.google.android.apps.inputmethod.libs.latin5.LatinIme, label=0, keyEventInterpreter=null, inlineComposing=true, autoCapital=true, announceAutoSelectedCandidate=true, statusIcon=0, indicatorIcon=0, indicatorLabel=US, displayAppCompletions=true, extraValues=nka{#0x7f0b02e2=TypedValue{t=0x3/d=0x0 "com.google.android.apps.inputmethod.libs.latin5.LatinIme"}}, processors=nlz@d5df8bc, unacceptableMetaKeys=4098, languageSpecificSettings=0, asciiCapable=true, alwaysShowSuggestions=false, useAsciiPasswordKeyboard=false, keyboardGroupDef=nli@4df3938, phenotypeFlagId=0, localizationLanguageTag=null, supportsInlineSuggestion=true}
02-24 20:47:33.686 17297 17297 I KeyboardManager: KeyboardManager.requestKeyboard():249 Creating keyboard prime, imeId=ime_english_united_states, cacheKey=theme,!gsf,!pgsans,!pgsf,!use_system_font,BORDER,FLAVOR_DPI=XXHDPI,KEYBOARD_WIDTH_CATEGORY=NORMAL,KEY_BORDER_SHAPE=1,LIGHT_THEME=false,PHYSICAL_DIAGONAL=5.748144,POPUP,SCREEN_SHORTEST_WIDTH=393,SCREEN_SHORTEST_WIDTH_NO_SCALE=393,XXHDPI,bottom4dp,enable_popup_on_keypress=true,keyboard_redesign_google_sans=true,non_linear_scale,noshadow,overlay_builtin_dynamic_color_dark_base.binarypb:gm3-dark-ff121318-ffb7caff-03739404f1189b28aed05fb048a8b8af,silkpopup
02-24 20:47:33.687 17297 17297 I KeyboardWrapper: KeyboardWrapper.onKeyboardReady():224 onKeyboardReady(): type=prime(prime), kb=com.google.android.apps.inputmethod.latin.keyboard.LatinPrimeKeyboard@f8b80cb
02-24 20:47:33.688 17297 17297 I KeyboardWrapper: KeyboardWrapper.doActivateKeyboard():612 doActivateKeyboard(): prime
02-24 20:47:33.691 17297 17297 I BaseKeyboardSizeHelper: BaseKeyboardSizeHelper.calculateMaxKeyboardBodyHeight():73 leave 267 height for app when ime window height:2155, header height:121 and isFullscreenMode:false, so the max keyboard body height is:1767
02-24 20:47:33.691 17297 17297 W TooltipLifecycleManager: TooltipLifecycleManager.dismissTooltips():153 Tooltip with id undo_access_point_promotion_banner not found in tooltipManager.
02-24 20:47:33.692 17297 17297 I GlobeKeyExtension: GlobeKeyExtension.getKeyboardInitialStates():175 
02-24 20:47:33.693 17297 17297 W Keyboard: Keyboard.getKeyboardViewHelper():604 null helper is returned: keyboardDef=nlc{processedConditions={show_comma_key=true, enable_more_candidates_view_for_multilingual=false, layout_9key_split=false, enable_secondary_symbols=false, pref_enable_flick_symbols=false, language=en-US, deprecate_long_press_space_for_ime_picker=false, expressions=normal, android_software_xr_api_spatial=false, variant=qwerty, show_period_key=true, enable_number_row=true, device=phone, keyboard_mode=normal, show_secondary_digits=false, enable_pk_simulator=false, enable_preemptive_decode=true}, globalConditions={global_theme_key=theme,!gsf,!pgsans,!pgsf,!use_system_font,BORDER,FLAVOR_DPI=XXHDPI,KEYBOARD_WIDTH_CATEGORY=NORMAL,KEY_BORDER_SHAPE=1,LIGHT_THEME=false,PHYSICAL_DIAGONAL=5.748144,POPUP,SCREEN_SHORTEST_WIDTH=393,SCREEN_SHORTEST_WIDTH_NO_SCALE=393,XXHDPI,bottom4dp,enable_popup_on_keypress=true,keyboard_redesign_google_sans=true,non_linear_scale,noshadow,overlay_builtin_dynamic_color_dark_base.binarypb:gm3-dark-ff121318-ffb7caff-03739404f1189b28aed05fb048a8b8af,silkpopup, global_locale=en_US, global_density_dpi=440, global_orientation=1}, className=.latin.keyboard.LatinPrimeKeyboard, resourceIds=[#0x7f1705f9, #0x7f17088b], initialStates=0, keyboardViewDefs=[nlq{direction=null, id=#0x7f0b0225, isScalable=true, layoutId=#0x7f0e02b3, type=BODY, touchable=true, defaultShow=true}, nlq{direction=null, id=#0x7f0b0225, isScalable=false, layoutId=#0x7f0e020f, type=FLOATING_CANDIDATES, touchable=false, defaultShow=false}, nlq{direction=LOCALE, id=#0x7f0b0225, isScalable=false, layoutId=#0x7f0e0516, type=HEADER, touchable=true, defaultShow=true}], persistentStates=0, persistentStatesPrefKey=null, popupBubbleLayoutId=#0x7f0e0604, recentKeyLayoutId=#0x0, recentKeyPopupLayoutId=#0x0, recentKeyType=null, rememberRecentKey=NONE, sessionStates=17592186044419}, type=WIDGET, helpersCreated={HEADER=mwp@25dd934, BODY=mwp@c5b835d, FLOATING_CANDIDATES=mwp@beb74d2}, context.getResources().getConfiguration(): {1.0 405mcc857mnc [en_US] ldltr sw393dp w393dp h808dp 440dpi nrml long hdr widecg port night finger -keyb/v/h -nav/h winConfig={ mBounds=Rect(0, 0 - 1080, 2392) mAppBounds=Rect(0, 103 - 1080, 2326) mMaxBounds=Rect(0, 0 - 1080, 2392) mDisplayRotation=ROTATION_0 mWindowingMode=fullscreen mActivityType=undefined mAlwaysOnTop=undefined mRotation=ROTATION_0 isEmbedding:false} s.30624 fontWeightAdjustment=0 themeId=2 themeParameter=0 nightModeLevel = -1 typefaceChanged=0.0 ?spacesystem eaMode=1}
02-24 20:47:33.693 17297 17297 I BaseKeyboardSizeHelper: BaseKeyboardSizeHelper.calculateMaxKeyboardBodyHeight():73 leave 267 height for app when ime window height:2155, header height:121 and isFullscreenMode:false, so the max keyboard body height is:1767
02-24 20:47:33.699 17297 17297 I AndroidIME: InputBundleManager.startInput():361 startInput() with nlm[keyboardType=prime, payload=null]
02-24 20:47:33.700 17297 17297 I GlobeKeyExtension: GlobeKeyExtension.onDeactivate():144 
02-24 20:47:33.700 17297 17297 W TooltipLifecycleManager: TooltipLifecycleManager.dismissTooltips():153 Tooltip with id SUGGESTION_VIEW_EDU_MINI_DIALOG not found in tooltipManager.
02-24 20:47:33.700 17297 17297 I VoiceInputManagerWrapper: VoiceInputManagerWrapper.shutdown():131 shutdown()
02-24 20:47:33.702 17297 17297 I PkModeUpdater: PkModeUpdater.onActivate():74 onActivate false true
02-24 20:47:33.702 17297 17297 I AccessoryInputModeManager: AccessoryInputModeManager.onModeStarted():324 Accessory input mode started: null
02-24 20:47:33.702 17297 17297 W SupplementaryKeyboardsWrapper: SupplementaryKeyboardsWrapper.deactivateKeyboard():162 keyboard accessory_candidates_consumer is not activated before!
02-24 20:47:33.704 17297 17297 I KeyboardModeUtils: KeyboardModeUtils.getKeyboardBottomOffset():435 inch: 0.000000 ydpi: 389.466003 adjustKeyboardBottomByDisplaySize: false currentDensityDpi: 440 defaultDensityDpi: 440 keyboardBottomToScreenPx: 0 keyboardBottomToNavBarPx: -132 navBarHeight: 132
02-24 20:47:33.704 17297 17297 I BaseKeyboardSizeHelper: BaseKeyboardSizeHelper.calculateMaxKeyboardBodyHeight():73 leave 267 height for app when ime window height:2155, header height:121 and isFullscreenMode:false, so the max keyboard body height is:1767
02-24 20:47:33.704 17297 17297 I BaseKeyboardSizeHelper: BaseKeyboardSizeHelper.calculateMaxKeyboardBodyHeight():73 leave 267 height for app when ime window height:2155, header height:121 and isFullscreenMode:false, so the max keyboard body height is:1767
02-24 20:47:33.704 17297 17297 I AndroidIME: KeyboardViewManager.updateKeyboardBottomFrame():489 Set bottomFrameHeight = 5 while holderPaddingBottom = 5; navigationHeight = 132
02-24 20:47:33.705 17297 17297 I BaseKeyboardSizeHelper: BaseKeyboardSizeHelper.calculateMaxKeyboardBodyHeight():73 leave 267 height for app when ime window height:2155, header height:121 and isFullscreenMode:false, so the max keyboard body height is:1767
02-24 20:47:33.705 17297 17297 I BaseKeyboardSizeHelper: BaseKeyboardSizeHelper.calculateMaxKeyboardBodyHeight():73 leave 267 height for app when ime window height:2155, header height:121 and isFullscreenMode:false, so the max keyboard body height is:1767
02-24 20:47:33.705 17297 17297 W ExtensionWrapper: ExtensionWrapper.setExtensionViewVisibility():876 interface nac is not activate
02-24 20:47:33.709 17297 17297 I LanguagePromoExtension: LanguagePromoExtension.checkDisplayPreconditions():171 Not show language promo: exceeds the max display times.
02-24 20:47:33.709 17297 17297 I GlobeKeyExtension: GlobeKeyExtension.onActivate():120 
02-24 20:47:33.710 17297 17297 I VoiceInputManagerWrapper: VoiceInputManagerWrapper.cancelShutdown():109 cancelShutdown()
02-24 20:47:33.710 17297 17297 I VoiceInputManagerWrapper: VoiceInputManagerWrapper.syncLanguagePacks():121 syncLanguagePacks()
02-24 20:47:33.710 17297 17297 I VoiceInputManager: VoiceInputManager.onKeyboardActivated():1215 onKeyboardActivated() [UD]
02-24 20:47:33.711 17297 23672 I SpeechFactory: SpeechRecognitionFactory.maybeScheduleAutoPackDownloadForFallback():217 maybeScheduleAutoPackDownloadForFallback()
02-24 20:47:33.711 17297 23672 I FallbackOnDeviceRecognitionProvider: FallbackOnDeviceRecognitionProvider.maybeScheduleAutoPackDownload():213 maybeScheduleAutoPackDownload() for language tag en-US
02-24 20:47:33.711 17297 17297 I Module  : DeviceLockedStatusModuleProvider$Module.updateDeviceLockedStatus():103 repeatCheckTimes = 1, locked = false
02-24 20:47:33.712 17297 17297 I VoiceImeExtension: VoiceImeExtension.shouldStartVoiceInputAutomaticallyInCurrentInputBox():384 No private IME option set to start voice input.
02-24 20:47:33.712 17297 17297 I StylusModule: StylusModule.onUpdateToolType():774 Update tool type = 1
02-24 20:47:33.717 22980 22980 I ImeTracker: com.chizze.app:6961bdf7: onCancelled at PHASE_CLIENT_APPLY_ANIMATION
02-24 20:47:33.720 17297 17297 I WindowMetricsNotification: WindowMetricsNotification.notifyWithWindow():166 
02-24 20:47:33.720 17297 17297 I WindowMetricsNotification: WindowMetricsNotification.notify():159 qjg[bounds=Rect(0, 105 - 1080, 2392), insets=Rect(0, 0 - 0, 132), densityDpi=440, smallestScreenWidthDp=393, displayWidth=1080, displayHeight=2392, xdpi=391.885, ydpi=389.466, isTrustable=true, displayId=0]; DisplayMetrics{density=2.75, width=1080, height=2392, scaledDensity=2.75, xdpi=391.885, ydpi=389.466}
02-24 20:47:33.727 17297 17297 I GoogleInputMethodService: GoogleInputMethodService$1.onKeyboardViewShown():331 onKeyboardViewShown: keyboardType=prime, keyboardViewType=HEADER keyboardView=com.google.android.libraries.inputmethod.widgets.SoftKeyboardView{c18c11c V.E...... ........ 0,0-1080,121}
02-24 20:47:33.727 17297 17297 I BaseKeyboardSizeHelper: BaseKeyboardSizeHelper.calculateMaxKeyboardBodyHeight():73 leave 267 height for app when ime window height:2155, header height:121 and isFullscreenMode:false, so the max keyboard body height is:1767
02-24 20:47:33.727 17297 17297 I GoogleInputMethodService: GoogleInputMethodService$1.onKeyboardViewShown():331 onKeyboardViewShown: keyboardType=prime, keyboardViewType=BODY keyboardView=com.google.android.libraries.inputmethod.widgets.SoftKeyboardView{ffe5786 V.E...... ........ 0,0-1080,693}
02-24 20:47:33.727 17297 17297 I BaseKeyboardSizeHelper: BaseKeyboardSizeHelper.calculateMaxKeyboardBodyHeight():73 leave 267 height for app when ime window height:2155, header height:121 and isFullscreenMode:false, so the max keyboard body height is:1767
02-24 20:47:33.727 17297 17297 I GlobeKeyExtension: GlobeKeyExtension$1.onKeyboardViewShown():72 maybeDisableLanguageSwitchKeyPref when the keyboard is shown
02-24 20:47:33.727 17297 17297 I GlobeKeyExtension: GlobeKeyExtension.maybeDisableLanguageSwitchKeyPref():200 maybeDisableLanguageSwitchKeyPref hasGlobeKeyBeenDisabled: false, shouldDisableLanguageSwitchKey: false
02-24 20:47:33.728 17297 17297 I NewLanguagePromptExtension: NewLanguagePromptExtension$1.onKeyboardViewShown():98 Not show new language banner: no change in enabled input method entries
02-24 20:47:33.728 17297 17297 I DynamicLayoutHandler: DynamicLayoutHandler.loadDynamicKeys():92 This isn't a dynamic layout.
02-24 20:47:33.728 17297 17988 I Delight5Decoder: Delight5DecoderWrapper.setKeyboardLayout():548 setKeyboardLayout()
02-24 20:47:33.728 17297 17297 I KeyboardModeUtils: KeyboardModeUtils.getKeyboardBottomOffset():435 inch: 0.000000 ydpi: 389.466003 adjustKeyboardBottomByDisplaySize: false currentDensityDpi: 440 defaultDensityDpi: 440 keyboardBottomToScreenPx: 0 keyboardBottomToNavBarPx: -132 navBarHeight: 132
02-24 20:47:33.729 17297 17297 I BaseKeyboardSizeHelper: BaseKeyboardSizeHelper.calculateMaxKeyboardBodyHeight():73 leave 267 height for app when ime window height:2155, header height:121 and isFullscreenMode:false, so the max keyboard body height is:1767
02-24 20:47:33.729 17297 17297 I BaseKeyboardSizeHelper: BaseKeyboardSizeHelper.calculateMaxKeyboardBodyHeight():73 leave 267 height for app when ime window height:2155, header height:121 and isFullscreenMode:false, so the max keyboard body height is:1767
02-24 20:47:33.729 17297 17297 I AndroidIME: KeyboardViewManager.updateKeyboardBottomFrame():489 Set bottomFrameHeight = 5 while holderPaddingBottom = 5; navigationHeight = 132
02-24 20:47:33.850 22980 22980 I flutter : [WS] Error: WebSocketChannelException: WebSocketException: Connection to 'https://api.devdeepak.me/api/v1/ws#' was not upgraded to websocket
02-24 20:47:33.850 22980 22980 I flutter : [WS] Reconnecting in 4s (attempt 3)
02-24 20:47:33.850 22980 22980 I flutter : [WS] Connection closed
02-24 20:47:33.850 22980 22980 E flutter : [ERROR:flutter/runtime/dart_vm_initializer.cc(40)] Unhandled Exception: WebSocketChannelException: WebSocketException: Connection to 'https://api.devdeepak.me/api/v1/ws#' was not upgraded to websocket
