02-24 20:47:33.885 17297 17297 W TooltipLifecycleManager: TooltipLifecycleManager.dismissTooltips():153 Tooltip with id spell_check_add_to_dictionary not found in tooltipManager.
02-24 20:47:34.165 10742 10892 I FusedLocation: (REDACTED) location delivery to %s blocked - too fast
02-24 20:47:34.166 10742 10892 I FusedLocation: (REDACTED) location delivery to %s blocked - too close
02-24 20:47:34.168 10742 10892 I FusedLocation: (REDACTED) location delivery to %s blocked - too close
02-24 20:47:34.168 10742 10892 I FusedLocation: (REDACTED) location delivery to %s blocked - too fast
02-24 20:47:34.168 10742 10892 I FusedLocation: (REDACTED) location delivery to %s blocked - too fast
02-24 20:47:34.180 10742 10892 I FusedLocation: (REDACTED) location delivery to %s blocked - too fast
02-24 20:47:34.230 10742 23520 I FusedOrientationManager: Unregistering orientation client. [CONTEXT service_id=6 ]
02-24 20:47:34.356 17297 17297 W TooltipLifecycleManager: TooltipLifecycleManager.dismissTooltips():153 Tooltip with id SUGGESTION_VIEW_EDU_MINI_DIALOG not found in tooltipManager.
02-24 20:47:34.442 17297 17297 I KeyboardModeUtils: KeyboardModeUtils.getKeyboardBottomOffset():435 inch: 0.000000 ydpi: 389.466003 adjustKeyboardBottomByDisplaySize: false currentDensityDpi: 440 defaultDensityDpi: 440 keyboardBottomToScreenPx: 0 keyboardBottomToNavBarPx: -132 navBarHeight: 132
02-24 20:47:34.443 17297 17297 I BaseKeyboardSizeHelper: BaseKeyboardSizeHelper.calculateMaxKeyboardBodyHeight():73 leave 267 height for app when ime window height:2155, header height:121 and isFullscreenMode:false, so the max keyboard body height is:1767
02-24 20:47:34.443 17297 17297 I BaseKeyboardSizeHelper: BaseKeyboardSizeHelper.calculateMaxKeyboardBodyHeight():73 leave 267 height for app when ime window height:2155, header height:121 and isFullscreenMode:false, so the max keyboard body height is:1767
02-24 20:47:34.443 17297 17297 I AndroidIME: KeyboardViewManager.updateKeyboardBottomFrame():489 Set bottomFrameHeight = 5 while holderPaddingBottom = 5; navigationHeight = 132
02-24 20:47:34.575 17297 17297 W TooltipLifecycleManager: TooltipLifecycleManager.dismissTooltips():153 Tooltip with id SUGGESTION_VIEW_EDU_MINI_DIALOG not found in tooltipManager.
02-24 20:47:34.661 17297 17297 W TooltipLifecycleManager: TooltipLifecycleManager.dismissTooltips():153 Tooltip with id SUGGESTION_VIEW_EDU_MINI_DIALOG not found in tooltipManager.
02-24 20:47:34.695 17297 17297 I KeyboardModeUtils: KeyboardModeUtils.getKeyboardBottomOffset():435 inch: 0.000000 ydpi: 389.466003 adjustKeyboardBottomByDisplaySize: false currentDensityDpi: 440 defaultDensityDpi: 440 keyboardBottomToScreenPx: 0 keyboardBottomToNavBarPx: -132 navBarHeight: 132
02-24 20:47:34.695 17297 17297 I BaseKeyboardSizeHelper: BaseKeyboardSizeHelper.calculateMaxKeyboardBodyHeight():73 leave 267 height for app when ime window height:2155, header height:121 and isFullscreenMode:false, so the max keyboard body height is:1767
02-24 20:47:34.695 17297 17297 I BaseKeyboardSizeHelper: BaseKeyboardSizeHelper.calculateMaxKeyboardBodyHeight():73 leave 267 height for app when ime window height:2155, header height:121 and isFullscreenMode:false, so the max keyboard body height is:1767
02-24 20:47:34.695 17297 17297 I AndroidIME: KeyboardViewManager.updateKeyboardBottomFrame():489 Set bottomFrameHeight = 5 while holderPaddingBottom = 5; navigationHeight = 132
02-24 20:47:35.347 17297 17297 W TooltipLifecycleManager: TooltipLifecycleManager.dismissTooltips():153 Tooltip with id SUGGESTION_VIEW_EDU_MINI_DIALOG not found in tooltipManager.
02-24 20:47:35.530 17297 17297 I KeyboardModeUtils: KeyboardModeUtils.getKeyboardBottomOffset():435 inch: 0.000000 ydpi: 389.466003 adjustKeyboardBottomByDisplaySize: false currentDensityDpi: 440 defaultDensityDpi: 440 keyboardBottomToScreenPx: 0 keyboardBottomToNavBarPx: -132 navBarHeight: 132
02-24 20:47:35.531 17297 17297 I BaseKeyboardSizeHelper: BaseKeyboardSizeHelper.calculateMaxKeyboardBodyHeight():73 leave 267 height for app when ime window height:2155, header height:121 and isFullscreenMode:false, so the max keyboard body height is:1767
02-24 20:47:35.531 17297 17297 I BaseKeyboardSizeHelper: BaseKeyboardSizeHelper.calculateMaxKeyboardBodyHeight():73 leave 267 height for app when ime window height:2155, header height:121 and isFullscreenMode:false, so the max keyboard body height is:1767
02-24 20:47:35.531 17297 17297 I AndroidIME: KeyboardViewManager.updateKeyboardBottomFrame():489 Set bottomFrameHeight = 5 while holderPaddingBottom = 5; navigationHeight = 132
02-24 20:47:36.900 17297 17297 I StylusModule: StylusModule.onUpdateToolType():774 Update tool type = 0
02-24 20:47:36.904 17297 17297 I ImeTracker: com.google.android.inputmethod.latin:24eaf0e4: onRequestHide at ORIGIN_IME reason HIDE_SOFT_INPUT_BY_BACK_KEY fromUser true
02-24 20:47:36.913 17297 17297 I GoogleInputMethodService: GoogleInputMethodService.onFinishInputView():1601 onFinishInputView(false)
02-24 20:47:36.915 17297 17297 W TooltipLifecycleManager: TooltipLifecycleManager.dismissTooltips():153 Tooltip with id spell_check_add_to_dictionary not found in tooltipManager.
02-24 20:47:36.915 17297 17297 I GlobeKeyExtension: GlobeKeyExtension.onDeactivate():144 
02-24 20:47:36.915 17297 17297 W TooltipLifecycleManager: TooltipLifecycleManager.dismissTooltips():153 Tooltip with id SUGGESTION_VIEW_EDU_MINI_DIALOG not found in tooltipManager.
02-24 20:47:36.916 17297 17297 I VoiceInputManagerWrapper: VoiceInputManagerWrapper.shutdown():131 shutdown()
02-24 20:47:36.917 17297 17297 I InputBundle: InputBundle.consumeEvent():1041 Skip consuming an event as keyboard status is INACTIVE
02-24 20:47:36.924 17297 17297 I AndroidIME: AbstractIme.onDeactivate():213 LatinIme.onDeactivate()
02-24 20:47:36.925 17297 17976 I NebulaeTrainingCacheMetricsProcessor: NebulaeTrainingCacheMetricsProcessor.processEndSession():568 End training cache session: com.instagram.android_2131441785/
02-24 20:47:36.927 17297 17297 I PrimesLoggerHolder: FrameMetricServiceImpl.stopAsFuture():239 Measurement not found: OnConfigurationChanged
02-24 20:47:36.927 17297 17297 W TooltipLifecycleManager: TooltipLifecycleManager.dismissTooltips():153 Tooltip with id undo_access_point_promotion_banner not found in tooltipManager.
02-24 20:47:36.933 17297 17976 I OnDeviceWmrCalculator: OnDeviceWmrCalculator.calculateWmr():94 WMR: 0.0000 (0 / 2)
02-24 20:47:36.960 17297 17297 I KeyboardModeUtils: KeyboardModeUtils.getKeyboardBottomOffset():435 inch: 0.000000 ydpi: 389.466003 adjustKeyboardBottomByDisplaySize: false currentDensityDpi: 440 defaultDensityDpi: 440 keyboardBottomToScreenPx: 0 keyboardBottomToNavBarPx: -132 navBarHeight: 132
02-24 20:47:36.960 17297 17297 I BaseKeyboardSizeHelper: BaseKeyboardSizeHelper.calculateMaxKeyboardBodyHeight():73 leave 267 height for app when ime window height:2155, header height:121 and isFullscreenMode:false, so the max keyboard body height is:1767
02-24 20:47:36.960 17297 17297 I BaseKeyboardSizeHelper: BaseKeyboardSizeHelper.calculateMaxKeyboardBodyHeight():73 leave 267 height for app when ime window height:2155, header height:121 and isFullscreenMode:false, so the max keyboard body height is:1767
02-24 20:47:36.960 17297 17297 I AndroidIME: KeyboardViewManager.updateKeyboardBottomFrame():489 Set bottomFrameHeight = 5 while holderPaddingBottom = 5; navigationHeight = 132
02-24 20:47:37.252 22980 22980 I ImeTracker: com.chizze.app:f91f1160: onRequestHide at ORIGIN_CLIENT reason HIDE_SOFT_INPUT_ON_ANIMATION_STATE_CHANGED fromUser false
02-24 20:47:37.254 22980 22980 I ImeTracker: com.google.android.inputmethod.latin:24eaf0e4: onHidden
02-24 20:47:37.264 17297 17297 I GoogleInputMethodService: GoogleInputMethodService.onStartInput():1384 onStartInput(EditorInfo{EditorInfo{packageName=com.chizze.app, inputType=8021, inputTypeString=EmailAddress[AutoCorrect], enableLearning=true, autoCorrection=true, autoComplete=true, imeOptions=2000006, privateImeOptions=null, actionName=DONE, actionLabel=null, initialSelStart=23, initialSelEnd=23, initialCapsMode=0, label=null, fieldId=1, fieldName=null, extras=Bundle[mParcelledData.dataSize=168], hintText=null, hintLocales=[]}}, true)
02-24 20:47:37.265 17297 17297 W SessionManager: SessionManager.beginSession():53 Try to begin an already begun session [INPUT_SESSION], end it first
02-24 20:47:37.267 17297 17297 I Module  : DeviceLockedStatusModuleProvider$Module.updateDeviceLockedStatus():103 repeatCheckTimes = 1, locked = false
02-24 20:47:37.768 17297 17297 W TooltipLifecycleManager: TooltipLifecycleManager.dismissTooltips():153 Tooltip with id undo_access_point_promotion_banner not found in tooltipManager.
02-24 20:47:37.852 22980 22980 I flutter : [WS] Connecting to wss://api.devdeepak.me:443/api/v1/ws
02-24 20:47:37.852 22980 22980 I flutter : [WS] Connected
02-24 20:47:37.880 22980 22980 I flutter : [Auth] Onboarding profile save failed (non-fatal): ApiException(500): Failed to update profile
02-24 20:47:38.002 22980 22980 I flutter : [Router] Auth state changed ΓåÆ status=AuthStatus.authenticated, role=customer, isNew=false
02-24 20:47:38.002 22980 22980 I flutter : [Router] redirect: path=/onboarding, status=AuthStatus.authenticated, isAuth=true, isNew=false
02-24 20:47:38.003 22980 22980 I flutter : [Router] redirect: path=/home, status=AuthStatus.authenticated, isAuth=true, isNew=false
02-24 20:47:38.003 22980 22980 I flutter : [Auth] Onboarding complete
02-24 20:47:38.069 22980 22980 W WindowOnBackDispatcher: OnBackInvokedCallback is not enabled for the application.
02-24 20:47:38.069 22980 22980 W WindowOnBackDispatcher: Set 'android:enableOnBackInvokedCallback="true"' in the application manifest.
02-24 20:47:38.072 22980 22980 I ImeTracker: com.chizze.app:8e37012d: onRequestHide at ORIGIN_CLIENT reason HIDE_SOFT_INPUT fromUser false
02-24 20:47:38.075 17297 17297 I GoogleInputMethodService: GoogleInputMethodService.onStartInput():1384 onStartInput(EditorInfo{EditorInfo{packageName=com.chizze.app, inputType=0, inputTypeString=NULL, enableLearning=false, autoCorrection=false, autoComplete=false, imeOptions=0, privateImeOptions=null, actionName=UNSPECIFIED, actionLabel=null, initialSelStart=-1, initialSelEnd=-1, initialCapsMode=0, label=null, fieldId=0, fieldName=null, extras=null, hintText=null, hintLocales=[]}}, true)
02-24 20:47:38.075 17297 17297 W SessionManager: SessionManager.beginSession():53 Try to begin an already begun session [INPUT_SESSION], end it first
02-24 20:47:38.078 17297 17297 I Module  : DeviceLockedStatusModuleProvider$Module.updateDeviceLockedStatus():103 repeatCheckTimes = 1, locked = false
02-24 20:47:38.155 22980 22980 I flutter : [WS] Error: WebSocketChannelException: WebSocketException: Connection to 'https://api.devdeepak.me/api/v1/ws#' was not upgraded to websocket
02-24 20:47:38.155 22980 22980 I flutter : [WS] Reconnecting in 8s (attempt 4)
02-24 20:47:38.155 22980 22980 I flutter : [WS] Connection closed
02-24 20:47:38.156 22980 22980 E flutter : [ERROR:flutter/runtime/dart_vm_initializer.cc(40)] Unhandled Exception: WebSocketChannelException: WebSocketException: Connection to 'https://api.devdeepak.me/api/v1/ws#' was not upgraded to websocket
02-24 20:47:40.476 24656 24659 I AidlLazyServiceRegistrar: Process has 0 (of 1 available) client(s) in use after notification artd has clients: 0
02-24 20:47:40.476 24656 24659 I AidlLazyServiceRegistrar: Trying to shut down the service. No clients in use for any service in process.
02-24 20:47:40.477 24656 24659 I AidlLazyServiceRegistrar: Unregistered all clients and exiting
02-24 20:47:40.642 22980 22980 I flutter : [Router] redirect: path=/profile, status=AuthStatus.authenticated, isAuth=true, isNew=false
02-24 20:47:42.525 22980 22980 I flutter : [Router] redirect: path=/orders, status=AuthStatus.authenticated, isAuth=true, isNew=false
02-24 20:47:43.445 22980 22980 I flutter : [Router] redirect: path=/favorites, status=AuthStatus.authenticated, isAuth=true, isNew=false
02-24 20:47:44.011 22980 22980 I flutter : [Router] redirect: path=/search, status=AuthStatus.authenticated, isAuth=true, isNew=false
02-24 20:47:44.092 22980 22980 I ImeTracker: com.chizze.app:52dc9817: onRequestShow at ORIGIN_CLIENT reason SHOW_SOFT_INPUT fromUser false
02-24 20:47:44.095 17297 17297 I GoogleInputMethodService: GoogleInputMethodService.onStartInput():1384 onStartInput(EditorInfo{EditorInfo{packageName=com.chizze.app, inputType=8001, inputTypeString=Normal[AutoCorrect], enableLearning=true, autoCorrection=true, autoComplete=true, imeOptions=2000006, privateImeOptions=null, actionName=DONE, actionLabel=null, initialSelStart=-1, initialSelEnd=-1, initialCapsMode=0, label=null, fieldId=1, fieldName=null, extras=Bundle[mParcelledData.dataSize=168], hintText=null, hintLocales=[]}}, true)
02-24 20:47:44.095 17297 17297 W SessionManager: SessionManager.beginSession():53 Try to begin an already begun session [INPUT_SESSION], end it first
02-24 20:47:44.096 22980 22980 I ImeTracker: com.chizze.app:d59af4dd: onRequestShow at ORIGIN_CLIENT reason SHOW_SOFT_INPUT fromUser false
02-24 20:47:44.097 17297 17297 I Module  : DeviceLockedStatusModuleProvider$Module.updateDeviceLockedStatus():103 repeatCheckTimes = 1, locked = false
02-24 20:47:44.105 17297 17297 I StylusModule: StylusModule.onUpdateToolType():774 Update tool type = 1
02-24 20:47:44.110 17297 17297 I GoogleInputMethodService: GoogleInputMethodService.onStartInputView():1472 onStartInputView(EditorInfo{EditorInfo{packageName=com.chizze.app, inputType=8001, inputTypeString=Normal[AutoCorrect], enableLearning=true, autoCorrection=true, autoComplete=true, imeOptions=2000006, privateImeOptions=null, actionName=DONE, actionLabel=null, initialSelStart=-1, initialSelEnd=-1, initialCapsMode=0, label=null, fieldId=1, fieldName=null, extras=Bundle[{androidx.core.view.inputmethod.EditorInfoCompat.STYLUS_HANDWRITING_ENABLED=true}], hintText=null, hintLocales=[]}}, false)
02-24 20:47:44.111 17297 17297 I KeyboardHeightUtil: KeyboardHeightUtil.getOemKeyboardHeightRatio():81 systemKeyboardHeightRatio:1.000000.
02-24 20:47:44.116 17297 17976 W ModuleManager: ModuleManager.loadModule():578 Module pdt is not available
02-24 20:47:44.122 17297 17297 I AndroidIME: InputBundleManager.loadActiveInputBundleId():531 loadActiveInputBundleId: en-US, ime_english_united_states
02-24 20:47:44.123 17297 17297 I AndroidIME: AbstractIme.onActivate():95 LatinIme.onActivate() : EditorInfo = EditorInfo{packageName=com.chizze.app, inputType=8001, inputTypeString=Normal[AutoCorrect], enableLearning=true, autoCorrection=true, autoComplete=true, imeOptions=2000006, privateImeOptions=null, actionName=DONE, actionLabel=null, initialSelStart=-1, initialSelEnd=-1, initialCapsMode=0, label=null, fieldId=1, fieldName=null, extras=Bundle[{androidx.core.view.inputmethod.EditorInfoCompat.STYLUS_HANDWRITING_ENABLED=true}], hintText=null, hintLocales=[]}, IncognitoMode = false, DeviceLocked = false
02-24 20:47:44.125 17297 17297 I InputBundle: InputBundle.consumeEvent():1041 Skip consuming an event as keyboard status is INACTIVE
02-24 20:47:44.126 17297 17976 I NebulaeTrainingCacheMetricsProcessor: NebulaeTrainingCacheMetricsProcessor.processBeginSession():247 Begin training cache session: com.instagram.android_2131441785/
02-24 20:47:44.126 17297 17297 I Delight5Facilitator: Delight5Facilitator.initializeForIme():745 initializeForIme() : Locale = [en_US], layout = qwerty
02-24 20:47:44.127 17297 17297 I LatinIme: LatinIme.updateEnableInlineSuggestionsOnDecoderSideFlags():1255 inline flag updated to:false
02-24 20:47:44.134 17297 17297 I LatinIme: LatinIme.updateEnableInlineSuggestionsOnDecoderSideFlags():1255 inline flag updated to:false
02-24 20:47:44.139 17297 17297 I InputBundle: InputBundle.consumeEvent():1041 Skip consuming an event as keyboard status is INACTIVE
02-24 20:47:44.140 17297 17297 I LatinIme: LatinIme.resetInputContext():2262 resetInputContext(): reason=1, externalEditsInfo=ExternalEditsInfo{action=0, offset=-1, text=null, originalText=null, edits=null}
02-24 20:47:44.140 17297 17297 I InputBundle: InputBundle.consumeEvent():1041 Skip consuming an event as keyboard status is INACTIVE
02-24 20:47:44.141 17297 17297 I KeyboardWrapper: KeyboardWrapper.activateKeyboard():582 activateKeyboard(): type=prime, status=INACTIVE, imeDef=nkh{stringId=ime_english_united_states, language=en-US, languageTag=en-US, processedConditions={writing_helper_enable_by_word_revert=false, true=true, enable_number_row=true, device=phone, enable_pk_simulator=false}, className=com.google.android.apps.inputmethod.libs.latin5.LatinIme, label=0, keyEventInterpreter=null, inlineComposing=true, autoCapital=true, announceAutoSelectedCandidate=true, statusIcon=0, indicatorIcon=0, indicatorLabel=US, displayAppCompletions=true, extraValues=nka{#0x7f0b02e2=TypedValue{t=0x3/d=0x0 "com.google.android.apps.inputmethod.libs.latin5.LatinIme"}}, processors=nlz@d5df8bc, unacceptableMetaKeys=4098, languageSpecificSettings=0, asciiCapable=true, alwaysShowSuggestions=false, useAsciiPasswordKeyboard=false, keyboardGroupDef=nli@4df3938, phenotypeFlagId=0, localizationLanguageTag=null, supportsInlineSuggestion=true}
02-24 20:47:44.142 17297 17297 I KeyboardManager: KeyboardManager.requestKeyboard():249 Creating keyboard prime, imeId=ime_english_united_states, cacheKey=theme,!gsf,!pgsans,!pgsf,!use_system_font,BORDER,FLAVOR_DPI=XXHDPI,KEYBOARD_WIDTH_CATEGORY=NORMAL,KEY_BORDER_SHAPE=1,LIGHT_THEME=false,PHYSICAL_DIAGONAL=5.748144,POPUP,SCREEN_SHORTEST_WIDTH=393,SCREEN_SHORTEST_WIDTH_NO_SCALE=393,XXHDPI,bottom4dp,enable_popup_on_keypress=true,keyboard_redesign_google_sans=true,non_linear_scale,noshadow,overlay_builtin_dynamic_color_dark_base.binarypb:gm3-dark-ff121318-ffb7caff-03739404f1189b28aed05fb048a8b8af,silkpopup
02-24 20:47:44.143 17297 17297 I KeyboardWrapper: KeyboardWrapper.onKeyboardReady():224 onKeyboardReady(): type=prime(prime), kb=com.google.android.apps.inputmethod.latin.keyboard.LatinPrimeKeyboard@f8b80cb
02-24 20:47:44.143 17297 17297 I KeyboardWrapper: KeyboardWrapper.doActivateKeyboard():612 doActivateKeyboard(): prime
02-24 20:47:44.146 17297 17297 I BaseKeyboardSizeHelper: BaseKeyboardSizeHelper.calculateMaxKeyboardBodyHeight():73 leave 267 height for app when ime window height:2155, header height:121 and isFullscreenMode:false, so the max keyboard body height is:1767
02-24 20:47:44.147 17297 17297 I GlobeKeyExtension: GlobeKeyExtension.getKeyboardInitialStates():175 
02-24 20:47:44.148 17297 17297 W Keyboard: Keyboard.getKeyboardViewHelper():604 null helper is returned: keyboardDef=nlc{processedConditions={show_comma_key=true, enable_more_candidates_view_for_multilingual=false, layout_9key_split=false, enable_secondary_symbols=false, pref_enable_flick_symbols=false, language=en-US, deprecate_long_press_space_for_ime_picker=false, expressions=normal, android_software_xr_api_spatial=false, variant=qwerty, show_period_key=true, enable_number_row=true, device=phone, keyboard_mode=normal, show_secondary_digits=false, enable_pk_simulator=false, enable_preemptive_decode=true}, globalConditions={global_theme_key=theme,!gsf,!pgsans,!pgsf,!use_system_font,BORDER,FLAVOR_DPI=XXHDPI,KEYBOARD_WIDTH_CATEGORY=NORMAL,KEY_BORDER_SHAPE=1,LIGHT_THEME=false,PHYSICAL_DIAGONAL=5.748144,POPUP,SCREEN_SHORTEST_WIDTH=393,SCREEN_SHORTEST_WIDTH_NO_SCALE=393,XXHDPI,bottom4dp,enable_popup_on_keypress=true,keyboard_redesign_google_sans=true,non_linear_scale,noshadow,overlay_builtin_dynamic_color_dark_base.binarypb:gm3-dark-ff121318-ffb7caff-03739404f1189b28aed05fb048a8b8af,silkpopup, global_locale=en_US, global_density_dpi=440, global_orientation=1}, className=.latin.keyboard.LatinPrimeKeyboard, resourceIds=[#0x7f1705f9, #0x7f17088b], initialStates=0, keyboardViewDefs=[nlq{direction=null, id=#0x7f0b0225, isScalable=true, layoutId=#0x7f0e02b3, type=BODY, touchable=true, defaultShow=true}, nlq{direction=null, id=#0x7f0b0225, isScalable=false, layoutId=#0x7f0e020f, type=FLOATING_CANDIDATES, touchable=false, defaultShow=false}, nlq{direction=LOCALE, id=#0x7f0b0225, isScalable=false, layoutId=#0x7f0e0516, type=HEADER, touchable=true, defaultShow=true}], persistentStates=0, persistentStatesPrefKey=null, popupBubbleLayoutId=#0x7f0e0604, recentKeyLayoutId=#0x0, recentKeyPopupLayoutId=#0x0, recentKeyType=null, rememberRecentKey=NONE, sessionStates=17592186044419}, type=WIDGET, helpersCreated={HEADER=mwp@25dd934, BODY=mwp@c5b835d, FLOATING_CANDIDATES=mwp@beb74d2}, context.getResources().getConfiguration(): {1.0 405mcc857mnc [en_US] ldltr sw393dp w393dp h808dp 440dpi nrml long hdr widecg port night finger -keyb/v/h -nav/h winConfig={ mBounds=Rect(0, 0 - 1080, 2392) mAppBounds=Rect(0, 103 - 1080, 2326) mMaxBounds=Rect(0, 0 - 1080, 2392) mDisplayRotation=ROTATION_0 mWindowingMode=fullscreen mActivityType=undefined mAlwaysOnTop=undefined mRotation=ROTATION_0 isEmbedding:false} s.30624 fontWeightAdjustment=0 themeId=2 themeParameter=0 nightModeLevel = -1 typefaceChanged=0.0 ?spacesystem eaMode=1}
02-24 20:47:44.149 17297 17297 I BaseKeyboardSizeHelper: BaseKeyboardSizeHelper.calculateMaxKeyboardBodyHeight():73 leave 267 height for app when ime window height:2155, header height:121 and isFullscreenMode:false, so the max keyboard body height is:1767
02-24 20:47:44.155 17297 17297 I AndroidIME: InputBundleManager.startInput():361 startInput() with nlm[keyboardType=prime, payload=null]
02-24 20:47:44.156 17297 17297 I PkModeUpdater: PkModeUpdater.onActivate():74 onActivate false true
02-24 20:47:44.156 17297 17297 I AccessoryInputModeManager: AccessoryInputModeManager.onModeStarted():324 Accessory input mode started: null
02-24 20:47:44.156 17297 17297 W SupplementaryKeyboardsWrapper: SupplementaryKeyboardsWrapper.deactivateKeyboard():162 keyboard accessory_candidates_consumer is not activated before!
02-24 20:47:44.158 17297 17297 I KeyboardModeUtils: KeyboardModeUtils.getKeyboardBottomOffset():435 inch: 0.000000 ydpi: 389.466003 adjustKeyboardBottomByDisplaySize: false currentDensityDpi: 440 defaultDensityDpi: 440 keyboardBottomToScreenPx: 0 keyboardBottomToNavBarPx: -132 navBarHeight: 132
02-24 20:47:44.158 17297 17297 I BaseKeyboardSizeHelper: BaseKeyboardSizeHelper.calculateMaxKeyboardBodyHeight():73 leave 267 height for app when ime window height:2155, header height:121 and isFullscreenMode:false, so the max keyboard body height is:1767
02-24 20:47:44.158 17297 17297 I BaseKeyboardSizeHelper: BaseKeyboardSizeHelper.calculateMaxKeyboardBodyHeight():73 leave 267 height for app when ime window height:2155, header height:121 and isFullscreenMode:false, so the max keyboard body height is:1767
02-24 20:47:44.158 17297 17297 I AndroidIME: KeyboardViewManager.updateKeyboardBottomFrame():489 Set bottomFrameHeight = 5 while holderPaddingBottom = 5; navigationHeight = 132
02-24 20:47:44.158 17297 17297 I BaseKeyboardSizeHelper: BaseKeyboardSizeHelper.calculateMaxKeyboardBodyHeight():73 leave 267 height for app when ime window height:2155, header height:121 and isFullscreenMode:false, so the max keyboard body height is:1767
02-24 20:47:44.158 17297 17297 I BaseKeyboardSizeHelper: BaseKeyboardSizeHelper.calculateMaxKeyboardBodyHeight():73 leave 267 height for app when ime window height:2155, header height:121 and isFullscreenMode:false, so the max keyboard body height is:1767
02-24 20:47:44.158 17297 17297 W ExtensionWrapper: ExtensionWrapper.setExtensionViewVisibility():876 interface nac is not activate
02-24 20:47:44.163 17297 17297 I LanguagePromoExtension: LanguagePromoExtension.checkDisplayPreconditions():171 Not show language promo: exceeds the max display times.
02-24 20:47:44.164 17297 17297 I GlobeKeyExtension: GlobeKeyExtension.onActivate():120 
02-24 20:47:44.166 17297 17297 I VoiceInputManagerWrapper: VoiceInputManagerWrapper.cancelShutdown():109 cancelShutdown()
02-24 20:47:44.166 17297 17297 I VoiceInputManagerWrapper: VoiceInputManagerWrapper.syncLanguagePacks():121 syncLanguagePacks()
02-24 20:47:44.166 17297 17297 I VoiceInputManager: VoiceInputManager.onKeyboardActivated():1215 onKeyboardActivated() [UD]
02-24 20:47:44.166 17297 23672 I SpeechFactory: SpeechRecognitionFactory.maybeScheduleAutoPackDownloadForFallback():217 maybeScheduleAutoPackDownloadForFallback()
02-24 20:47:44.167 17297 23672 I FallbackOnDeviceRecognitionProvider: FallbackOnDeviceRecognitionProvider.maybeScheduleAutoPackDownload():213 maybeScheduleAutoPackDownload() for language tag en-US
02-24 20:47:44.168 17297 17297 I Module  : DeviceLockedStatusModuleProvider$Module.updateDeviceLockedStatus():103 repeatCheckTimes = 1, locked = false
02-24 20:47:44.169 17297 17297 I VoiceImeExtension: VoiceImeExtension.shouldStartVoiceInputAutomaticallyInCurrentInputBox():384 No private IME option set to start voice input.
02-24 20:47:44.197 17297 17297 W libc    : Access denied finding property "vendor.display.enable_optimal_refresh_rate"
02-24 20:47:44.200 17297 17297 I WindowMetricsNotification: WindowMetricsNotification.notifyWithWindow():166 
02-24 20:47:44.201 17297 17297 I WindowMetricsNotification: WindowMetricsNotification.notify():159 qjg[bounds=Rect(0, 105 - 1080, 2392), insets=Rect(0, 0 - 0, 132), densityDpi=440, smallestScreenWidthDp=393, displayWidth=1080, displayHeight=2392, xdpi=391.885, ydpi=389.466, isTrustable=true, displayId=0]; DisplayMetrics{density=2.75, width=1080, height=2392, scaledDensity=2.75, xdpi=391.885, ydpi=389.466}
02-24 20:47:44.220 17297 17297 I StylusModule: StylusModule.onUpdateToolType():774 Update tool type = 1
02-24 20:47:44.221 17297 17297 I GoogleInputMethodService: GoogleInputMethodService$1.onKeyboardViewShown():331 onKeyboardViewShown: keyboardType=prime, keyboardViewType=HEADER keyboardView=com.google.android.libraries.inputmethod.widgets.SoftKeyboardView{c18c11c V.E...... ........ 0,0-1080,121}
02-24 20:47:44.221 17297 17297 I BaseKeyboardSizeHelper: BaseKeyboardSizeHelper.calculateMaxKeyboardBodyHeight():73 leave 267 height for app when ime window height:2155, header height:121 and isFullscreenMode:false, so the max keyboard body height is:1767
02-24 20:47:44.222 17297 17297 I GoogleInputMethodService: GoogleInputMethodService$1.onKeyboardViewShown():331 onKeyboardViewShown: keyboardType=prime, keyboardViewType=BODY keyboardView=com.google.android.libraries.inputmethod.widgets.SoftKeyboardView{ffe5786 V.E...... ........ 0,0-1080,693}
02-24 20:47:44.222 17297 17297 I BaseKeyboardSizeHelper: BaseKeyboardSizeHelper.calculateMaxKeyboardBodyHeight():73 leave 267 height for app when ime window height:2155, header height:121 and isFullscreenMode:false, so the max keyboard body height is:1767
02-24 20:47:44.222 17297 17297 I GlobeKeyExtension: GlobeKeyExtension$1.onKeyboardViewShown():72 maybeDisableLanguageSwitchKeyPref when the keyboard is shown
02-24 20:47:44.222 17297 17297 I GlobeKeyExtension: GlobeKeyExtension.maybeDisableLanguageSwitchKeyPref():200 maybeDisableLanguageSwitchKeyPref hasGlobeKeyBeenDisabled: false, shouldDisableLanguageSwitchKey: false
02-24 20:47:44.222 17297 17297 I NewLanguagePromptExtension: NewLanguagePromptExtension$1.onKeyboardViewShown():98 Not show new language banner: no change in enabled input method entries
02-24 20:47:44.223 17297 17297 I DynamicLayoutHandler: DynamicLayoutHandler.loadDynamicKeys():92 This isn't a dynamic layout.
02-24 20:47:44.224 17297 17988 I Delight5Decoder: Delight5DecoderWrapper.setKeyboardLayout():548 setKeyboardLayout()
02-24 20:47:44.224 17297 17297 I KeyboardModeUtils: KeyboardModeUtils.getKeyboardBottomOffset():435 inch: 0.000000 ydpi: 389.466003 adjustKeyboardBottomByDisplaySize: false currentDensityDpi: 440 defaultDensityDpi: 440 keyboardBottomToScreenPx: 0 keyboardBottomToNavBarPx: -132 navBarHeight: 132
02-24 20:47:44.224 17297 17297 I BaseKeyboardSizeHelper: BaseKeyboardSizeHelper.calculateMaxKeyboardBodyHeight():73 leave 267 height for app when ime window height:2155, header height:121 and isFullscreenMode:false, so the max keyboard body height is:1767
02-24 20:47:44.224 17297 17297 I BaseKeyboardSizeHelper: BaseKeyboardSizeHelper.calculateMaxKeyboardBodyHeight():73 leave 267 height for app when ime window height:2155, header height:121 and isFullscreenMode:false, so the max keyboard body height is:1767
02-24 20:47:44.225 17297 17297 I AndroidIME: KeyboardViewManager.updateKeyboardBottomFrame():489 Set bottomFrameHeight = 5 while holderPaddingBottom = 5; navigationHeight = 132
02-24 20:47:44.249 22980 22980 I ImeTracker: com.chizze.app:d59af4dd: onCancelled at PHASE_CLIENT_APPLY_ANIMATION
02-24 20:47:44.341 17297 17297 W TooltipLifecycleManager: TooltipLifecycleManager.dismissTooltips():153 Tooltip with id spell_check_add_to_dictionary not found in tooltipManager.
02-24 20:47:44.553 22980 22980 I ImeTracker: com.chizze.app:52dc9817: onShown
02-24 20:47:45.385 17297 17297 I StylusModule: StylusModule.onUpdateToolType():774 Update tool type = 0
02-24 20:47:45.410  4692  4692 I bqwu    : onStart
02-24 20:47:45.415  4692  4692 I bout    : (REDACTED) [%s] onStart()
02-24 20:47:45.415  4692  4692 I boxc    : Reloading theme data
02-24 20:47:45.415 17297 17297 I ImeTracker: com.google.android.inputmethod.latin:38cd68b9: onRequestHide at ORIGIN_IME reason HIDE_SOFT_INPUT_BY_BACK_KEY fromUser true
02-24 20:47:45.417  4692  4692 I bqwu    : onResume
02-24 20:47:45.433  4692  4991 I dwkt    : #onAvailable
02-24 20:47:45.463  4692  4692 W libc    : Access denied finding property "vendor.display.enable_optimal_refresh_rate"
02-24 20:47:45.470 17297 17297 I GoogleInputMethodService: GoogleInputMethodService.onFinishInputView():1601 onFinishInputView(false)
02-24 20:47:45.472 17297 17297 W TooltipLifecycleManager: TooltipLifecycleManager.dismissTooltips():153 Tooltip with id spell_check_add_to_dictionary not found in tooltipManager.
02-24 20:47:45.472 17297 17297 I GlobeKeyExtension: GlobeKeyExtension.onDeactivate():144 
02-24 20:47:45.472 17297 17297 W TooltipLifecycleManager: TooltipLifecycleManager.dismissTooltips():153 Tooltip with id SUGGESTION_VIEW_EDU_MINI_DIALOG not found in tooltipManager.
02-24 20:47:45.473 17297 17297 I VoiceInputManagerWrapper: VoiceInputManagerWrapper.shutdown():131 shutdown()
02-24 20:47:45.473 17297 17297 I InputBundle: InputBundle.consumeEvent():1041 Skip consuming an event as keyboard status is INACTIVE
02-24 20:47:45.475 17297 17297 I AndroidIME: AbstractIme.onDeactivate():213 LatinIme.onDeactivate()
02-24 20:47:45.476 17297 17976 I NebulaeTrainingCacheMetricsProcessor: NebulaeTrainingCacheMetricsProcessor.processEndSession():568 End training cache session: com.instagram.android_2131441785/
02-24 20:47:45.477 17297 17976 I NebulaeTrainingCacheMetricsProcessor: NebulaeTrainingCacheMetricsProcessor.processEndSession():608 No input action collection in this session, skip logging.
02-24 20:47:45.484 17297 17297 I PrimesLoggerHolder: FrameMetricServiceImpl.stopAsFuture():239 Measurement not found: OnConfigurationChanged
02-24 20:47:45.484 17297 17297 W TooltipLifecycleManager: TooltipLifecycleManager.dismissTooltips():153 Tooltip with id undo_access_point_promotion_banner not found in tooltipManager.
02-24 20:47:45.516 17297 17297 I KeyboardModeUtils: KeyboardModeUtils.getKeyboardBottomOffset():435 inch: 0.000000 ydpi: 389.466003 adjustKeyboardBottomByDisplaySize: false currentDensityDpi: 440 defaultDensityDpi: 440 keyboardBottomToScreenPx: 0 keyboardBottomToNavBarPx: -132 navBarHeight: 132
02-24 20:47:45.517 17297 17297 I BaseKeyboardSizeHelper: BaseKeyboardSizeHelper.calculateMaxKeyboardBodyHeight():73 leave 267 height for app when ime window height:2155, header height:121 and isFullscreenMode:false, so the max keyboard body height is:1767
02-24 20:47:45.517 17297 17297 I BaseKeyboardSizeHelper: BaseKeyboardSizeHelper.calculateMaxKeyboardBodyHeight():73 leave 267 height for app when ime window height:2155, header height:121 and isFullscreenMode:false, so the max keyboard body height is:1767
02-24 20:47:45.517 17297 17297 I AndroidIME: KeyboardViewManager.updateKeyboardBottomFrame():489 Set bottomFrameHeight = 5 while holderPaddingBottom = 5; navigationHeight = 132
02-24 20:47:45.586  4692  4692 I bqwu    : onPause
02-24 20:47:45.588  4692  4692 I bqwu    : onStop
02-24 20:47:45.818 22980 22980 I ImeTracker: com.chizze.app:7a0543e6: onRequestHide at ORIGIN_CLIENT reason HIDE_SOFT_INPUT_ON_ANIMATION_STATE_CHANGED fromUser false
02-24 20:47:45.819 22980 22980 I ImeTracker: com.google.android.inputmethod.latin:38cd68b9: onHidden
02-24 20:47:45.829 17297 17297 I GoogleInputMethodService: GoogleInputMethodService.onStartInput():1384 onStartInput(EditorInfo{EditorInfo{packageName=com.chizze.app, inputType=8001, inputTypeString=Normal[AutoCorrect], enableLearning=true, autoCorrection=true, autoComplete=true, imeOptions=2000006, privateImeOptions=null, actionName=DONE, actionLabel=null, initialSelStart=0, initialSelEnd=0, initialCapsMode=0, label=null, fieldId=1, fieldName=null, extras=Bundle[mParcelledData.dataSize=168], hintText=null, hintLocales=[]}}, true)
02-24 20:47:45.830 17297 17297 W SessionManager: SessionManager.beginSession():53 Try to begin an already begun session [INPUT_SESSION], end it first
02-24 20:47:45.831 17297 17297 I Module  : DeviceLockedStatusModuleProvider$Module.updateDeviceLockedStatus():103 repeatCheckTimes = 1, locked = false
02-24 20:47:45.893 17297 22884 E FenceTime: FenceTime::applyTrustedSnapshot: signalTime mismatch. (1405964128179862 (old) != -1 (new))
02-24 20:47:45.907 17297 22884 E FenceTime: FenceTime::applyTrustedSnapshot: signalTime mismatch. (1405964128179862 (old) != -1 (new))
02-24 20:47:45.924 17297 22884 E FenceTime: FenceTime::applyTrustedSnapshot: signalTime mismatch. (1405964128179862 (old) != -1 (new))
02-24 20:47:45.940 17297 22884 E FenceTime: FenceTime::applyTrustedSnapshot: signalTime mismatch. (1405964128179862 (old) != -1 (new))
02-24 20:47:45.955 17297 22884 E FenceTime: FenceTime::applyTrustedSnapshot: signalTime mismatch. (1405964128179862 (old) != -1 (new))
02-24 20:47:45.973 17297 10416 E FrameEvents: addRelease: Did not find frame.
02-24 20:47:45.990 17297 10416 E FrameEvents: addRelease: Did not find frame.
02-24 20:47:46.005 17297 10416 E FrameEvents: addRelease: Did not find frame.
02-24 20:47:46.027 17297 27556 E FrameEvents: addRelease: Did not find frame.
02-24 20:47:46.106 22980 22980 I flutter : [Router] redirect: path=/home, status=AuthStatus.authenticated, isAuth=true, isNew=false
02-24 20:47:46.143 22980 22980 I ImeTracker: com.chizze.app:9184f125: onRequestHide at ORIGIN_CLIENT reason HIDE_SOFT_INPUT fromUser false
02-24 20:47:46.144 17297 17297 I GoogleInputMethodService: GoogleInputMethodService.onStartInput():1384 onStartInput(EditorInfo{EditorInfo{packageName=com.chizze.app, inputType=0, inputTypeString=NULL, enableLearning=false, autoCorrection=false, autoComplete=false, imeOptions=0, privateImeOptions=null, actionName=UNSPECIFIED, actionLabel=null, initialSelStart=-1, initialSelEnd=-1, initialCapsMode=0, label=null, fieldId=0, fieldName=null, extras=null, hintText=null, hintLocales=[]}}, true)
02-24 20:47:46.144 17297 17297 W SessionManager: SessionManager.beginSession():53 Try to begin an already begun session [INPUT_SESSION], end it first
02-24 20:47:46.146 17297 17297 I Module  : DeviceLockedStatusModuleProvider$Module.updateDeviceLockedStatus():103 repeatCheckTimes = 1, locked = false
02-24 20:47:46.157 22980 22980 I flutter : [WS] Connecting to wss://api.devdeepak.me:443/api/v1/ws
02-24 20:47:46.157 22980 22980 I flutter : [WS] Connected
02-24 20:47:46.334 17297 17297 W TooltipLifecycleManager: TooltipLifecycleManager.dismissTooltips():153 Tooltip with id undo_access_point_promotion_banner not found in tooltipManager.
02-24 20:47:46.416 22980 22980 I flutter : [WS] Error: WebSocketChannelException: WebSocketException: Connection to 'https://api.devdeepak.me/api/v1/ws#' was not upgraded to websocket
02-24 20:47:46.416 22980 22980 I flutter : [WS] Reconnecting in 16s (attempt 5)
02-24 20:47:46.416 22980 22980 I flutter : [WS] Connection closed
02-24 20:47:46.417 22980 22980 E flutter : [ERROR:flutter/runtime/dart_vm_initializer.cc(40)] Unhandled Exception: WebSocketChannelException: WebSocketException: Connection to 'https://api.devdeepak.me/api/v1/ws#' was not upgraded to websocket
