--------- beginning of main
02-24 20:47:04.499 24904 24904 E cmd     : BBinder_init Processname  cmd  
02-24 20:47:04.501 24904 24904 E cmd     : BBinder_init hasGetProcessName  cmd
02-24 20:47:04.553 24656 24659 I artd    : GetBestInfo: odex next to the dex file (/data/app/~~NWUAm6balHbWSGHrpYeYXA==/com.chizze.app-4B51uxkrUx7z2rbi7doCng==/oat/arm64/base.odex) is kOatUpToDate with filter 'speed-profile' executable 'false'
02-24 20:47:04.557 22980 22980 I com.chizze.app: Using CollectorTypeCC GC.
02-24 20:47:04.560 22980 22980 E com.chizze.app: Not starting debugger since process cannot load the jdwp agent.
02-24 20:47:04.575 22980 22980 E com.chizze.app: BBinder_init Processname  <pre-initialized>  
02-24 20:47:04.575 22980 22980 E com.chizze.app: BBinder_init hasGetProcessName  <pre-initialized>
02-24 20:47:04.622 22980 22980 I FirebaseApp: Device unlocked: initializing all Firebase APIs for app [DEFAULT]
02-24 20:47:04.626 22980 22980 I FirebaseInitProvider: FirebaseApp initialization successful
02-24 20:47:04.634 22980 22980 I MapboxInitializer: MapboxSDKCommonInitializer create() is called
02-24 20:47:04.634 22980 22980 I MapboxInitializer: MapboxInitializer started MapboxSDKCommonInitializerImpl initialization, attempt 1
02-24 20:47:04.650 22980 22980 I Mapbox  : [common]: Using Mapbox Common SDK v24.18.0(e253af6fe)
02-24 20:47:04.650 22980 22980 I Mapbox  : [telemetry]: Telemetry service not started, missing token
02-24 20:47:04.651 22980 22980 I MapboxInitializer: Initialized MapboxSDKCommonInitializerImpl successfully
02-24 20:47:04.651 22980 22980 I MapboxInitializer: MapboxMapsInitializer create() is called
02-24 20:47:04.651 22980 22980 I MapboxInitializer: MapboxInitializer started MapboxMapsInitializerImpl initialization, attempt 1
02-24 20:47:04.653 22980 22980 I Mapbox  : [maps-core]: Using Mapbox Core Maps SDK v11.18.0(e253af6fe)
02-24 20:47:04.666 22980 22980 I Mapbox  : [maps-core/setup]: DefaultFileSourceManager: registering default file source factories
02-24 20:47:04.666 22980 22980 I Mapbox  : [maps-core/setup]: FileSourceManager: registering ResourceLoader source type factory
02-24 20:47:04.666 22980 22980 I Mapbox  : [maps-core/setup]: FileSourceManager: registering Asset source type factory
02-24 20:47:04.666 22980 22980 I Mapbox  : [maps-core/setup]: FileSourceManager: registering Database source type factory
02-24 20:47:04.666 22980 22980 I Mapbox  : [maps-core/setup]: FileSourceManager: registering FileSystem source type factory
02-24 20:47:04.666 22980 22980 I Mapbox  : [maps-core/setup]: FileSourceManager: registering Network source type factory
02-24 20:47:04.666 22980 22980 I Mapbox  : [maps-core/setup]: FileSourceManager: registering Asset source type factory
02-24 20:47:04.666 22980 22980 I MapboxInitializer: Initialized MapboxMapsInitializerImpl successfully
02-24 20:47:04.718 22980 24938 I AdrenoGLES-0: QUALCOMM build                   : 7867919300, Ibc171b9c87
02-24 20:47:04.718 22980 24938 I AdrenoGLES-0: Build Date                       : 04/25/25
02-24 20:47:04.718 22980 24938 I AdrenoGLES-0: OpenGL ES Shader Compiler Version: E031.41.03.62
02-24 20:47:04.718 22980 24938 I AdrenoGLES-0: Local Branch                     : 
02-24 20:47:04.718 22980 24938 I AdrenoGLES-0: Remote Branch                    : refs/tags/AU_LINUX_ANDROID_LA.VENDOR.13.2.0.11.00.00.856.062
02-24 20:47:04.718 22980 24938 I AdrenoGLES-0: Remote Branch                    : NONE
02-24 20:47:04.718 22980 24938 I AdrenoGLES-0: Reconstruct Branch               : NOTHING
02-24 20:47:04.718 22980 24938 I AdrenoGLES-0: Build Config                     : S P 14.1.4 AArch64
02-24 20:47:04.718 22980 24938 I AdrenoGLES-0: Driver Path                      : /vendor/lib64/egl/libGLESv2_adreno.so
02-24 20:47:04.718 22980 24938 I AdrenoGLES-0: Driver Version                   : 0676.72
02-24 20:47:04.726 22980 24938 I AdrenoGLES-0: PFP: 0x01200161, ME: 0x00000000
02-24 20:47:04.737 22980 22980 W libc    : Access denied finding property "persist.vivo.ltw.enabled"
02-24 20:47:04.748 22980 24938 I AdrenoUtils: <ReadGpuID:407>: Reading chip ID through GSL
02-24 20:47:04.767 22980 24963 I AdrenoVK-0: ===== BEGIN DUMP OF OVERRIDDEN SETTINGS =====
02-24 20:47:04.767 22980 24963 I AdrenoVK-0: ===== END DUMP OF OVERRIDDEN SETTINGS =====
02-24 20:47:04.768 22980 24963 I AdrenoVK-0: QUALCOMM build          : 7867919300, Ibc171b9c87
02-24 20:47:04.768 22980 24963 I AdrenoVK-0: Build Date              : 04/25/25
02-24 20:47:04.768 22980 24963 I AdrenoVK-0: Shader Compiler Version : E031.41.03.62
02-24 20:47:04.768 22980 24963 I AdrenoVK-0: Local Branch            : 
02-24 20:47:04.768 22980 24963 I AdrenoVK-0: Remote Branch           : refs/tags/AU_LINUX_ANDROID_LA.VENDOR.13.2.0.11.00.00.856.062
02-24 20:47:04.768 22980 24963 I AdrenoVK-0: Remote Branch           : NONE
02-24 20:47:04.768 22980 24963 I AdrenoVK-0: Reconstruct Branch      : NOTHING
02-24 20:47:04.768 22980 24963 I AdrenoVK-0: Build Config            : S P 14.1.4 AArch64
02-24 20:47:04.768 22980 24963 I AdrenoVK-0: Driver Path             : /vendor/lib64/hw/vulkan.adreno.so
02-24 20:47:04.768 22980 24963 I AdrenoVK-0: Driver Version          : 0676.72
02-24 20:47:04.768 22980 24963 I AdrenoVK-0: PFP                     : 0x01200161
02-24 20:47:04.768 22980 24963 I AdrenoVK-0: ME                      : 0x00000000
02-24 20:47:04.768 22980 24963 I AdrenoVK-0: Application Name    : Impeller
02-24 20:47:04.768 22980 24963 I AdrenoVK-0: Application Version : 0x00800000
02-24 20:47:04.768 22980 24963 I AdrenoVK-0: Engine Name         : Impeller
02-24 20:47:04.768 22980 24963 I AdrenoVK-0: Engine Version      : 0x00400000
02-24 20:47:04.768 22980 24963 I AdrenoVK-0: Api Version         : 0x00401000
02-24 20:47:04.769 22980 24963 I AdrenoVK-0: Unknown struct with type 0x3b9ff250 provided to vkGetPhysicalDeviceFeatures2
02-24 20:47:04.769 22980 24963 I AdrenoVK-0: Unknown struct with type 0x3ba17508 provided to vkGetPhysicalDeviceFeatures2
02-24 20:47:04.769 22980 24963 I AdrenoVK-0: Unknown struct with type 0x3b9ff250 provided to vkGetPhysicalDeviceFeatures2
02-24 20:47:04.769 22980 24963 I AdrenoVK-0: Unknown struct with type 0x3ba17508 provided to vkGetPhysicalDeviceFeatures2
02-24 20:47:04.769 22980 24963 I AdrenoVK-0: Unknown struct with type 0x3b9ff250 provided to vkGetPhysicalDeviceFeatures2
02-24 20:47:04.769 22980 24963 I AdrenoVK-0: Unknown struct with type 0x3ba17508 provided to vkGetPhysicalDeviceFeatures2
02-24 20:47:04.769 22980 24963 I AdrenoVK-0: Unknown struct with type 0x3b9ff250 provided to vkGetPhysicalDeviceFeatures2
02-24 20:47:04.769 22980 24963 I AdrenoVK-0: Unknown struct with type 0x3ba17508 provided to vkGetPhysicalDeviceFeatures2
02-24 20:47:04.769 22980 24963 I AdrenoVK-0: Unknown struct with type 0x3b9ff250 provided to vkGetPhysicalDeviceFeatures2
02-24 20:47:04.769 22980 24963 I AdrenoVK-0: Unknown struct with type 0x3ba17508 provided to vkGetPhysicalDeviceFeatures2
02-24 20:47:04.769 22980 24963 I AdrenoVK-0: Unknown struct with type 0x3b9ff250 provided to vkGetPhysicalDeviceFeatures2
02-24 20:47:04.769 22980 24963 I AdrenoVK-0: Unknown struct with type 0x3ba17508 provided to vkGetPhysicalDeviceFeatures2
02-24 20:47:04.769 22980 24963 I AdrenoVK-0: Unknown struct with type 0x3b9ff250 provided to vkGetPhysicalDeviceFeatures2
02-24 20:47:04.769 22980 24963 I AdrenoVK-0: Unknown struct with type 0x3ba17508 provided to vkGetPhysicalDeviceFeatures2
02-24 20:47:04.769 22980 24963 I AdrenoVK-0: Unknown struct with type 0x3b9ff250 provided to vkGetPhysicalDeviceFeatures2
02-24 20:47:04.769 22980 24963 I AdrenoVK-0: Unknown struct with type 0x3ba17508 provided to vkGetPhysicalDeviceFeatures2
02-24 20:47:04.770 22980 24963 I AdrenoVK-0: Unknown struct with type 0x3b9ff250 provided to vkGetPhysicalDeviceFeatures2
02-24 20:47:04.770 22980 24963 I AdrenoVK-0: Unknown struct with type 0x3ba17508 provided to vkGetPhysicalDeviceFeatures2
02-24 20:47:04.770 22980 24963 I AdrenoVK-0: Unknown struct with type 0x3b9ff250 provided to vkGetPhysicalDeviceFeatures2
02-24 20:47:04.770 22980 24963 I AdrenoVK-0: Unknown struct with type 0x3ba17508 provided to vkGetPhysicalDeviceFeatures2
02-24 20:47:04.770 22980 24963 I AdrenoVK-0: Unknown struct with type 0x3b9ff250 provided to vkGetPhysicalDeviceFeatures2
02-24 20:47:04.770 22980 24963 I AdrenoVK-0: Unknown struct with type 0x3ba17508 provided to vkGetPhysicalDeviceFeatures2
02-24 20:47:04.770 22980 24963 I AdrenoVK-0: Unknown struct with type 0x3b9ff250 provided to vkGetPhysicalDeviceFeatures2
02-24 20:47:04.770 22980 24963 I AdrenoVK-0: Unknown struct with type 0x3ba17508 provided to vkGetPhysicalDeviceFeatures2
02-24 20:47:04.770 22980 24963 I AdrenoVK-0: Unknown struct with type 0x3b9ff250 provided to vkGetPhysicalDeviceFeatures2
02-24 20:47:04.770 22980 24963 I AdrenoVK-0: Unknown struct with type 0x3ba17508 provided to vkGetPhysicalDeviceFeatures2
02-24 20:47:04.770 22980 24963 I AdrenoVK-0: Unknown struct with type 0x3b9ff250 provided to vkGetPhysicalDeviceFeatures2
02-24 20:47:04.770 22980 24963 I AdrenoVK-0: Unknown struct with type 0x3ba17508 provided to vkGetPhysicalDeviceFeatures2
02-24 20:47:04.770 22980 24963 I AdrenoVK-0: Unknown struct with type 0x3b9ff250 provided to vkGetPhysicalDeviceFeatures2
02-24 20:47:04.770 22980 24963 I AdrenoVK-0: Unknown struct with type 0x3ba17508 provided to vkGetPhysicalDeviceFeatures2
02-24 20:47:04.770 22980 24963 I AdrenoVK-0: Unknown struct with type 0x3b9ff250 provided to vkGetPhysicalDeviceFeatures2
02-24 20:47:04.770 22980 24963 I AdrenoVK-0: Unknown struct with type 0x3ba17508 provided to vkGetPhysicalDeviceFeatures2
02-24 20:47:04.771 22980 24963 I AdrenoVK-0: Unknown struct with type 0x3b9ff250 provided to vkGetPhysicalDeviceFeatures2
02-24 20:47:04.771 22980 24963 I AdrenoVK-0: Unknown struct with type 0x3ba17508 provided to vkGetPhysicalDeviceFeatures2
02-24 20:47:04.772 22980 24963 I AdrenoVK-0: Unknown struct with type 0x3b9ff250 provided to vkGetPhysicalDeviceFeatures2
02-24 20:47:04.772 22980 24963 I AdrenoVK-0: Unknown struct with type 0x3ba17508 provided to vkGetPhysicalDeviceFeatures2
02-24 20:47:04.772 22980 24963 I AdrenoVK-0: Unknown struct with type 0x3b9ff250 provided to vkGetPhysicalDeviceFeatures2
02-24 20:47:04.772 22980 24963 I AdrenoVK-0: Unknown struct with type 0x3ba17508 provided to vkGetPhysicalDeviceFeatures2
02-24 20:47:04.772 22980 24963 I AdrenoVK-0: Unknown struct with type 0x3b9ff250 provided to vkGetPhysicalDeviceFeatures2
02-24 20:47:04.772 22980 24963 I AdrenoVK-0: Unknown struct with type 0x3ba17508 provided to vkGetPhysicalDeviceFeatures2
02-24 20:47:04.774 22980 24963 I flutter : [IMPORTANT:flutter/shell/platform/android/android_context_vk_impeller.cc(62)] Using the Impeller rendering backend (Vulkan).
02-24 20:47:04.867 22980 22980 W libc    : Access denied finding property "vendor.display.enable_optimal_refresh_rate"
02-24 20:47:04.873 22980 22980 W libc    : Access denied finding property "vendor.display.enable_optimal_refresh_rate"
02-24 20:47:04.875 22980 24963 E qdgralloc: GetSize: Unrecognized pixel format: 0x3b
02-24 20:47:04.875 22980 24963 W qdgralloc: gralloc failed to allocate buffer for size 0 format 59 AWxAH 1x1 usage 2816
02-24 20:47:04.875 22980 24963 E Gralloc4: isSupported(1, 1, 59, 1, ...) failed with 7
02-24 20:47:04.877 22980 24963 E GraphicBufferAllocator: Failed to allocate (4 x 4) layerCount 1 format 59 usage b00: 7
02-24 20:47:04.877 22980 24963 E AHardwareBuffer: GraphicBuffer(w=4, h=4, lc=1) failed (Unknown error -7), handle=0x0
02-24 20:47:04.877 22980 24963 E qdgralloc: GetSize: Unrecognized pixel format: 0x3b
02-24 20:47:04.877 22980 24963 W qdgralloc: gralloc failed to allocate buffer for size 0 format 59 AWxAH 1x1 usage 2816
02-24 20:47:04.877 22980 24963 E Gralloc4: isSupported(1, 1, 59, 1, ...) failed with 7
02-24 20:47:04.877 22980 24963 E GraphicBufferAllocator: Failed to allocate (4 x 4) layerCount 1 format 59 usage b00: 7
02-24 20:47:04.877 22980 24963 E AHardwareBuffer: GraphicBuffer(w=4, h=4, lc=1) failed (Unknown error -7), handle=0x0
02-24 20:47:04.878 22980 24963 W qdgralloc: getInterlacedFlag: getMetaData returned 3, defaulting to interlaced_flag = 0
02-24 20:47:04.878 22980 24963 W qdgralloc: getInterlacedFlag: getMetaData returned 3, defaulting to interlaced_flag = 0
02-24 20:47:04.879 22980 24963 W qdgralloc: getInterlacedFlag: getMetaData returned 3, defaulting to interlaced_flag = 0
02-24 20:47:04.879 22980 24963 W qdgralloc: getInterlacedFlag: getMetaData returned 3, defaulting to interlaced_flag = 0
02-24 20:47:04.880 22980 24963 W qdgralloc: getInterlacedFlag: getMetaData returned 3, defaulting to interlaced_flag = 0
02-24 20:47:04.880 22980 24963 W qdgralloc: getInterlacedFlag: getMetaData returned 3, defaulting to interlaced_flag = 0
02-24 20:47:04.908 22980 22980 I flutter : [Firebase] Initialized successfully
02-24 20:47:04.911 22980 22980 I flutter : [Cache] Initialized with 0 cached entries
02-24 20:47:04.913 22980 22980 I flutter : [Auth] checkSession() started
02-24 20:47:04.915 22980 22980 I flutter : [Router] redirect: path=/, status=AuthStatus.initial, isAuth=false, isNew=false
02-24 20:47:04.950  2572  3159 I ActivityTaskManager: Displayed com.chizze.app/.MainActivity for user 0: +431ms
02-24 20:47:04.952  2572  3159 I ActivityTaskManager: Fully drawn com.chizze.app/.MainActivity: +431ms
02-24 20:47:04.980 17297 17297 I GoogleInputMethodService: GoogleInputMethodService.onFinishInput():2113 
02-24 20:47:04.981 17297 17297 I Module  : DeviceLockedStatusModuleProvider$Module.updateDeviceLockedStatus():103 repeatCheckTimes = 0, locked = false
02-24 20:47:04.981 17297 17297 I GoogleInputMethodService: GoogleInputMethodService.onStartInput():1384 onStartInput(EditorInfo{EditorInfo{packageName=com.chizze.app, inputType=0, inputTypeString=NULL, enableLearning=false, autoCorrection=false, autoComplete=false, imeOptions=0, privateImeOptions=null, actionName=UNSPECIFIED, actionLabel=null, initialSelStart=-1, initialSelEnd=-1, initialCapsMode=0, label=null, fieldId=0, fieldName=null, extras=null, hintText=null, hintLocales=[]}}, false)
02-24 20:47:04.983 17297 17297 I Module  : DeviceLockedStatusModuleProvider$Module.updateDeviceLockedStatus():103 repeatCheckTimes = 1, locked = false
02-24 20:47:05.193 22980 22980 I flutter : [ApiClient] 401 received, attempting token refresh...
02-24 20:47:05.315 10742 21776 I FontLog : (REDACTED) Received query %s, URI %s
02-24 20:47:05.315 10742 21776 I FontLog : (REDACTED) Query [%s] resolved to %s
02-24 20:47:05.316 10742 21776 I FontLog : (REDACTED) Fetch %s end status %s
02-24 20:47:05.318 10742 21776 I FontLog : (REDACTED) Pulling font file for id = %d, cache size = %d
02-24 20:47:05.320 10742 21776 I FontLog : (REDACTED) Pulling font file for id = %d, cache size = %d
02-24 20:47:05.544 22980 22980 I flutter : [Auth] Refresh via interceptor failed: AppwriteException: general_unauthorized_scope, User (role: guests) missing scopes (["account"]) (401)
02-24 20:47:05.545 22980 22980 I flutter : [Auth] No active session: AppwriteException: general_unauthorized_scope, User (role: guests) missing scopes (["account"]) (401)
02-24 20:47:05.651 22980 22980 I flutter : [Router] Auth state changed ΓåÆ status=AuthStatus.unauthenticated, role=customer, isNew=false
02-24 20:47:05.651 22980 22980 I flutter : [Router] redirect: path=/, status=AuthStatus.unauthenticated, isAuth=false, isNew=false
02-24 20:47:05.652 22980 22980 I flutter : [Router] redirect: path=/role-select, status=AuthStatus.unauthenticated, isAuth=false, isNew=false
02-24 20:47:05.667 22980 22980 I flutter : [WS] Disconnected
02-24 20:47:05.674 22980 22980 W WindowOnBackDispatcher: OnBackInvokedCallback is not enabled for the application.
02-24 20:47:05.674 22980 22980 W WindowOnBackDispatcher: Set 'android:enableOnBackInvokedCallback="true"' in the application manifest.
02-24 20:47:06.753 17297 17297 I VoiceInputManagerWrapper: VoiceInputManagerWrapper.shutdownVoiceInternal():148 shutdownVoiceInternal()
02-24 20:47:06.753 17297 17297 W NotificationCenter: NotificationCenter.unregisterListener():480 Listener iqs@95bf2f2 was not registered for notification class ojp
02-24 20:47:13.913 22980 22980 I flutter : [Router] redirect: path=/login, status=AuthStatus.unauthenticated, isAuth=false, isNew=false
02-24 20:47:13.984 22980 22980 W WindowOnBackDispatcher: OnBackInvokedCallback is not enabled for the application.
02-24 20:47:13.984 22980 22980 W WindowOnBackDispatcher: Set 'android:enableOnBackInvokedCallback="true"' in the application manifest.
02-24 20:47:15.081 22980 24917 W com.chizze.app: ApkAssets: Deleting an ApkAssets object '<empty> and /data/app/~~-0xX94hGqIAYQoSe2137TQ==/com.google.android.marvin.talkback-5ZucJL9UwMQuCazeMKO1pw==/base.apk' with 1 weak references
02-24 20:47:15.082 22980 24917 W com.chizze.app: ApkAssets: Deleting an ApkAssets object '<empty> and /data/app/~~-0xX94hGqIAYQoSe2137TQ==/com.google.android.marvin.talkback-5ZucJL9UwMQuCazeMKO1pw==/split_config.arm64_v8a.apk' with 1 weak references
02-24 20:47:15.082 22980 24917 W com.chizze.app: ApkAssets: Deleting an ApkAssets object '<empty> and /data/app/~~UAiocXqTcLzARJlzZzOrig==/com.vivo.browser-0BXCvOVwrrCCvYywNpuVyA==/base.apk' with 1 weak references
02-24 20:47:15.083 22980 24917 W com.chizze.app: ApkAssets: Deleting an ApkAssets object '<empty> and /data/app/~~8AzCytKt0foAaEwxYLz-JA==/ai.perplexity.app.android-jfN8Q6vMqz5Rvrr2DqrqAw==/base.apk' with 1 weak references
02-24 20:47:15.084 22980 24917 W com.chizze.app: ApkAssets: Deleting an ApkAssets object '<empty> and /data/app/~~8AzCytKt0foAaEwxYLz-JA==/ai.perplexity.app.android-jfN8Q6vMqz5Rvrr2DqrqAw==/split_config.arm64_v8a.apk' with 1 weak references
02-24 20:47:15.084 22980 22980 I ImeTracker: com.chizze.app:e3c0aafc: onRequestShow at ORIGIN_CLIENT reason SHOW_SOFT_INPUT fromUser false
02-24 20:47:15.084 22980 24917 W com.chizze.app: ApkAssets: Deleting an ApkAssets object '<empty> and /data/app/~~8AzCytKt0foAaEwxYLz-JA==/ai.perplexity.app.android-jfN8Q6vMqz5Rvrr2DqrqAw==/split_config.xxhdpi.apk' with 1 weak references
02-24 20:47:15.084 22980 24917 W com.chizze.app: ApkAssets: Deleting an ApkAssets object '<empty> and /data/app/~~THVgpyQYbsmmzCqLViMjjA==/com.microsoft.emmx-uJ9BGYqSnWpGY5CZ4s9Bew==/base.apk' with 1 weak references
02-24 20:47:15.084 22980 24917 W com.chizze.app: ApkAssets: Deleting an ApkAssets object '<empty> and /data/app/~~THVgpyQYbsmmzCqLViMjjA==/com.microsoft.emmx-uJ9BGYqSnWpGY5CZ4s9Bew==/split_chrome.apk' with 1 weak references
02-24 20:47:15.084 22980 24917 W com.chizze.app: ApkAssets: Deleting an ApkAssets object '<empty> and /data/app/~~THVgpyQYbsmmzCqLViMjjA==/com.microsoft.emmx-uJ9BGYqSnWpGY5CZ4s9Bew==/split_config.en.apk' with 1 weak references
02-24 20:47:15.095 17297 17297 I GoogleInputMethodService: GoogleInputMethodService.onFinishInput():2113 
02-24 20:47:15.096 17297 17297 I Module  : DeviceLockedStatusModuleProvider$Module.updateDeviceLockedStatus():103 repeatCheckTimes = 0, locked = false
02-24 20:47:15.097 17297 17297 I GoogleInputMethodService: GoogleInputMethodService.onStartInput():1384 onStartInput(EditorInfo{EditorInfo{packageName=com.chizze.app, inputType=3, inputTypeString=Phone, enableLearning=false, autoCorrection=false, autoComplete=false, imeOptions=2000006, privateImeOptions=null, actionName=DONE, actionLabel=null, initialSelStart=0, initialSelEnd=0, initialCapsMode=0, label=null, fieldId=1, fieldName=null, extras=Bundle[mParcelledData.dataSize=168], hintText=null, hintLocales=[]}}, false)
02-24 20:47:15.097 17297 17297 I HardKeyTracker: HardKeyTracker.unregisterKeySequence():229 Unregister key sequence ohy{labelResId=0, callback=gun@483fb6e, lastModifier=0, keyCodes=[57, 57], actions=[1, 0]}
02-24 20:47:15.097 17297 17297 I HardKeyTracker: HardKeyTracker.unregisterKeySequence():229 Unregister key sequence ohy{labelResId=0, callback=gun@7e1c20f, lastModifier=0, keyCodes=[58, 58], actions=[1, 0]}
02-24 20:47:15.097 17297 17297 I Module  : DeviceLockedStatusModuleProvider$Module.updateDeviceLockedStatus():103 repeatCheckTimes = 1, locked = false
02-24 20:47:15.099 17297 17297 I StylusModule: StylusModule.onUpdateToolType():774 Update tool type = 1
02-24 20:47:15.100 17297 17297 I GoogleInputMethodService: GoogleInputMethodService.onStartInputView():1472 onStartInputView(EditorInfo{EditorInfo{packageName=com.chizze.app, inputType=3, inputTypeString=Phone, enableLearning=false, autoCorrection=false, autoComplete=false, imeOptions=2000006, privateImeOptions=null, actionName=DONE, actionLabel=null, initialSelStart=0, initialSelEnd=0, initialCapsMode=0, label=null, fieldId=1, fieldName=null, extras=Bundle[{androidx.core.view.inputmethod.EditorInfoCompat.STYLUS_HANDWRITING_ENABLED=true}], hintText=null, hintLocales=[]}}, false)
02-24 20:47:15.101 17297 17297 I KeyboardHeightUtil: KeyboardHeightUtil.getOemKeyboardHeightRatio():81 systemKeyboardHeightRatio:1.000000.
02-24 20:47:15.104 17297 17976 W ModuleManager: ModuleManager.loadModule():578 Module pdt is not available
02-24 20:47:15.108 17297 17297 I AndroidIME: InputBundleManager.loadActiveInputBundleId():531 loadActiveInputBundleId: und-Latn-x-phone-number, phone_number
02-24 20:47:15.109 17297 17297 I KeyboardWrapper: KeyboardWrapper.activateKeyboard():582 activateKeyboard(): type=prime, status=INACTIVE, imeDef=nkh{stringId=phone_number, language=und-Latn-x-phone-number, languageTag=und-Latn-x-phone-number, processedConditions={}, className=com.google.android.libraries.inputmethod.ime.DummyIme, label=2132019366, keyEventInterpreter=null, inlineComposing=true, autoCapital=false, announceAutoSelectedCandidate=false, statusIcon=0, indicatorIcon=0, indicatorLabel=null, displayAppCompletions=false, extraValues=nka{}, processors=nlz@d5df8bc, unacceptableMetaKeys=4098, languageSpecificSettings=0, asciiCapable=false, alwaysShowSuggestions=false, useAsciiPasswordKeyboard=false, keyboardGroupDef=nli@46fe4a8, phenotypeFlagId=0, localizationLanguageTag=null, supportsInlineSuggestion=false}
02-24 20:47:15.109 17297 17297 I KeyboardManager: KeyboardManager.requestKeyboard():249 Creating keyboard prime, imeId=phone_number, cacheKey=theme,!gsf,!pgsans,!pgsf,!use_system_font,BORDER,FLAVOR_DPI=XXHDPI,KEYBOARD_WIDTH_CATEGORY=NORMAL,KEY_BORDER_SHAPE=1,LIGHT_THEME=false,PHYSICAL_DIAGONAL=5.748144,POPUP,SCREEN_SHORTEST_WIDTH=393,SCREEN_SHORTEST_WIDTH_NO_SCALE=393,XXHDPI,bottom4dp,enable_popup_on_keypress=true,keyboard_redesign_google_sans=true,non_linear_scale,noshadow,overlay_builtin_dynamic_color_dark_base.binarypb:gm3-dark-ff121318-ffb7caff-03739404f1189b28aed05fb048a8b8af,silkpopup
02-24 20:47:15.109 17297 17297 I KeyboardWrapper: KeyboardWrapper.onKeyboardReady():224 onKeyboardReady(): type=prime(prime), kb=com.google.android.apps.inputmethod.latin.keyboard.LatinDialKeyboard@addff9d
02-24 20:47:15.109 17297 17297 I KeyboardWrapper: KeyboardWrapper.doActivateKeyboard():612 doActivateKeyboard(): prime
02-24 20:47:15.111 17297 17297 I BaseKeyboardSizeHelper: BaseKeyboardSizeHelper.calculateMaxKeyboardBodyHeight():73 leave 267 height for app when ime window height:2155, header height:121 and isFullscreenMode:false, so the max keyboard body height is:1767
02-24 20:47:15.111 17297 17297 I GlobeKeyExtension: GlobeKeyExtension.getKeyboardInitialStates():175 
02-24 20:47:15.111 17297 17297 W Keyboard: Keyboard.getKeyboardViewHelper():604 null helper is returned: keyboardDef=nlc{processedConditions={language=en-US, deprecate_long_press_space_for_ime_picker=false, show_suggestion_strip=true, device=phone, expressions=normal, layout_9key_split=false}, globalConditions={global_theme_key=theme,!gsf,!pgsans,!pgsf,!use_system_font,BORDER,FLAVOR_DPI=XXHDPI,KEYBOARD_WIDTH_CATEGORY=NORMAL,KEY_BORDER_SHAPE=1,LIGHT_THEME=false,PHYSICAL_DIAGONAL=5.748144,POPUP,SCREEN_SHORTEST_WIDTH=393,SCREEN_SHORTEST_WIDTH_NO_SCALE=393,XXHDPI,bottom4dp,enable_popup_on_keypress=true,keyboard_redesign_google_sans=true,non_linear_scale,noshadow,overlay_builtin_dynamic_color_dark_base.binarypb:gm3-dark-ff121318-ffb7caff-03739404f1189b28aed05fb048a8b8af,silkpopup, global_locale=en_US, global_density_dpi=440, global_orientation=1}, className=.latin.keyboard.LatinDialKeyboard, resourceIds=[#0x7f170883], initialStates=0, keyboardViewDefs=[nlq{direction=LOCALE, id=#0x7f0b0225, isScalable=false, layoutId=#0x7f0e0516, type=HEADER, touchable=true, defaultShow=true}, nlq{direction=null, id=#0x7f0b0225, isScalable=true, layoutId=#0x7f0e056e, type=BODY, touchable=true, defaultShow=true}], persistentStates=0, persistentStatesPrefKey=null, popupBubbleLayoutId=#0x7f0e0604, recentKeyLayoutId=#0x0, recentKeyPopupLayoutId=#0x0, recentKeyType=null, rememberRecentKey=NONE, sessionStates=0}, type=FLOATING_CANDIDATES, helpersCreated={HEADER=mwp@38212f9, BODY=mwp@5c0223e}, context.getResources().getConfiguration(): {1.0 405mcc857mnc [en_US] ldltr sw393dp w393dp h808dp 440dpi nrml long hdr widecg port night finger -keyb/v/h -nav/h winConfig={ mBounds=Rect(0, 0 - 1080, 2392) mAppBounds=Rect(0, 103 - 1080, 2326) mMaxBounds=Rect(0, 0 - 1080, 2392) mDisplayRotation=ROTATION_0 mWindowingMode=fullscreen mActivityType=undefined mAlwaysOnTop=undefined mRotation=ROTATION_0 isEmbedding:false} s.30624 fontWeightAdjustment=0 themeId=2 themeParameter=0 nightModeLevel = -1 typefaceChanged=0.0 ?spacesystem eaMode=1}
02-24 20:47:15.112 17297 17297 W Keyboard: Keyboard.getKeyboardViewHelper():604 null helper is returned: keyboardDef=nlc{processedConditions={language=en-US, deprecate_long_press_space_for_ime_picker=false, show_suggestion_strip=true, device=phone, expressions=normal, layout_9key_split=false}, globalConditions={global_theme_key=theme,!gsf,!pgsans,!pgsf,!use_system_font,BORDER,FLAVOR_DPI=XXHDPI,KEYBOARD_WIDTH_CATEGORY=NORMAL,KEY_BORDER_SHAPE=1,LIGHT_THEME=false,PHYSICAL_DIAGONAL=5.748144,POPUP,SCREEN_SHORTEST_WIDTH=393,SCREEN_SHORTEST_WIDTH_NO_SCALE=393,XXHDPI,bottom4dp,enable_popup_on_keypress=true,keyboard_redesign_google_sans=true,non_linear_scale,noshadow,overlay_builtin_dynamic_color_dark_base.binarypb:gm3-dark-ff121318-ffb7caff-03739404f1189b28aed05fb048a8b8af,silkpopup, global_locale=en_US, global_density_dpi=440, global_orientation=1}, className=.latin.keyboard.LatinDialKeyboard, resourceIds=[#0x7f170883], initialStates=0, keyboardViewDefs=[nlq{direction=LOCALE, id=#0x7f0b0225, isScalable=false, layoutId=#0x7f0e0516, type=HEADER, touchable=true, defaultShow=true}, nlq{direction=null, id=#0x7f0b0225, isScalable=true, layoutId=#0x7f0e056e, type=BODY, touchable=true, defaultShow=true}], persistentStates=0, persistentStatesPrefKey=null, popupBubbleLayoutId=#0x7f0e0604, recentKeyLayoutId=#0x0, recentKeyPopupLayoutId=#0x0, recentKeyType=null, rememberRecentKey=NONE, sessionStates=0}, type=WIDGET, helpersCreated={HEADER=mwp@38212f9, BODY=mwp@5c0223e}, context.getResources().getConfiguration(): {1.0 405mcc857mnc [en_US] ldltr sw393dp w393dp h808dp 440dpi nrml long hdr widecg port night finger -keyb/v/h -nav/h winConfig={ mBounds=Rect(0, 0 - 1080, 2392) mAppBounds=Rect(0, 103 - 1080, 2326) mMaxBounds=Rect(0, 0 - 1080, 2392) mDisplayRotation=ROTATION_0 mWindowingMode=fullscreen mActivityType=undefined mAlwaysOnTop=undefined mRotation=ROTATION_0 isEmbedding:false} s.30624 fontWeightAdjustment=0 themeId=2 themeParameter=0 nightModeLevel = -1 typefaceChanged=0.0 ?spacesystem eaMode=1}
02-24 20:47:15.112 17297 17297 I AndroidIME: InputBundleManager.startInput():361 startInput() with nlm[keyboardType=prime, payload=null]
02-24 20:47:15.112 17297 17297 I PkModeUpdater: PkModeUpdater.onActivate():74 onActivate false true
02-24 20:47:15.112 17297 17297 I AccessoryInputModeManager: AccessoryInputModeManager.onModeStarted():324 Accessory input mode started: null
02-24 20:47:15.112 17297 17297 W SupplementaryKeyboardsWrapper: SupplementaryKeyboardsWrapper.deactivateKeyboard():162 keyboard accessory_candidates_consumer is not activated before!
02-24 20:47:15.113 17297 17297 I KeyboardModeUtils: KeyboardModeUtils.getKeyboardBottomOffset():435 inch: 0.000000 ydpi: 389.466003 adjustKeyboardBottomByDisplaySize: false currentDensityDpi: 440 defaultDensityDpi: 440 keyboardBottomToScreenPx: 0 keyboardBottomToNavBarPx: -132 navBarHeight: 132
02-24 20:47:15.113 17297 17297 I BaseKeyboardSizeHelper: BaseKeyboardSizeHelper.calculateMaxKeyboardBodyHeight():73 leave 267 height for app when ime window height:2155, header height:121 and isFullscreenMode:false, so the max keyboard body height is:1767
02-24 20:47:15.113 17297 17297 I BaseKeyboardSizeHelper: BaseKeyboardSizeHelper.calculateMaxKeyboardBodyHeight():73 leave 267 height for app when ime window height:2155, header height:121 and isFullscreenMode:false, so the max keyboard body height is:1767
02-24 20:47:15.113 17297 17297 I AndroidIME: KeyboardViewManager.updateKeyboardBottomFrame():489 Set bottomFrameHeight = 5 while holderPaddingBottom = 5; navigationHeight = 132
02-24 20:47:15.113 17297 17297 I BaseKeyboardSizeHelper: BaseKeyboardSizeHelper.calculateMaxKeyboardBodyHeight():73 leave 267 height for app when ime window height:2155, header height:121 and isFullscreenMode:false, so the max keyboard body height is:1767
02-24 20:47:15.113 17297 17297 I BaseKeyboardSizeHelper: BaseKeyboardSizeHelper.calculateMaxKeyboardBodyHeight():73 leave 267 height for app when ime window height:2155, header height:121 and isFullscreenMode:false, so the max keyboard body height is:1767
02-24 20:47:15.113 17297 17297 W ExtensionWrapper: ExtensionWrapper.setExtensionViewVisibility():876 interface nac is not activate
02-24 20:47:15.114 17297 17297 I LanguagePromoExtension: LanguagePromoExtension.checkDisplayPreconditions():171 Not show language promo: exceeds the max display times.
02-24 20:47:15.114 17297 17297 I NewLanguagePromptExtension: NewLanguagePromptExtension.onActivate():189 Not activated NewLanguagePromptExtension: not a normal text input box.
02-24 20:47:15.115 17297 17297 I GlobeKeyExtension: GlobeKeyExtension.onActivate():120 
02-24 20:47:15.116 17297 17297 I VoiceInputManagerWrapper: VoiceInputManagerWrapper.cancelShutdown():109 cancelShutdown()
02-24 20:47:15.116 17297 17297 I VoiceInputManagerWrapper: VoiceInputManagerWrapper.syncLanguagePacks():121 syncLanguagePacks()
02-24 20:47:15.116 17297 17297 I VoiceInputManager: VoiceInputManager.onKeyboardActivated():1215 onKeyboardActivated() [UD]
02-24 20:47:15.116 17297 23672 I SpeechFactory: SpeechRecognitionFactory.maybeScheduleAutoPackDownloadForFallback():217 maybeScheduleAutoPackDownloadForFallback()
02-24 20:47:15.117 17297 23672 I FallbackOnDeviceRecognitionProvider: FallbackOnDeviceRecognitionProvider.maybeScheduleAutoPackDownload():213 maybeScheduleAutoPackDownload() for language tag en-US
02-24 20:47:15.118 17297 17297 I Module  : DeviceLockedStatusModuleProvider$Module.updateDeviceLockedStatus():103 repeatCheckTimes = 1, locked = false
02-24 20:47:15.130 17297 17297 W libc    : Access denied finding property "vendor.display.enable_optimal_refresh_rate"
02-24 20:47:15.131 17297 17297 I WindowMetricsNotification: WindowMetricsNotification.notifyWithWindow():166 
02-24 20:47:15.131 17297 17297 I WindowMetricsNotification: WindowMetricsNotification.notify():159 qjg[bounds=Rect(0, 105 - 1080, 2392), insets=Rect(0, 0 - 0, 132), densityDpi=440, smallestScreenWidthDp=393, displayWidth=1080, displayHeight=2392, xdpi=391.885, ydpi=389.466, isTrustable=true, displayId=0]; DisplayMetrics{density=2.75, width=1080, height=2392, scaledDensity=2.75, xdpi=391.885, ydpi=389.466}
02-24 20:47:15.146 17297 17297 I GoogleInputMethodService: GoogleInputMethodService$1.onKeyboardViewShown():331 onKeyboardViewShown: keyboardType=prime, keyboardViewType=HEADER keyboardView=com.google.android.libraries.inputmethod.widgets.SoftKeyboardView{a5ccb72 V.E...... ........ 0,0-1080,121}
02-24 20:47:15.146 17297 17297 I BaseKeyboardSizeHelper: BaseKeyboardSizeHelper.calculateMaxKeyboardBodyHeight():73 leave 267 height for app when ime window height:2155, header height:121 and isFullscreenMode:false, so the max keyboard body height is:1767
02-24 20:47:15.146 17297 17297 I GoogleInputMethodService: GoogleInputMethodService$1.onKeyboardViewShown():331 onKeyboardViewShown: keyboardType=prime, keyboardViewType=BODY keyboardView=com.google.android.libraries.inputmethod.widgets.SoftKeyboardView{1be0794 V.E...... ........ 0,0-1080,580}
02-24 20:47:15.146 17297 17297 I BaseKeyboardSizeHelper: BaseKeyboardSizeHelper.calculateMaxKeyboardBodyHeight():73 leave 267 height for app when ime window height:2155, header height:121 and isFullscreenMode:false, so the max keyboard body height is:1767
02-24 20:47:15.146 17297 17297 I GlobeKeyExtension: GlobeKeyExtension$1.onKeyboardViewShown():72 maybeDisableLanguageSwitchKeyPref when the keyboard is shown
02-24 20:47:15.146 17297 17297 I GlobeKeyExtension: GlobeKeyExtension.maybeDisableLanguageSwitchKeyPref():200 maybeDisableLanguageSwitchKeyPref hasGlobeKeyBeenDisabled: false, shouldDisableLanguageSwitchKey: false
02-24 20:47:15.146 17297 17297 I NewLanguagePromptExtension: NewLanguagePromptExtension$1.onKeyboardViewShown():88 Not show new language banner: not prime keyboard, or the extension not activated.
02-24 20:47:15.146 17297 17297 I KeyboardModeUtils: KeyboardModeUtils.getKeyboardBottomOffset():435 inch: 0.000000 ydpi: 389.466003 adjustKeyboardBottomByDisplaySize: false currentDensityDpi: 440 defaultDensityDpi: 440 keyboardBottomToScreenPx: 0 keyboardBottomToNavBarPx: -132 navBarHeight: 132
02-24 20:47:15.147 17297 17297 I BaseKeyboardSizeHelper: BaseKeyboardSizeHelper.calculateMaxKeyboardBodyHeight():73 leave 267 height for app when ime window height:2155, header height:121 and isFullscreenMode:false, so the max keyboard body height is:1767
02-24 20:47:15.147 17297 17297 I BaseKeyboardSizeHelper: BaseKeyboardSizeHelper.calculateMaxKeyboardBodyHeight():73 leave 267 height for app when ime window height:2155, header height:121 and isFullscreenMode:false, so the max keyboard body height is:1767
02-24 20:47:15.147 17297 17297 I AndroidIME: KeyboardViewManager.updateKeyboardBottomFrame():489 Set bottomFrameHeight = 5 while holderPaddingBottom = 5; navigationHeight = 132
02-24 20:47:15.154 22980 22980 W InteractionJankMonitor: Initializing without READ_DEVICE_CONFIG permission. enabled=false, interval=1, missedFrameThreshold=3, frameTimeThreshold=64, package=com.chizze.app
02-24 20:47:15.470 22980 22980 I ImeTracker: com.chizze.app:e3c0aafc: onShown
02-24 20:47:15.899 17297 17297 W TooltipLifecycleManager: TooltipLifecycleManager.dismissTooltips():153 Tooltip with id SUGGESTION_VIEW_EDU_MINI_DIALOG not found in tooltipManager.
02-24 20:47:16.237 17297 17297 W TooltipLifecycleManager: TooltipLifecycleManager.dismissTooltips():153 Tooltip with id SUGGESTION_VIEW_EDU_MINI_DIALOG not found in tooltipManager.
02-24 20:47:16.631 17297 17297 W TooltipLifecycleManager: TooltipLifecycleManager.dismissTooltips():153 Tooltip with id SUGGESTION_VIEW_EDU_MINI_DIALOG not found in tooltipManager.
02-24 20:47:17.037 17297 17297 W TooltipLifecycleManager: TooltipLifecycleManager.dismissTooltips():153 Tooltip with id SUGGESTION_VIEW_EDU_MINI_DIALOG not found in tooltipManager.
02-24 20:47:17.339 17297 17297 W TooltipLifecycleManager: TooltipLifecycleManager.dismissTooltips():153 Tooltip with id SUGGESTION_VIEW_EDU_MINI_DIALOG not found in tooltipManager.
02-24 20:47:17.759 17297 17297 W TooltipLifecycleManager: TooltipLifecycleManager.dismissTooltips():153 Tooltip with id SUGGESTION_VIEW_EDU_MINI_DIALOG not found in tooltipManager.
02-24 20:47:17.945 17297 17297 W TooltipLifecycleManager: TooltipLifecycleManager.dismissTooltips():153 Tooltip with id SUGGESTION_VIEW_EDU_MINI_DIALOG not found in tooltipManager.
02-24 20:47:18.151 17297 17297 W TooltipLifecycleManager: TooltipLifecycleManager.dismissTooltips():153 Tooltip with id SUGGESTION_VIEW_EDU_MINI_DIALOG not found in tooltipManager.
02-24 20:47:18.387 17297 17297 W TooltipLifecycleManager: TooltipLifecycleManager.dismissTooltips():153 Tooltip with id SUGGESTION_VIEW_EDU_MINI_DIALOG not found in tooltipManager.
02-24 20:47:18.666 17297 17297 W TooltipLifecycleManager: TooltipLifecycleManager.dismissTooltips():153 Tooltip with id SUGGESTION_VIEW_EDU_MINI_DIALOG not found in tooltipManager.
02-24 20:47:19.108 22980 22980 I flutter : [Auth] sendPhoneOTP: sending OTP to +917607185834
02-24 20:47:19.117 22980 22980 I flutter : [WS] Disconnected
02-24 20:47:19.478 22980 22980 I flutter : [Auth] sendPhoneOTP: success, userId=699dc0ff1a825ec35f7e
02-24 20:47:19.479 22980 22980 I flutter : [Router] redirect: path=/otp, status=AuthStatus.unauthenticated, isAuth=false, isNew=false
02-24 20:47:19.484 22980 22980 I flutter : [WS] Disconnected
02-24 20:47:19.609 22980 22980 W WindowOnBackDispatcher: OnBackInvokedCallback is not enabled for the application.
02-24 20:47:19.609 22980 22980 W WindowOnBackDispatcher: Set 'android:enableOnBackInvokedCallback="true"' in the application manifest.
02-24 20:47:19.611 22980 22980 I ImeTracker: com.chizze.app:8bc768e2: onRequestHide at ORIGIN_CLIENT reason HIDE_SOFT_INPUT fromUser false
02-24 20:47:19.614 17297 17297 I GoogleInputMethodService: GoogleInputMethodService.onFinishInputView():1601 onFinishInputView(false)
02-24 20:47:19.617 17297 17297 W TooltipLifecycleManager: TooltipLifecycleManager.dismissTooltips():153 Tooltip with id spell_check_add_to_dictionary not found in tooltipManager.
02-24 20:47:19.618 17297 17297 I GlobeKeyExtension: GlobeKeyExtension.onDeactivate():144 
02-24 20:47:19.618 17297 17297 W TooltipLifecycleManager: TooltipLifecycleManager.dismissTooltips():153 Tooltip with id SUGGESTION_VIEW_EDU_MINI_DIALOG not found in tooltipManager.
02-24 20:47:19.620 17297 17297 I VoiceInputManagerWrapper: VoiceInputManagerWrapper.shutdown():131 shutdown()
02-24 20:47:19.622 17297 17297 I PrimesLoggerHolder: FrameMetricServiceImpl.stopAsFuture():239 Measurement not found: OnConfigurationChanged
02-24 20:47:19.622 17297 17297 W TooltipLifecycleManager: TooltipLifecycleManager.dismissTooltips():153 Tooltip with id undo_access_point_promotion_banner not found in tooltipManager.
02-24 20:47:19.640 17297 17297 I KeyboardModeUtils: KeyboardModeUtils.getKeyboardBottomOffset():435 inch: 0.000000 ydpi: 389.466003 adjustKeyboardBottomByDisplaySize: false currentDensityDpi: 440 defaultDensityDpi: 440 keyboardBottomToScreenPx: 0 keyboardBottomToNavBarPx: -132 navBarHeight: 132
02-24 20:47:19.640 17297 17297 I BaseKeyboardSizeHelper: BaseKeyboardSizeHelper.calculateMaxKeyboardBodyHeight():73 leave 267 height for app when ime window height:2155, header height:121 and isFullscreenMode:false, so the max keyboard body height is:1767
02-24 20:47:19.640 17297 17297 I BaseKeyboardSizeHelper: BaseKeyboardSizeHelper.calculateMaxKeyboardBodyHeight():73 leave 267 height for app when ime window height:2155, header height:121 and isFullscreenMode:false, so the max keyboard body height is:1767
02-24 20:47:19.640 17297 17297 I AndroidIME: KeyboardViewManager.updateKeyboardBottomFrame():489 Set bottomFrameHeight = 5 while holderPaddingBottom = 5; navigationHeight = 132
02-24 20:47:19.952 22980 22980 I ImeTracker: com.chizze.app:deb640ce: onRequestHide at ORIGIN_CLIENT reason HIDE_SOFT_INPUT_ON_ANIMATION_STATE_CHANGED fromUser false
02-24 20:47:19.955 22980 22980 I ImeTracker: com.chizze.app:8bc768e2: onHidden
02-24 20:47:19.963 17297 17297 I GoogleInputMethodService: GoogleInputMethodService.onStartInput():1384 onStartInput(EditorInfo{EditorInfo{packageName=com.chizze.app, inputType=0, inputTypeString=NULL, enableLearning=false, autoCorrection=false, autoComplete=false, imeOptions=0, privateImeOptions=null, actionName=UNSPECIFIED, actionLabel=null, initialSelStart=-1, initialSelEnd=-1, initialCapsMode=0, label=null, fieldId=0, fieldName=null, extras=null, hintText=null, hintLocales=[]}}, true)
02-24 20:47:19.964 17297 17297 W SessionManager: SessionManager.beginSession():53 Try to begin an already begun session [INPUT_SESSION], end it first
02-24 20:47:19.965 17297 17297 I HardKeyTracker: HardKeyTracker.registerKeySequence():178 Register key sequence ohy{labelResId=0, callback=gun@6063160, lastModifier=0, keyCodes=[57, 57], actions=[1, 0]}
02-24 20:47:19.966 17297 17297 I HardKeyTracker: HardKeyTracker.registerKeySequence():178 Register key sequence ohy{labelResId=0, callback=gun@3ee7619, lastModifier=0, keyCodes=[58, 58], actions=[1, 0]}
02-24 20:47:19.968 17297 17297 I Module  : DeviceLockedStatusModuleProvider$Module.updateDeviceLockedStatus():103 repeatCheckTimes = 1, locked = false
02-24 20:47:20.467 17297 17297 W TooltipLifecycleManager: TooltipLifecycleManager.dismissTooltips():153 Tooltip with id undo_access_point_promotion_banner not found in tooltipManager.
02-24 20:47:25.060 22980 22980 I ImeTracker: com.chizze.app:89dd41f4: onRequestShow at ORIGIN_CLIENT reason SHOW_SOFT_INPUT fromUser false
02-24 20:47:25.063 17297 17297 I GoogleInputMethodService: GoogleInputMethodService.onStartInput():1384 onStartInput(EditorInfo{EditorInfo{packageName=com.chizze.app, inputType=2, inputTypeString=Number, enableLearning=false, autoCorrection=false, autoComplete=false, imeOptions=2000006, privateImeOptions=null, actionName=DONE, actionLabel=null, initialSelStart=0, initialSelEnd=0, initialCapsMode=0, label=null, fieldId=1, fieldName=null, extras=Bundle[mParcelledData.dataSize=168], hintText=null, hintLocales=[]}}, true)
02-24 20:47:25.063 17297 17297 W SessionManager: SessionManager.beginSession():53 Try to begin an already begun session [INPUT_SESSION], end it first
02-24 20:47:25.064 17297 17297 I HardKeyTracker: HardKeyTracker.unregisterKeySequence():229 Unregister key sequence ohy{labelResId=0, callback=gun@6063160, lastModifier=0, keyCodes=[57, 57], actions=[1, 0]}
02-24 20:47:25.064 17297 17297 I HardKeyTracker: HardKeyTracker.unregisterKeySequence():229 Unregister key sequence ohy{labelResId=0, callback=gun@3ee7619, lastModifier=0, keyCodes=[58, 58], actions=[1, 0]}
02-24 20:47:25.065 17297 17297 I Module  : DeviceLockedStatusModuleProvider$Module.updateDeviceLockedStatus():103 repeatCheckTimes = 1, locked = false
02-24 20:47:25.069 17297 17297 I StylusModule: StylusModule.onUpdateToolType():774 Update tool type = 1
02-24 20:47:25.072 17297 17297 I GoogleInputMethodService: GoogleInputMethodService.onStartInputView():1472 onStartInputView(EditorInfo{EditorInfo{packageName=com.chizze.app, inputType=2, inputTypeString=Number, enableLearning=false, autoCorrection=false, autoComplete=false, imeOptions=2000006, privateImeOptions=null, actionName=DONE, actionLabel=null, initialSelStart=0, initialSelEnd=0, initialCapsMode=0, label=null, fieldId=1, fieldName=null, extras=Bundle[{androidx.core.view.inputmethod.EditorInfoCompat.STYLUS_HANDWRITING_ENABLED=true}], hintText=null, hintLocales=[]}}, false)
02-24 20:47:25.073 17297 17297 I KeyboardHeightUtil: KeyboardHeightUtil.getOemKeyboardHeightRatio():81 systemKeyboardHeightRatio:1.000000.
02-24 20:47:25.076 17297 17976 W ModuleManager: ModuleManager.loadModule():578 Module pdt is not available
02-24 20:47:25.084 17297 17297 I AndroidIME: InputBundleManager.loadActiveInputBundleId():531 loadActiveInputBundleId: und-Latn-x-number, number
02-24 20:47:25.085 17297 17297 I KeyboardWrapper: KeyboardWrapper.activateKeyboard():582 activateKeyboard(): type=prime, status=INACTIVE, imeDef=nkh{stringId=number, language=und-Latn-x-number, languageTag=und-Latn-x-number, processedConditions={}, className=com.google.android.libraries.inputmethod.ime.DummyIme, label=2132019268, keyEventInterpreter=null, inlineComposing=true, autoCapital=false, announceAutoSelectedCandidate=false, statusIcon=0, indicatorIcon=0, indicatorLabel=null, displayAppCompletions=false, extraValues=nka{}, processors=nlz@d5df8bc, unacceptableMetaKeys=4098, languageSpecificSettings=0, asciiCapable=false, alwaysShowSuggestions=false, useAsciiPasswordKeyboard=false, keyboardGroupDef=nli@600339a, phenotypeFlagId=0, localizationLanguageTag=null, supportsInlineSuggestion=false}
02-24 20:47:25.085 17297 17297 I KeyboardManager: KeyboardManager.requestKeyboard():249 Creating keyboard prime, imeId=number, cacheKey=theme,!gsf,!pgsans,!pgsf,!use_system_font,BORDER,FLAVOR_DPI=XXHDPI,KEYBOARD_WIDTH_CATEGORY=NORMAL,KEY_BORDER_SHAPE=1,LIGHT_THEME=false,PHYSICAL_DIAGONAL=5.748144,POPUP,SCREEN_SHORTEST_WIDTH=393,SCREEN_SHORTEST_WIDTH_NO_SCALE=393,XXHDPI,bottom4dp,enable_popup_on_keypress=true,keyboard_redesign_google_sans=true,non_linear_scale,noshadow,overlay_builtin_dynamic_color_dark_base.binarypb:gm3-dark-ff121318-ffb7caff-03739404f1189b28aed05fb048a8b8af,silkpopup
02-24 20:47:25.086 17297 17297 I KeyboardWrapper: KeyboardWrapper.onKeyboardReady():224 onKeyboardReady(): type=prime(prime), kb=com.google.android.apps.inputmethod.latin.keyboard.LatinNumberKeyboard@3c847de
02-24 20:47:25.086 17297 17297 I KeyboardWrapper: KeyboardWrapper.doActivateKeyboard():612 doActivateKeyboard(): prime
02-24 20:47:25.096 17297 17297 I KeyboardViewHelper: KeyboardViewHelper.getView():180 Get view with height ratio:1.000000
02-24 20:47:25.113 17297 17297 I BaseKeyboardSizeHelper: BaseKeyboardSizeHelper.calculateMaxKeyboardBodyHeight():73 leave 267 height for app when ime window height:2155, header height:121 and isFullscreenMode:false, so the max keyboard body height is:1767
02-24 20:47:25.113 17297 17297 I GlobeKeyExtension: GlobeKeyExtension.getKeyboardInitialStates():175 
02-24 20:47:25.114 17297 17297 W Keyboard: Keyboard.getKeyboardViewHelper():604 null helper is returned: keyboardDef=nlc{processedConditions={language=en-US, deprecate_long_press_space_for_ime_picker=false, show_suggestion_strip=true, device=phone, expressions=normal, layout_9key_split=false}, globalConditions={global_theme_key=theme,!gsf,!pgsans,!pgsf,!use_system_font,BORDER,FLAVOR_DPI=XXHDPI,KEYBOARD_WIDTH_CATEGORY=NORMAL,KEY_BORDER_SHAPE=1,LIGHT_THEME=false,PHYSICAL_DIAGONAL=5.748144,POPUP,SCREEN_SHORTEST_WIDTH=393,SCREEN_SHORTEST_WIDTH_NO_SCALE=393,XXHDPI,bottom4dp,enable_popup_on_keypress=true,keyboard_redesign_google_sans=true,non_linear_scale,noshadow,overlay_builtin_dynamic_color_dark_base.binarypb:gm3-dark-ff121318-ffb7caff-03739404f1189b28aed05fb048a8b8af,silkpopup, global_locale=en_US, global_density_dpi=440, global_orientation=1}, className=.latin.keyboard.LatinNumberKeyboard, resourceIds=[#0x7f170869], initialStates=0, keyboardViewDefs=[nlq{direction=LOCALE, id=#0x7f0b0225, isScalable=false, layoutId=#0x7f0e0516, type=HEADER, touchable=true, defaultShow=true}, nlq{direction=null, id=#0x7f0b0225, isScalable=true, layoutId=#0x7f0e056e, type=BODY, touchable=true, defaultShow=true}], persistentStates=0, persistentStatesPrefKey=null, popupBubbleLayoutId=#0x7f0e0604, recentKeyLayoutId=#0x0, recentKeyPopupLayoutId=#0x0, recentKeyType=null, rememberRecentKey=NONE, sessionStates=0}, type=FLOATING_CANDIDATES, helpersCreated={HEADER=mwp@5eba0c6, BODY=mwp@f73f887}, context.getResources().getConfiguration(): {1.0 405mcc857mnc [en_US] ldltr sw393dp w393dp h808dp 440dpi nrml long hdr widecg port night finger -keyb/v/h -nav/h winConfig={ mBounds=Rect(0, 0 - 1080, 2392) mAppBounds=Rect(0, 103 - 1080, 2326) mMaxBounds=Rect(0, 0 - 1080, 2392) mDisplayRotation=ROTATION_0 mWindowingMode=fullscreen mActivityType=undefined mAlwaysOnTop=undefined mRotation=ROTATION_0 isEmbedding:false} s.30624 fontWeightAdjustment=0 themeId=2 themeParameter=0 nightModeLevel = -1 typefaceChanged=0.0 ?spacesystem eaMode=1}
02-24 20:47:25.114 17297 17297 W Keyboard: Keyboard.getKeyboardViewHelper():604 null helper is returned: keyboardDef=nlc{processedConditions={language=en-US, deprecate_long_press_space_for_ime_picker=false, show_suggestion_strip=true, device=phone, expressions=normal, layout_9key_split=false}, globalConditions={global_theme_key=theme,!gsf,!pgsans,!pgsf,!use_system_font,BORDER,FLAVOR_DPI=XXHDPI,KEYBOARD_WIDTH_CATEGORY=NORMAL,KEY_BORDER_SHAPE=1,LIGHT_THEME=false,PHYSICAL_DIAGONAL=5.748144,POPUP,SCREEN_SHORTEST_WIDTH=393,SCREEN_SHORTEST_WIDTH_NO_SCALE=393,XXHDPI,bottom4dp,enable_popup_on_keypress=true,keyboard_redesign_google_sans=true,non_linear_scale,noshadow,overlay_builtin_dynamic_color_dark_base.binarypb:gm3-dark-ff121318-ffb7caff-03739404f1189b28aed05fb048a8b8af,silkpopup, global_locale=en_US, global_density_dpi=440, global_orientation=1}, className=.latin.keyboard.LatinNumberKeyboard, resourceIds=[#0x7f170869], initialStates=0, keyboardViewDefs=[nlq{direction=LOCALE, id=#0x7f0b0225, isScalable=false, layoutId=#0x7f0e0516, type=HEADER, touchable=true, defaultShow=true}, nlq{direction=null, id=#0x7f0b0225, isScalable=true, layoutId=#0x7f0e056e, type=BODY, touchable=true, defaultShow=true}], persistentStates=0, persistentStatesPrefKey=null, popupBubbleLayoutId=#0x7f0e0604, recentKeyLayoutId=#0x0, recentKeyPopupLayoutId=#0x0, recentKeyType=null, rememberRecentKey=NONE, sessionStates=0}, type=WIDGET, helpersCreated={HEADER=mwp@5eba0c6, BODY=mwp@f73f887}, context.getResources().getConfiguration(): {1.0 405mcc857mnc [en_US] ldltr sw393dp w393dp h808dp 440dpi nrml long hdr widecg port night finger -keyb/v/h -nav/h winConfig={ mBounds=Rect(0, 0 - 1080, 2392) mAppBounds=Rect(0, 103 - 1080, 2326) mMaxBounds=Rect(0, 0 - 1080, 2392) mDisplayRotation=ROTATION_0 mWindowingMode=fullscreen mActivityType=undefined mAlwaysOnTop=undefined mRotation=ROTATION_0 isEmbedding:false} s.30624 fontWeightAdjustment=0 themeId=2 themeParameter=0 nightModeLevel = -1 typefaceChanged=0.0 ?spacesystem eaMode=1}
02-24 20:47:25.114 17297 17297 I AndroidIME: InputBundleManager.startInput():361 startInput() with nlm[keyboardType=prime, payload=null]
02-24 20:47:25.114 17297 17297 I PkModeUpdater: PkModeUpdater.onActivate():74 onActivate false true
02-24 20:47:25.114 17297 17297 I AccessoryInputModeManager: AccessoryInputModeManager.onModeStarted():324 Accessory input mode started: null
